Archive member included to satisfy reference by file (symbol)

d:/mounriver-mounriver_studio2/mounriver_studio2/resources/app/resources/win32/components/wch/toolchain/risc-v embedded gcc/bin/../lib/gcc/riscv-none-embed/8.2.0/../../../../riscv-none-embed/lib/rv32imacxw/ilp32\libm.a(lib_a-sf_cos.o)
                              ./User/SysFlow.o (cosf)
d:/mounriver-mounriver_studio2/mounriver_studio2/resources/app/resources/win32/components/wch/toolchain/risc-v embedded gcc/bin/../lib/gcc/riscv-none-embed/8.2.0/../../../../riscv-none-embed/lib/rv32imacxw/ilp32\libm.a(lib_a-sf_sin.o)
                              ./User/SysFlow.o (sinf)
d:/mounriver-mounriver_studio2/mounriver_studio2/resources/app/resources/win32/components/wch/toolchain/risc-v embedded gcc/bin/../lib/gcc/riscv-none-embed/8.2.0/../../../../riscv-none-embed/lib/rv32imacxw/ilp32\libm.a(lib_a-w_sqrt.o)
                              ./User/main.o (sqrt)
d:/mounriver-mounriver_studio2/mounriver_studio2/resources/app/resources/win32/components/wch/toolchain/risc-v embedded gcc/bin/../lib/gcc/riscv-none-embed/8.2.0/../../../../riscv-none-embed/lib/rv32imacxw/ilp32\libm.a(lib_a-wf_atan2.o)
                              ./User/MMC5603.o (atan2f)
d:/mounriver-mounriver_studio2/mounriver_studio2/resources/app/resources/win32/components/wch/toolchain/risc-v embedded gcc/bin/../lib/gcc/riscv-none-embed/8.2.0/../../../../riscv-none-embed/lib/rv32imacxw/ilp32\libm.a(lib_a-wf_sqrt.o)
                              ./User/SysFlow.o (sqrtf)
d:/mounriver-mounriver_studio2/mounriver_studio2/resources/app/resources/win32/components/wch/toolchain/risc-v embedded gcc/bin/../lib/gcc/riscv-none-embed/8.2.0/../../../../riscv-none-embed/lib/rv32imacxw/ilp32\libm.a(lib_a-e_sqrt.o)
                              d:/mounriver-mounriver_studio2/mounriver_studio2/resources/app/resources/win32/components/wch/toolchain/risc-v embedded gcc/bin/../lib/gcc/riscv-none-embed/8.2.0/../../../../riscv-none-embed/lib/rv32imacxw/ilp32\libm.a(lib_a-w_sqrt.o) (__ieee754_sqrt)
d:/mounriver-mounriver_studio2/mounriver_studio2/resources/app/resources/win32/components/wch/toolchain/risc-v embedded gcc/bin/../lib/gcc/riscv-none-embed/8.2.0/../../../../riscv-none-embed/lib/rv32imacxw/ilp32\libm.a(lib_a-ef_atan2.o)
                              d:/mounriver-mounriver_studio2/mounriver_studio2/resources/app/resources/win32/components/wch/toolchain/risc-v embedded gcc/bin/../lib/gcc/riscv-none-embed/8.2.0/../../../../riscv-none-embed/lib/rv32imacxw/ilp32\libm.a(lib_a-wf_atan2.o) (__ieee754_atan2f)
d:/mounriver-mounriver_studio2/mounriver_studio2/resources/app/resources/win32/components/wch/toolchain/risc-v embedded gcc/bin/../lib/gcc/riscv-none-embed/8.2.0/../../../../riscv-none-embed/lib/rv32imacxw/ilp32\libm.a(lib_a-ef_rem_pio2.o)
                              d:/mounriver-mounriver_studio2/mounriver_studio2/resources/app/resources/win32/components/wch/toolchain/risc-v embedded gcc/bin/../lib/gcc/riscv-none-embed/8.2.0/../../../../riscv-none-embed/lib/rv32imacxw/ilp32\libm.a(lib_a-sf_cos.o) (__ieee754_rem_pio2f)
d:/mounriver-mounriver_studio2/mounriver_studio2/resources/app/resources/win32/components/wch/toolchain/risc-v embedded gcc/bin/../lib/gcc/riscv-none-embed/8.2.0/../../../../riscv-none-embed/lib/rv32imacxw/ilp32\libm.a(lib_a-ef_sqrt.o)
                              d:/mounriver-mounriver_studio2/mounriver_studio2/resources/app/resources/win32/components/wch/toolchain/risc-v embedded gcc/bin/../lib/gcc/riscv-none-embed/8.2.0/../../../../riscv-none-embed/lib/rv32imacxw/ilp32\libm.a(lib_a-wf_sqrt.o) (__ieee754_sqrtf)
d:/mounriver-mounriver_studio2/mounriver_studio2/resources/app/resources/win32/components/wch/toolchain/risc-v embedded gcc/bin/../lib/gcc/riscv-none-embed/8.2.0/../../../../riscv-none-embed/lib/rv32imacxw/ilp32\libm.a(lib_a-kf_cos.o)
                              d:/mounriver-mounriver_studio2/mounriver_studio2/resources/app/resources/win32/components/wch/toolchain/risc-v embedded gcc/bin/../lib/gcc/riscv-none-embed/8.2.0/../../../../riscv-none-embed/lib/rv32imacxw/ilp32\libm.a(lib_a-sf_cos.o) (__kernel_cosf)
d:/mounriver-mounriver_studio2/mounriver_studio2/resources/app/resources/win32/components/wch/toolchain/risc-v embedded gcc/bin/../lib/gcc/riscv-none-embed/8.2.0/../../../../riscv-none-embed/lib/rv32imacxw/ilp32\libm.a(lib_a-kf_rem_pio2.o)
                              d:/mounriver-mounriver_studio2/mounriver_studio2/resources/app/resources/win32/components/wch/toolchain/risc-v embedded gcc/bin/../lib/gcc/riscv-none-embed/8.2.0/../../../../riscv-none-embed/lib/rv32imacxw/ilp32\libm.a(lib_a-ef_rem_pio2.o) (__kernel_rem_pio2f)
d:/mounriver-mounriver_studio2/mounriver_studio2/resources/app/resources/win32/components/wch/toolchain/risc-v embedded gcc/bin/../lib/gcc/riscv-none-embed/8.2.0/../../../../riscv-none-embed/lib/rv32imacxw/ilp32\libm.a(lib_a-kf_sin.o)
[...]
Memory Configuration

Name             Origin             Length             Attributes
FLASH            0x0000000000000000 0x0000000000048000 xr
RAM              0x0000000020000000 0x0000000000008000 xrw
*default*        0x0000000000000000 0xffffffffffffffff

Linker script and memory map

LOAD ./User/Control.o
LOAD ./User/Fiber.o
LOAD ./User/FuzzyPID.o
LOAD ./User/GPS.o
LOAD ./User/I2C.o
LOAD ./User/JY61P.o
LOAD ./User/LinuxConnect.o
LOAD ./User/MMC5603.o
LOAD ./User/MS5837.o
LOAD ./User/PWM.o
LOAD ./User/PwrBoard.o
LOAD ./User/SPI_Flash.o
LOAD ./User/SysFlow.o
LOAD ./User/Tick.o
LOAD ./User/ch32v30x_it.o
LOAD ./User/main.o
LOAD ./User/system_ch32v30x.o
LOAD ./Startup/startup_ch32v30x_D8C.o
LOAD ./Peripheral/src/ch32v30x_adc.o
LOAD ./Peripheral/src/ch32v30x_bkp.o
LOAD ./Peripheral/src/ch32v30x_can.o
LOAD ./Peripheral/src/ch32v30x_crc.o
LOAD ./Peripheral/src/ch32v30x_dac.o
LOAD ./Peripheral/src/ch32v30x_dbgmcu.o
LOAD ./Peripheral/src/ch32v30x_dma.o
LOAD ./Peripheral/src/ch32v30x_dvp.o
LOAD ./Peripheral/src/ch32v30x_eth.o
LOAD ./Peripheral/src/ch32v30x_exti.o
LOAD ./Peripheral/src/ch32v30x_flash.o
LOAD ./Peripheral/src/ch32v30x_fsmc.o
LOAD ./Peripheral/src/ch32v30x_gpio.o
LOAD ./Peripheral/src/ch32v30x_i2c.o
LOAD ./Peripheral/src/ch32v30x_iwdg.o
LOAD ./Peripheral/src/ch32v30x_misc.o
LOAD ./Peripheral/src/ch32v30x_opa.o
LOAD ./Peripheral/src/ch32v30x_pwr.o
LOAD ./Peripheral/src/ch32v30x_rcc.o
LOAD ./Peripheral/src/ch32v30x_rng.o
LOAD ./Peripheral/src/ch32v30x_rtc.o
LOAD ./Peripheral/src/ch32v30x_sdio.o
LOAD ./Peripheral/src/ch32v30x_spi.o
LOAD ./Peripheral/src/ch32v30x_tim.o
LOAD ./Peripheral/src/ch32v30x_usart.o
LOAD ./Peripheral/src/ch32v30x_wwdg.o
LOAD ./Debug/debug.o
LOAD ./Core/core_riscv.o
LOAD d:/mounriver-mounriver_studio2/mounriver_studio2/resources/app/resources/win32/components/wch/toolchain/risc-v embedded gcc/bin/../lib/gcc/riscv-none-embed/8.2.0/../../../../riscv-none-embed/lib/rv32imacxw/ilp32\libm.a
LOAD d:/mounriver-mounriver_studio2/mounriver_studio2/resources/app/resources/win32/components/wch/toolchain/risc-v embedded gcc/bin/../lib/gcc/riscv-none-embed/8.2.0/rv32imacxw/ilp32\libgcc.a
LOAD d:/mounriver-mounriver_studio2/mounriver_studio2/resources/app/resources/win32/components/wch/toolchain/risc-v embedded gcc/bin/../lib/gcc/riscv-none-embed/8.2.0/../../../../riscv-none-embed/lib/rv32imacxw/ilp32\libg_nano.a
LOAD d:/mounriver-mounriver_studio2/mounriver_studio2/resources/app/resources/win32/components/wch/toolchain/risc-v embedded gcc/bin/../lib/gcc/riscv-none-embed/8.2.0/../../../../riscv-none-embed/lib/rv32imacxw/ilp32\libc_nano.a
LOAD d:/mounriver-mounriver_studio2/mounriver_studio2/resources/app/resources/win32/components/wch/toolchain/risc-v embedded gcc/bin/../lib/gcc/riscv-none-embed/8.2.0/rv32imacxw/ilp32\libgcc.a
START GROUP
LOAD d:/mounriver-mounriver_studio2/mounriver_studio2/resources/app/resources/win32/components/wch/toolchain/risc-v embedded gcc/bin/../lib/gcc/riscv-none-embed/8.2.0/rv32imacxw/ilp32\libgcc.a
LOAD d:/mounriver-mounriver_studio2/mounriver_studio2/resources/app/resources/win32/components/wch/toolchain/risc-v embedded gcc/bin/../lib/gcc/riscv-none-embed/8.2.0/../../../../riscv-none-embed/lib/rv32imacxw/ilp32\libc_nano.a
LOAD d:/mounriver-mounriver_studio2/mounriver_studio2/resources/app/resources/win32/components/wch/toolchain/risc-v embedded gcc/bin/../lib/gcc/riscv-none-embed/8.2.0/../../../../riscv-none-embed/lib/rv32imacxw/ilp32\libnosys.a
END GROUP
START GROUP
LOAD d:/mounriver-mounriver_studio2/mounriver_studio2/resources/app/resources/win32/components/wch/toolchain/risc-v embedded gcc/bin/../lib/gcc/riscv-none-embed/8.2.0/rv32imacxw/ilp32\libgcc.a
LOAD d:/mounriver-mounriver_studio2/mounriver_studio2/resources/app/resources/win32/components/wch/toolchain/risc-v embedded gcc/bin/../lib/gcc/riscv-none-embed/8.2.0/../../../../riscv-none-embed/lib/rv32imacxw/ilp32\libc_nano.a
LOAD d:/mounriver-mounriver_studio2/mounriver_studio2/resources/app/resources/win32/components/wch/toolchain/risc-v embedded gcc/bin/../lib/gcc/riscv-none-embed/8.2.0/../../../../riscv-none-embed/lib/rv32imacxw/ilp32\libnosys.a
END GROUP
                0x0000000000002000                __stack_size = 0x2000
                [!provide]                        PROVIDE (_stack_size = __stack_size)

.init           0x0000000000000000        0x4
                0x0000000000000000                _sinit = .
                0x0000000000000000                . = ALIGN (0x4)
 *(SORT_NONE(.init))
 .init          0x0000000000000000        0x4 ./Startup/startup_ch32v30x_D8C.o
                0x0000000000000000                _start
                0x0000000000000004                . = ALIGN (0x4)
                0x0000000000000004                _einit = .

.vector         0x0000000000000004      0x1bc
 *(.vector)
 .vector        0x0000000000000004      0x1a0 ./Startup/startup_ch32v30x_D8C.o
                0x00000000000001c0                . = ALIGN (0x40)
 *fill*         0x00000000000001a4       0x1c 

.text           0x00000000000001c0     0xf69c
                0x00000000000001c0                . = ALIGN (0x4)
 *(.text)
 .text          0x00000000000001c0       0x60 d:/mounriver-mounriver_studio2/mounriver_studio2/resources/app/resources/win32/components/wch/toolchain/risc-v embedded gcc/bin/../lib/gcc/riscv-none-embed/8.2.0/rv32imacxw/ilp32\libgcc.a(save-restore.o)
                0x00000000000001c0                __riscv_save_12
                0x00000000000001c8                __riscv_save_9
                0x00000000000001c8                __riscv_save_11
                0x00000000000001c8                __riscv_save_10
                0x00000000000001c8                __riscv_save_8
                0x00000000000001d6                __riscv_save_4
                0x00000000000001d6                __riscv_save_6
                0x00000000000001d6                __riscv_save_5
                0x00000000000001d6                __riscv_save_7
                0x00000000000001f0                __riscv_save_3
                0x00000000000001f0                __riscv_save_2
                0x00000000000001f0                __riscv_save_1
                0x00000000000001f0                __riscv_save_0
                0x00000000000001fc                __riscv_restore_12
                0x0000000000000200                __riscv_restore_11
                0x0000000000000200                __riscv_restore_9
                0x0000000000000200                __riscv_restore_10
                0x0000000000000200                __riscv_restore_8
                0x000000000000020a                __riscv_restore_5
                0x000000000000020a                __riscv_restore_7
                0x000000000000020a                __riscv_restore_6
                0x000000000000020a                __riscv_restore_4
                0x0000000000000214                __riscv_restore_3
                0x0000000000000214                __riscv_restore_0
                0x0000000000000214                __riscv_restore_2
                0x0000000000000214                __riscv_restore_1
 .text          0x0000000000000220       0xa8 d:/mounriver-mounriver_studio2/mounriver_studio2/resources/app/resources/win32/components/wch/toolchain/risc-v embedded gcc/bin/../lib/gcc/riscv-none-embed/8.2.0/../../../../riscv-none-embed/lib/rv32imacxw/ilp32\libg_nano.a(lib_a-memset.o)
                0x0000000000000220                memset
 *(.text.*)
 .text.Control_Neutral
                0x00000000000002c8       0x20 ./User/Control.o
                0x00000000000002c8                Control_Neutral
 .text.Control_Update
                0x00000000000002e8      0x4c6 ./User/Control.o
                0x00000000000002e8                Control_Update
 .text.Fiber_Init
                0x00000000000007ae       0xa6 ./User/Fiber.o
                0x00000000000007ae                Fiber_Init
 .text.UART4_IRQHandler
                0x0000000000000854       0xe4 ./User/Fiber.o
                0x0000000000000854                UART4_IRQHandler
 .text.Fiber_Process
                0x0000000000000938       0x52 ./User/Fiber.o
                0x0000000000000938                Fiber_Process
 .text.Fiber_Debug_Print
                0x000000000000098a       0x30 ./User/Fiber.o
                0x000000000000098a                Fiber_Debug_Print
 .text._membership
                0x00000000000009ba       0x96 ./User/FuzzyPID.o
 .text._defuzzify.constprop.1
                0x0000000000000a50       0x74 ./User/FuzzyPID.o
 .text.FuzzyPID_Init
                0x0000000000000ac4       0xf0 ./User/FuzzyPID.o
                0x0000000000000ac4                FuzzyPID_Init
 .text.FuzzyPID_Update
                0x0000000000000bb4      0x344 ./User/FuzzyPID.o
                0x0000000000000bb4                FuzzyPID_Update
 .text.FuzzyPID_GetStatus
                0x0000000000000ef8       0x12 ./User/FuzzyPID.o
                0x0000000000000ef8                FuzzyPID_GetStatus
 .text.USART2_IRQHandler
                0x0000000000000f0a       0x5a ./User/GPS.o
                0x0000000000000f0a                USART2_IRQHandler
 .text.GPS_Init
                0x0000000000000f64       0xca ./User/GPS.o
                0x0000000000000f64                GPS_Init
 .text.GPS_CheckNewFrame
                0x000000000000102e       0xa2 ./User/GPS.o
                0x000000000000102e                GPS_CheckNewFrame
 .text.GPS_GetCoord
                0x00000000000010d0      0x272 ./User/GPS.o
                0x00000000000010d0                GPS_GetCoord
 .text.GPS_GetTime
                0x0000000000001342      0x290 ./User/GPS.o
                0x0000000000001342                GPS_GetTime
 .text.IIC2_Init
                0x00000000000015d2       0x78 ./User/I2C.o
                0x00000000000015d2                IIC2_Init
 .text.IIC2_Recovery
                0x000000000000164a       0xda ./User/I2C.o
                0x000000000000164a                IIC2_Recovery
 .text.IIC2_Scan
                0x0000000000001724       0xe8 ./User/I2C.o
                0x0000000000001724                IIC2_Scan
 .text.IIC1_Init
                0x000000000000180c       0x76 ./User/I2C.o
                0x000000000000180c                IIC1_Init
 .text.IIC1_Recovery
                0x0000000000001882       0xd2 ./User/I2C.o
                0x0000000000001882                IIC1_Recovery
 .text.IIC1_Scan
                0x0000000000001954       0xe8 ./User/I2C.o
                0x0000000000001954                IIC1_Scan
 .text.UART8_IRQHandler
                0x0000000000001a3c      0x266 ./User/JY61P.o
                0x0000000000001a3c                UART8_IRQHandler
 .text.JY61P_Init
                0x0000000000001ca2       0xb2 ./User/JY61P.o
                0x0000000000001ca2                JY61P_Init
 .text.JY61P_Print
                0x0000000000001d54      0x378 ./User/JY61P.o
                0x0000000000001d54                JY61P_Print
 .text.ResetReceiver
                0x00000000000020cc        0xe ./User/LinuxConnect.o
 .text.FinishReceive
                0x00000000000020da       0x74 ./User/LinuxConnect.o
 .text.LinuxConnect_Init
                0x000000000000214e       0xba ./User/LinuxConnect.o
                0x000000000000214e                LinuxConnect_Init
 .text.USART3_IRQHandler
                0x0000000000002208      0x166 ./User/LinuxConnect.o
                0x0000000000002208                USART3_IRQHandler
 .text.LinuxConnect_CheckTimeout
                0x000000000000236e       0x26 ./User/LinuxConnect.o
                0x000000000000236e                LinuxConnect_CheckTimeout
 .text.LinuxConnect_GetTaskPacket
                0x0000000000002394       0x94 ./User/LinuxConnect.o
                0x0000000000002394                LinuxConnect_GetTaskPacket
 .text.I2C_WaitFlagTimeout.constprop.2
                0x0000000000002428       0x4a ./User/MMC5603.o
 .text.I2C_WaitEventTimeout.constprop.3
                0x0000000000002472       0x46 ./User/MMC5603.o
 .text.MMC5603_I2C_ReadByte
                0x00000000000024b8       0xc6 ./User/MMC5603.o
 .text.MMC5603_I2C_WriteByte
                0x000000000000257e       0x7a ./User/MMC5603.o
 .text.MMC5603_Init
                0x00000000000025f8       0x68 ./User/MMC5603.o
                0x00000000000025f8                MMC5603_Init
 .text.MMC5603_StartMeasurement
                0x0000000000002660       0x12 ./User/MMC5603.o
                0x0000000000002660                MMC5603_StartMeasurement
 .text.MMC5603_ReadData
                0x0000000000002672      0x1b8 ./User/MMC5603.o
                0x0000000000002672                MMC5603_ReadData
 .text.Calculate_Heading_Angle
                0x000000000000282a       0xa2 ./User/MMC5603.o
                0x000000000000282a                Calculate_Heading_Angle
 .text.MMC5603_Print
                0x00000000000028cc       0x92 ./User/MMC5603.o
                0x00000000000028cc                MMC5603_Print
 .text.GetYawTrueNorth
                0x000000000000295e       0x30 ./User/MMC5603.o
                0x000000000000295e                GetYawTrueNorth
 .text.I2C_WaitFlagTimeout.constprop.5
                0x000000000000298e       0x4a ./User/MS5837.o
 .text.I2C_WaitEventTimeout.constprop.6
                0x00000000000029d8       0x46 ./User/MS5837.o
 .text.MS5837_StartTemperatureConversion.part.2
                0x0000000000002a1e       0x2e ./User/MS5837.o
 .text.MS5837_Reset
                0x0000000000002a4c       0x8e ./User/MS5837.o
                0x0000000000002a4c                MS5837_Reset
 .text.MS5837_ReadPROM
                0x0000000000002ada       0xf6 ./User/MS5837.o
                0x0000000000002ada                MS5837_ReadPROM
 .text.MS5837_CalculateCRC
                0x0000000000002bd0       0x76 ./User/MS5837.o
                0x0000000000002bd0                MS5837_CalculateCRC
 .text.MS5837_ReadCalibrationData
                0x0000000000002c46       0x7e ./User/MS5837.o
                0x0000000000002c46                MS5837_ReadCalibrationData
 .text.MS5837_StartTemperatureConversion
                0x0000000000002cc4       0x5a ./User/MS5837.o
                0x0000000000002cc4                MS5837_StartTemperatureConversion
 .text.MS5837_StartPressureConversion
                0x0000000000002d1e       0x5a ./User/MS5837.o
                0x0000000000002d1e                MS5837_StartPressureConversion
 .text.MS5837_ReadADC
                0x0000000000002d78       0xfc ./User/MS5837.o
                0x0000000000002d78                MS5837_ReadADC
 .text.MS5837_CalculateTemperature
                0x0000000000002e74       0x7c ./User/MS5837.o
                0x0000000000002e74                MS5837_CalculateTemperature
 .text.MS5837_CalculatePressure
                0x0000000000002ef0      0x162 ./User/MS5837.o
                0x0000000000002ef0                MS5837_CalculatePressure
 .text.MS5837_CalculateDepth
                0x0000000000003052       0x34 ./User/MS5837.o
                0x0000000000003052                MS5837_CalculateDepth
 .text.MS5837_Init
                0x0000000000003086       0x6e ./User/MS5837.o
                0x0000000000003086                MS5837_Init
 .text.MS5837_Print
                0x00000000000030f4       0x80 ./User/MS5837.o
                0x00000000000030f4                MS5837_Print
 .text.Get_Depth_Float_Meter
                0x0000000000003174       0x20 ./User/MS5837.o
                0x0000000000003174                Get_Depth_Float_Meter
 .text.PWM_TIM_Init
                0x0000000000003194       0xda ./User/PWM.o
 .text.PWM_SetDuty_us
                0x000000000000326e       0x86 ./User/PWM.o
                0x000000000000326e                PWM_SetDuty_us
 .text.PWM_Init
                0x00000000000032f4       0x7c ./User/PWM.o
                0x00000000000032f4                PWM_Init
 .text.Pwr_Conn_Init
                0x0000000000003370       0xa8 ./User/PwrBoard.o
                0x0000000000003370                Pwr_Conn_Init
 .text.UART5_IRQHandler
                0x0000000000003418      0x1ba ./User/PwrBoard.o
                0x0000000000003418                UART5_IRQHandler
 .text.W25Q512_CS_Ctrl.part.0
                0x00000000000035d2       0x16 ./User/SPI_Flash.o
 .text.SPI2_ReadWriteByte
                0x00000000000035e8       0x44 ./User/SPI_Flash.o
                0x00000000000035e8                SPI2_ReadWriteByte
 .text.W25Q512_CS_Ctrl
                0x000000000000362c       0x1e ./User/SPI_Flash.o
                0x000000000000362c                W25Q512_CS_Ctrl
 .text.SPI2_Init
                0x000000000000364a       0xb0 ./User/SPI_Flash.o
                0x000000000000364a                SPI2_Init
 .text.W25Q512_ReadJEDEC_ID
                0x00000000000036fa       0x7c ./User/SPI_Flash.o
                0x00000000000036fa                W25Q512_ReadJEDEC_ID
 .text.CalcDistance
                0x0000000000003776       0xd2 ./User/SysFlow.o
                0x0000000000003776                CalcDistance
 .text.CalcBearing
                0x0000000000003848       0xb0 ./User/SysFlow.o
                0x0000000000003848                CalcBearing
 .text.Nav_Task_Update
                0x00000000000038f8      0x212 ./User/SysFlow.o
                0x00000000000038f8                Nav_Task_Update
 .text.MoveToStartPoint
                0x0000000000003b0a       0x6e ./User/SysFlow.o
                0x0000000000003b0a                MoveToStartPoint
 .text.IsDivingReady
                0x0000000000003b78      0x17e ./User/SysFlow.o
                0x0000000000003b78                IsDivingReady
 .text.IsDepthReady
                0x0000000000003cf6      0x262 ./User/SysFlow.o
                0x0000000000003cf6                IsDepthReady
 .text.Tick_Init
                0x0000000000003f58       0x54 ./User/Tick.o
                0x0000000000003f58                Tick_Init
 .text.TIM6_IRQHandler
                0x0000000000003fac       0x80 ./User/Tick.o
                0x0000000000003fac                TIM6_IRQHandler
 .text.NMI_Handler
                0x000000000000402c        0x2 ./User/ch32v30x_it.o
                0x000000000000402c                NMI_Handler
 .text.HardFault_Handler
                0x000000000000402e       0x10 ./User/ch32v30x_it.o
                0x000000000000402e                HardFault_Handler
 .text.Thrust_Mixing
                0x000000000000403e      0x136 ./User/main.o
                0x000000000000403e                Thrust_Mixing
 .text.ROV_ControlSystem_Init
                0x0000000000004174       0xc6 ./User/main.o
                0x0000000000004174                ROV_ControlSystem_Init
 .text.ROV_Control_Cycle
                0x000000000000423a       0xf4 ./User/main.o
                0x000000000000423a                ROV_Control_Cycle
 .text.Essentials
                0x000000000000432e       0x36 ./User/main.o
                0x000000000000432e                Essentials
 .text.IWDG_Init
                0x0000000000004364       0x28 ./User/main.o
                0x0000000000004364                IWDG_Init
 .text.startup.main
                0x000000000000438c      0x5bc ./User/main.o
                0x000000000000438c                main
 .text.SystemInit
                0x0000000000004948       0xf8 ./User/system_ch32v30x.o
                0x0000000000004948                SystemInit
 .text.SystemCoreClockUpdate
                0x0000000000004a40      0x12a ./User/system_ch32v30x.o
                0x0000000000004a40                SystemCoreClockUpdate
 .text.vector_handler
                0x0000000000004b6a        0x2 ./Startup/startup_ch32v30x_D8C.o
                0x0000000000004b6a                EXTI2_IRQHandler
                0x0000000000004b6a                TIM8_TRG_COM_IRQHandler
                0x0000000000004b6a                TIM8_CC_IRQHandler
                0x0000000000004b6a                TIM1_CC_IRQHandler
                0x0000000000004b6a                SysTick_Handler
                0x0000000000004b6a                PVD_IRQHandler
                0x0000000000004b6a                SDIO_IRQHandler
                0x0000000000004b6a                TIM9_BRK_IRQHandler
                0x0000000000004b6a                DMA2_Channel8_IRQHandler
                0x0000000000004b6a                CAN2_RX1_IRQHandler
                0x0000000000004b6a                EXTI3_IRQHandler
                0x0000000000004b6a                USBHS_IRQHandler
                0x0000000000004b6a                DMA2_Channel9_IRQHandler
                0x0000000000004b6a                TIM10_CC_IRQHandler
                0x0000000000004b6a                USBFS_IRQHandler
                0x0000000000004b6a                EXTI0_IRQHandler
                0x0000000000004b6a                I2C2_EV_IRQHandler
                0x0000000000004b6a                TIM10_TRG_COM_IRQHandler
                0x0000000000004b6a                CAN2_SCE_IRQHandler
                0x0000000000004b6a                ADC1_2_IRQHandler
                0x0000000000004b6a                Break_Point_Handler
                0x0000000000004b6a                SPI1_IRQHandler
                0x0000000000004b6a                TAMPER_IRQHandler
                0x0000000000004b6a                CAN2_RX0_IRQHandler
                0x0000000000004b6a                TIM8_UP_IRQHandler
                0x0000000000004b6a                Ecall_M_Mode_Handler
                0x0000000000004b6a                DMA2_Channel2_IRQHandler
                0x0000000000004b6a                DMA1_Channel4_IRQHandler
                0x0000000000004b6a                TIM9_UP_IRQHandler
                0x0000000000004b6a                RTC_IRQHandler
                0x0000000000004b6a                DMA1_Channel7_IRQHandler
                0x0000000000004b6a                CAN1_RX1_IRQHandler
                0x0000000000004b6a                DVP_IRQHandler
                0x0000000000004b6a                TIM4_IRQHandler
                0x0000000000004b6a                DMA2_Channel1_IRQHandler
                0x0000000000004b6a                I2C1_EV_IRQHandler
                0x0000000000004b6a                DMA1_Channel6_IRQHandler
                0x0000000000004b6a                DMA2_Channel4_IRQHandler
                0x0000000000004b6a                TIM3_IRQHandler
                0x0000000000004b6a                RCC_IRQHandler
                0x0000000000004b6a                TIM1_TRG_COM_IRQHandler
                0x0000000000004b6a                DMA1_Channel1_IRQHandler
                0x0000000000004b6a                DMA2_Channel7_IRQHandler
                0x0000000000004b6a                EXTI15_10_IRQHandler
                0x0000000000004b6a                TIM7_IRQHandler
                0x0000000000004b6a                CAN2_TX_IRQHandler
                0x0000000000004b6a                TIM5_IRQHandler
                0x0000000000004b6a                EXTI9_5_IRQHandler
                0x0000000000004b6a                ETH_WKUP_IRQHandler
                0x0000000000004b6a                SPI2_IRQHandler
                0x0000000000004b6a                TIM10_BRK_IRQHandler
                0x0000000000004b6a                TIM9_CC_IRQHandler
                0x0000000000004b6a                DMA2_Channel5_IRQHandler
                0x0000000000004b6a                DMA1_Channel5_IRQHandler
                0x0000000000004b6a                EXTI4_IRQHandler
                0x0000000000004b6a                USB_LP_CAN1_RX0_IRQHandler
                0x0000000000004b6a                RNG_IRQHandler
                0x0000000000004b6a                USB_HP_CAN1_TX_IRQHandler
                0x0000000000004b6a                DMA1_Channel3_IRQHandler
                0x0000000000004b6a                ETH_IRQHandler
                0x0000000000004b6a                TIM1_UP_IRQHandler
                0x0000000000004b6a                WWDG_IRQHandler
                0x0000000000004b6a                USBHSWakeup_IRQHandler
                0x0000000000004b6a                DMA2_Channel11_IRQHandler
                0x0000000000004b6a                Ecall_U_Mode_Handler
                0x0000000000004b6a                DMA2_Channel6_IRQHandler
                0x0000000000004b6a                TIM2_IRQHandler
                0x0000000000004b6a                SW_Handler
                0x0000000000004b6a                TIM1_BRK_IRQHandler
                0x0000000000004b6a                DMA2_Channel10_IRQHandler
                0x0000000000004b6a                EXTI1_IRQHandler
                0x0000000000004b6a                RTCAlarm_IRQHandler
                0x0000000000004b6a                TIM10_UP_IRQHandler
                0x0000000000004b6a                TIM9_TRG_COM_IRQHandler
                0x0000000000004b6a                UART7_IRQHandler
                0x0000000000004b6a                UART6_IRQHandler
                0x0000000000004b6a                I2C2_ER_IRQHandler
                0x0000000000004b6a                DMA1_Channel2_IRQHandler
                0x0000000000004b6a                TIM8_BRK_IRQHandler
                0x0000000000004b6a                CAN1_SCE_IRQHandler
                0x0000000000004b6a                FLASH_IRQHandler
                0x0000000000004b6a                USART1_IRQHandler
                0x0000000000004b6a                SPI3_IRQHandler
                0x0000000000004b6a                I2C1_ER_IRQHandler
                0x0000000000004b6a                USBWakeUp_IRQHandler
                0x0000000000004b6a                DMA2_Channel3_IRQHandler
 .text.handle_reset
                0x0000000000004b6c       0x8e ./Startup/startup_ch32v30x_D8C.o
                0x0000000000004b6c                handle_reset
 .text.GPIO_Init
                0x0000000000004bfa       0xc0 ./Peripheral/src/ch32v30x_gpio.o
                0x0000000000004bfa                GPIO_Init
 .text.GPIO_ReadInputDataBit
                0x0000000000004cba        0xa ./Peripheral/src/ch32v30x_gpio.o
                0x0000000000004cba                GPIO_ReadInputDataBit
 .text.GPIO_SetBits
                0x0000000000004cc4        0x4 ./Peripheral/src/ch32v30x_gpio.o
                0x0000000000004cc4                GPIO_SetBits
 .text.GPIO_ResetBits
                0x0000000000004cc8        0x4 ./Peripheral/src/ch32v30x_gpio.o
                0x0000000000004cc8                GPIO_ResetBits
 .text.GPIO_PinRemapConfig
                0x0000000000004ccc       0xd6 ./Peripheral/src/ch32v30x_gpio.o
                0x0000000000004ccc                GPIO_PinRemapConfig
 .text.I2C_DeInit
                0x0000000000004da2       0x32 ./Peripheral/src/ch32v30x_i2c.o
                0x0000000000004da2                I2C_DeInit
 .text.I2C_Init
                0x0000000000004dd4       0xfe ./Peripheral/src/ch32v30x_i2c.o
                0x0000000000004dd4                I2C_Init
 .text.I2C_Cmd  0x0000000000004ed2       0x18 ./Peripheral/src/ch32v30x_i2c.o
                0x0000000000004ed2                I2C_Cmd
 .text.I2C_GenerateSTART
                0x0000000000004eea       0x1a ./Peripheral/src/ch32v30x_i2c.o
                0x0000000000004eea                I2C_GenerateSTART
 .text.I2C_GenerateSTOP
                0x0000000000004f04       0x1a ./Peripheral/src/ch32v30x_i2c.o
                0x0000000000004f04                I2C_GenerateSTOP
 .text.I2C_AcknowledgeConfig
                0x0000000000004f1e       0x1a ./Peripheral/src/ch32v30x_i2c.o
                0x0000000000004f1e                I2C_AcknowledgeConfig
 .text.I2C_SendData
                0x0000000000004f38        0x4 ./Peripheral/src/ch32v30x_i2c.o
                0x0000000000004f38                I2C_SendData
 .text.I2C_ReceiveData
                0x0000000000004f3c        0x8 ./Peripheral/src/ch32v30x_i2c.o
                0x0000000000004f3c                I2C_ReceiveData
 .text.I2C_Send7bitAddress
                0x0000000000004f44       0x12 ./Peripheral/src/ch32v30x_i2c.o
                0x0000000000004f44                I2C_Send7bitAddress
 .text.I2C_CheckEvent
                0x0000000000004f56       0x16 ./Peripheral/src/ch32v30x_i2c.o
                0x0000000000004f56                I2C_CheckEvent
 .text.I2C_GetFlagStatus
                0x0000000000004f6c       0x32 ./Peripheral/src/ch32v30x_i2c.o
                0x0000000000004f6c                I2C_GetFlagStatus
 .text.I2C_ClearFlag
                0x0000000000004f9e        0xc ./Peripheral/src/ch32v30x_i2c.o
                0x0000000000004f9e                I2C_ClearFlag
 .text.IWDG_WriteAccessCmd
                0x0000000000004faa        0x8 ./Peripheral/src/ch32v30x_iwdg.o
                0x0000000000004faa                IWDG_WriteAccessCmd
 .text.IWDG_SetPrescaler
                0x0000000000004fb2        0x8 ./Peripheral/src/ch32v30x_iwdg.o
                0x0000000000004fb2                IWDG_SetPrescaler
 .text.IWDG_SetReload
                0x0000000000004fba        0x8 ./Peripheral/src/ch32v30x_iwdg.o
                0x0000000000004fba                IWDG_SetReload
 .text.IWDG_ReloadCounter
                0x0000000000004fc2        0xe ./Peripheral/src/ch32v30x_iwdg.o
                0x0000000000004fc2                IWDG_ReloadCounter
 .text.IWDG_Enable
                0x0000000000004fd0       0x18 ./Peripheral/src/ch32v30x_iwdg.o
                0x0000000000004fd0                IWDG_Enable
 .text.NVIC_PriorityGroupConfig
                0x0000000000004fe8        0x6 ./Peripheral/src/ch32v30x_misc.o
                0x0000000000004fe8                NVIC_PriorityGroupConfig
 .text.NVIC_Init
                0x0000000000004fee       0x5c ./Peripheral/src/ch32v30x_misc.o
                0x0000000000004fee                NVIC_Init
 .text.RCC_GetClocksFreq
                0x000000000000504a      0x176 ./Peripheral/src/ch32v30x_rcc.o
                0x000000000000504a                RCC_GetClocksFreq
 .text.RCC_APB2PeriphClockCmd
                0x00000000000051c0       0x1e ./Peripheral/src/ch32v30x_rcc.o
                0x00000000000051c0                RCC_APB2PeriphClockCmd
 .text.RCC_APB1PeriphClockCmd
                0x00000000000051de       0x1e ./Peripheral/src/ch32v30x_rcc.o
                0x00000000000051de                RCC_APB1PeriphClockCmd
 .text.RCC_APB1PeriphResetCmd
                0x00000000000051fc       0x1e ./Peripheral/src/ch32v30x_rcc.o
                0x00000000000051fc                RCC_APB1PeriphResetCmd
 .text.SPI_Init
                0x000000000000521a       0x3e ./Peripheral/src/ch32v30x_spi.o
                0x000000000000521a                SPI_Init
 .text.SPI_Cmd  0x0000000000005258       0x1a ./Peripheral/src/ch32v30x_spi.o
                0x0000000000005258                SPI_Cmd
 .text.SPI_I2S_SendData
                0x0000000000005272        0x4 ./Peripheral/src/ch32v30x_spi.o
                0x0000000000005272                SPI_I2S_SendData
 .text.SPI_I2S_ReceiveData
                0x0000000000005276        0x4 ./Peripheral/src/ch32v30x_spi.o
                0x0000000000005276                SPI_I2S_ReceiveData
 .text.SPI_I2S_GetFlagStatus
                0x000000000000527a        0xa ./Peripheral/src/ch32v30x_spi.o
                0x000000000000527a                SPI_I2S_GetFlagStatus
 .text.TIM_TimeBaseInit
                0x0000000000005284       0xaa ./Peripheral/src/ch32v30x_tim.o
                0x0000000000005284                TIM_TimeBaseInit
 .text.TIM_OC1Init
                0x000000000000532e       0x82 ./Peripheral/src/ch32v30x_tim.o
                0x000000000000532e                TIM_OC1Init
 .text.TIM_OC2Init
                0x00000000000053b0       0xae ./Peripheral/src/ch32v30x_tim.o
                0x00000000000053b0                TIM_OC2Init
 .text.TIM_OC3Init
                0x000000000000545e       0xac ./Peripheral/src/ch32v30x_tim.o
                0x000000000000545e                TIM_OC3Init
 .text.TIM_OC4Init
                0x000000000000550a       0x88 ./Peripheral/src/ch32v30x_tim.o
                0x000000000000550a                TIM_OC4Init
 .text.TIM_Cmd  0x0000000000005592       0x18 ./Peripheral/src/ch32v30x_tim.o
                0x0000000000005592                TIM_Cmd
 .text.TIM_CtrlPWMOutputs
                0x00000000000055aa       0x16 ./Peripheral/src/ch32v30x_tim.o
                0x00000000000055aa                TIM_CtrlPWMOutputs
 .text.TIM_ITConfig
                0x00000000000055c0       0x12 ./Peripheral/src/ch32v30x_tim.o
                0x00000000000055c0                TIM_ITConfig
 .text.TIM_OC1PreloadConfig
                0x00000000000055d2        0xe ./Peripheral/src/ch32v30x_tim.o
                0x00000000000055d2                TIM_OC1PreloadConfig
 .text.TIM_OC2PreloadConfig
                0x00000000000055e0       0x16 ./Peripheral/src/ch32v30x_tim.o
                0x00000000000055e0                TIM_OC2PreloadConfig
 .text.TIM_OC3PreloadConfig
                0x00000000000055f6        0xe ./Peripheral/src/ch32v30x_tim.o
                0x00000000000055f6                TIM_OC3PreloadConfig
 .text.TIM_OC4PreloadConfig
                0x0000000000005604       0x16 ./Peripheral/src/ch32v30x_tim.o
                0x0000000000005604                TIM_OC4PreloadConfig
 .text.TIM_GetITStatus
                0x000000000000561a       0x18 ./Peripheral/src/ch32v30x_tim.o
                0x000000000000561a                TIM_GetITStatus
 .text.TIM_ClearITPendingBit
                0x0000000000005632        0xc ./Peripheral/src/ch32v30x_tim.o
                0x0000000000005632                TIM_ClearITPendingBit
 .text.USART_Init
                0x000000000000563e       0x90 ./Peripheral/src/ch32v30x_usart.o
                0x000000000000563e                USART_Init
 .text.USART_Cmd
                0x00000000000056ce       0x16 ./Peripheral/src/ch32v30x_usart.o
                0x00000000000056ce                USART_Cmd
 .text.USART_ITConfig
                0x00000000000056e4       0x36 ./Peripheral/src/ch32v30x_usart.o
                0x00000000000056e4                USART_ITConfig
 .text.USART_SendData
                0x000000000000571a        0x8 ./Peripheral/src/ch32v30x_usart.o
                0x000000000000571a                USART_SendData
 .text.USART_ReceiveData
                0x0000000000005722        0x8 ./Peripheral/src/ch32v30x_usart.o
                0x0000000000005722                USART_ReceiveData
 .text.USART_GetFlagStatus
                0x000000000000572a        0xa ./Peripheral/src/ch32v30x_usart.o
                0x000000000000572a                USART_GetFlagStatus
 .text.USART_GetITStatus
                0x0000000000005734       0x3c ./Peripheral/src/ch32v30x_usart.o
                0x0000000000005734                USART_GetITStatus
 .text.USART_ClearITPendingBit
                0x0000000000005770       0x14 ./Peripheral/src/ch32v30x_usart.o
                0x0000000000005770                USART_ClearITPendingBit
 .text.Delay_Init
                0x0000000000005784       0x2a ./Debug/debug.o
                0x0000000000005784                Delay_Init
 .text.Delay_Us
                0x00000000000057ae       0x36 ./Debug/debug.o
                0x00000000000057ae                Delay_Us
 .text.Delay_Ms
                0x00000000000057e4       0x36 ./Debug/debug.o
                0x00000000000057e4                Delay_Ms
 .text.USART_Printf_Init
                0x000000000000581a       0x5a ./Debug/debug.o
                0x000000000000581a                USART_Printf_Init
 .text._write   0x0000000000005874       0x3e ./Debug/debug.o
                0x0000000000005874                _write
 .text._sbrk    0x00000000000058b2       0x2a ./Debug/debug.o
                0x00000000000058b2                _sbrk
 .text.cosf     0x00000000000058dc       0x82 d:/mounriver-mounriver_studio2/mounriver_studio2/resources/app/resources/win32/components/wch/toolchain/risc-v embedded gcc/bin/../lib/gcc/riscv-none-embed/8.2.0/../../../../riscv-none-embed/lib/rv32imacxw/ilp32\libm.a(lib_a-sf_cos.o)
                0x00000000000058dc                cosf
 .text.sinf     0x000000000000595e       0x84 d:/mounriver-mounriver_studio2/mounriver_studio2/resources/app/resources/win32/components/wch/toolchain/risc-v embedded gcc/bin/../lib/gcc/riscv-none-embed/8.2.0/../../../../riscv-none-embed/lib/rv32imacxw/ilp32\libm.a(lib_a-sf_sin.o)
                0x000000000000595e                sinf
 .text.sqrt     0x00000000000059e2       0xb8 d:/mounriver-mounriver_studio2/mounriver_studio2/resources/app/resources/win32/components/wch/toolchain/risc-v embedded gcc/bin/../lib/gcc/riscv-none-embed/8.2.0/../../../../riscv-none-embed/lib/rv32imacxw/ilp32\libm.a(lib_a-w_sqrt.o)
                0x00000000000059e2                sqrt
 .text.atan2f   0x0000000000005a9a        0x2 d:/mounriver-mounriver_studio2/mounriver_studio2/resources/app/resources/win32/components/wch/toolchain/risc-v embedded gcc/bin/../lib/gcc/riscv-none-embed/8.2.0/../../../../riscv-none-embed/lib/rv32imacxw/ilp32\libm.a(lib_a-wf_atan2.o)
                0x0000000000005a9a                atan2f
 .text.sqrtf    0x0000000000005a9c       0xba d:/mounriver-mounriver_studio2/mounriver_studio2/resources/app/resources/win32/components/wch/toolchain/risc-v embedded gcc/bin/../lib/gcc/riscv-none-embed/8.2.0/../../../../riscv-none-embed/lib/rv32imacxw/ilp32\libm.a(lib_a-wf_sqrt.o)
                0x0000000000005a9c                sqrtf
 .text.__ieee754_sqrt
                0x0000000000005b56      0x1d6 d:/mounriver-mounriver_studio2/mounriver_studio2/resources/app/resources/win32/components/wch/toolchain/risc-v embedded gcc/bin/../lib/gcc/riscv-none-embed/8.2.0/../../../../riscv-none-embed/lib/rv32imacxw/ilp32\libm.a(lib_a-e_sqrt.o)
                0x0000000000005b56                __ieee754_sqrt
 .text.__ieee754_atan2f
                0x0000000000005d2c      0x198 d:/mounriver-mounriver_studio2/mounriver_studio2/resources/app/resources/win32/components/wch/toolchain/risc-v embedded gcc/bin/../lib/gcc/riscv-none-embed/8.2.0/../../../../riscv-none-embed/lib/rv32imacxw/ilp32\libm.a(lib_a-ef_atan2.o)
                0x0000000000005d2c                __ieee754_atan2f
 .text.__ieee754_rem_pio2f
                0x0000000000005ec4      0x354 d:/mounriver-mounriver_studio2/mounriver_studio2/resources/app/resources/win32/components/wch/toolchain/risc-v embedded gcc/bin/../lib/gcc/riscv-none-embed/8.2.0/../../../../riscv-none-embed/lib/rv32imacxw/ilp32\libm.a(lib_a-ef_rem_pio2.o)
                0x0000000000005ec4                __ieee754_rem_pio2f
 .text.__ieee754_sqrtf
                0x0000000000006218       0xdc d:/mounriver-mounriver_studio2/mounriver_studio2/resources/app/resources/win32/components/wch/toolchain/risc-v embedded gcc/bin/../lib/gcc/riscv-none-embed/8.2.0/../../../../riscv-none-embed/lib/rv32imacxw/ilp32\libm.a(lib_a-ef_sqrt.o)
                0x0000000000006218                __ieee754_sqrtf
 .text.__kernel_cosf
                0x00000000000062f4      0x20e d:/mounriver-mounriver_studio2/mounriver_studio2/resources/app/resources/win32/components/wch/toolchain/risc-v embedded gcc/bin/../lib/gcc/riscv-none-embed/8.2.0/../../../../riscv-none-embed/lib/rv32imacxw/ilp32\libm.a(lib_a-kf_cos.o)
                0x00000000000062f4                __kernel_cosf
 .text.__kernel_rem_pio2f
                0x0000000000006502      0x7e4 d:/mounriver-mounriver_studio2/mounriver_studio2/resources/app/resources/win32/components/wch/toolchain/risc-v embedded gcc/bin/../lib/gcc/riscv-none-embed/8.2.0/../../../../riscv-none-embed/lib/rv32imacxw/ilp32\libm.a(lib_a-kf_rem_pio2.o)
                0x0000000000006502                __kernel_rem_pio2f
 .text.__kernel_sinf
                0x0000000000006ce6      0x12c d:/mounriver-mounriver_studio2/mounriver_studio2/resources/app/resources/win32/components/wch/toolchain/risc-v embedded gcc/bin/../lib/gcc/riscv-none-embed/8.2.0/../../../../riscv-none-embed/lib/rv32imacxw/ilp32\libm.a(lib_a-kf_sin.o)
                0x0000000000006ce6                __kernel_sinf
 .text.matherr  0x0000000000006e12        0x4 d:/mounriver-mounriver_studio2/mounriver_studio2/resources/app/resources/win32/components/wch/toolchain/risc-v embedded gcc/bin/../lib/gcc/riscv-none-embed/8.2.0/../../../../riscv-none-embed/lib/rv32imacxw/ilp32\libm.a(lib_a-s_matherr.o)
                0x0000000000006e12                matherr
 .text.atanf    0x0000000000006e16      0x288 d:/mounriver-mounriver_studio2/mounriver_studio2/resources/app/resources/win32/components/wch/toolchain/risc-v embedded gcc/bin/../lib/gcc/riscv-none-embed/8.2.0/../../../../riscv-none-embed/lib/rv32imacxw/ilp32\libm.a(lib_a-sf_atan.o)
                0x0000000000006e16                atanf
 .text.fabsf    0x000000000000709e        0x6 d:/mounriver-mounriver_studio2/mounriver_studio2/resources/app/resources/win32/components/wch/toolchain/risc-v embedded gcc/bin/../lib/gcc/riscv-none-embed/8.2.0/../../../../riscv-none-embed/lib/rv32imacxw/ilp32\libm.a(lib_a-sf_fabs.o)
                0x000000000000709e                fabsf
 .text.floorf   0x00000000000070a4       0xcc d:/mounriver-mounriver_studio2/mounriver_studio2/resources/app/resources/win32/components/wch/toolchain/risc-v embedded gcc/bin/../lib/gcc/riscv-none-embed/8.2.0/../../../../riscv-none-embed/lib/rv32imacxw/ilp32\libm.a(lib_a-sf_floor.o)
                0x00000000000070a4                floorf
 .text.scalbnf  0x0000000000007170       0xe0 d:/mounriver-mounriver_studio2/mounriver_studio2/resources/app/resources/win32/components/wch/toolchain/risc-v embedded gcc/bin/../lib/gcc/riscv-none-embed/8.2.0/../../../../riscv-none-embed/lib/rv32imacxw/ilp32\libm.a(lib_a-sf_scalbn.o)
                0x0000000000007170                scalbnf
 .text.copysignf
                0x0000000000007250       0x10 d:/mounriver-mounriver_studio2/mounriver_studio2/resources/app/resources/win32/components/wch/toolchain/risc-v embedded gcc/bin/../lib/gcc/riscv-none-embed/8.2.0/../../../../riscv-none-embed/lib/rv32imacxw/ilp32\libm.a(lib_a-sf_copysign.o)
                0x0000000000007250                copysignf
 .text.__adddf3
                0x0000000000007260      0x730 d:/mounriver-mounriver_studio2/mounriver_studio2/resources/app/resources/win32/components/wch/toolchain/risc-v embedded gcc/bin/../lib/gcc/riscv-none-embed/8.2.0/rv32imacxw/ilp32\libgcc.a(adddf3.o)
                0x0000000000007260                __adddf3
 .text.__divdf3
                0x0000000000007990      0x5b4 d:/mounriver-mounriver_studio2/mounriver_studio2/resources/app/resources/win32/components/wch/toolchain/risc-v embedded gcc/bin/../lib/gcc/riscv-none-embed/8.2.0/rv32imacxw/ilp32\libgcc.a(divdf3.o)
                0x0000000000007990                __divdf3
 .text.__ledf2  0x0000000000007f44       0xb6 d:/mounriver-mounriver_studio2/mounriver_studio2/resources/app/resources/win32/components/wch/toolchain/risc-v embedded gcc/bin/../lib/gcc/riscv-none-embed/8.2.0/rv32imacxw/ilp32\libgcc.a(ledf2.o)
                0x0000000000007f44                __ledf2
                0x0000000000007f44                __ltdf2
 .text.__muldf3
                0x0000000000007ffa      0x4b8 d:/mounriver-mounriver_studio2/mounriver_studio2/resources/app/resources/win32/components/wch/toolchain/risc-v embedded gcc/bin/../lib/gcc/riscv-none-embed/8.2.0/rv32imacxw/ilp32\libgcc.a(muldf3.o)
                0x0000000000007ffa                __muldf3
 .text.__subdf3
                0x00000000000084b2      0x73e d:/mounriver-mounriver_studio2/mounriver_studio2/resources/app/resources/win32/components/wch/toolchain/risc-v embedded gcc/bin/../lib/gcc/riscv-none-embed/8.2.0/rv32imacxw/ilp32\libgcc.a(subdf3.o)
                0x00000000000084b2                __subdf3
 .text.__unorddf2
                0x0000000000008bf0       0x3c d:/mounriver-mounriver_studio2/mounriver_studio2/resources/app/resources/win32/components/wch/toolchain/risc-v embedded gcc/bin/../lib/gcc/riscv-none-embed/8.2.0/rv32imacxw/ilp32\libgcc.a(unorddf2.o)
                0x0000000000008bf0                __unorddf2
 .text.__fixdfsi
                0x0000000000008c2c       0x68 d:/mounriver-mounriver_studio2/mounriver_studio2/resources/app/resources/win32/components/wch/toolchain/risc-v embedded gcc/bin/../lib/gcc/riscv-none-embed/8.2.0/rv32imacxw/ilp32\libgcc.a(fixdfsi.o)
                0x0000000000008c2c                __fixdfsi
 .text.__floatsidf
                0x0000000000008c94       0x72 d:/mounriver-mounriver_studio2/mounriver_studio2/resources/app/resources/win32/components/wch/toolchain/risc-v embedded gcc/bin/../lib/gcc/riscv-none-embed/8.2.0/rv32imacxw/ilp32\libgcc.a(floatsidf.o)
                0x0000000000008c94                __floatsidf
 .text.__addsf3
                0x0000000000008d06      0x36a d:/mounriver-mounriver_studio2/mounriver_studio2/resources/app/resources/win32/components/wch/toolchain/risc-v embedded gcc/bin/../lib/gcc/riscv-none-embed/8.2.0/rv32imacxw/ilp32\libgcc.a(addsf3.o)
                0x0000000000008d06                __addsf3
 .text.__divsf3
                0x0000000000009070      0x2b2 d:/mounriver-mounriver_studio2/mounriver_studio2/resources/app/resources/win32/components/wch/toolchain/risc-v embedded gcc/bin/../lib/gcc/riscv-none-embed/8.2.0/rv32imacxw/ilp32\libgcc.a(divsf3.o)
                0x0000000000009070                __divsf3
 .text.__eqsf2  0x0000000000009322       0x5c d:/mounriver-mounriver_studio2/mounriver_studio2/resources/app/resources/win32/components/wch/toolchain/risc-v embedded gcc/bin/../lib/gcc/riscv-none-embed/8.2.0/rv32imacxw/ilp32\libgcc.a(eqsf2.o)
                0x0000000000009322                __eqsf2
                0x0000000000009322                __nesf2
 .text.__gesf2  0x000000000000937e       0x86 d:/mounriver-mounriver_studio2/mounriver_studio2/resources/app/resources/win32/components/wch/toolchain/risc-v embedded gcc/bin/../lib/gcc/riscv-none-embed/8.2.0/rv32imacxw/ilp32\libgcc.a(gesf2.o)
                0x000000000000937e                __gesf2
                0x000000000000937e                __gtsf2
 .text.__lesf2  0x0000000000009404       0x8c d:/mounriver-mounriver_studio2/mounriver_studio2/resources/app/resources/win32/components/wch/toolchain/risc-v embedded gcc/bin/../lib/gcc/riscv-none-embed/8.2.0/rv32imacxw/ilp32\libgcc.a(lesf2.o)
                0x0000000000009404                __ltsf2
                0x0000000000009404                __lesf2
 .text.__mulsf3
                0x0000000000009490      0x294 d:/mounriver-mounriver_studio2/mounriver_studio2/resources/app/resources/win32/components/wch/toolchain/risc-v embedded gcc/bin/../lib/gcc/riscv-none-embed/8.2.0/rv32imacxw/ilp32\libgcc.a(mulsf3.o)
                0x0000000000009490                __mulsf3
 .text.__subsf3
                0x0000000000009724      0x38a d:/mounriver-mounriver_studio2/mounriver_studio2/resources/app/resources/win32/components/wch/toolchain/risc-v embedded gcc/bin/../lib/gcc/riscv-none-embed/8.2.0/rv32imacxw/ilp32\libgcc.a(subsf3.o)
                0x0000000000009724                __subsf3
 .text.__unordsf2
                0x0000000000009aae       0x3c d:/mounriver-mounriver_studio2/mounriver_studio2/resources/app/resources/win32/components/wch/toolchain/risc-v embedded gcc/bin/../lib/gcc/riscv-none-embed/8.2.0/rv32imacxw/ilp32\libgcc.a(unordsf2.o)
                0x0000000000009aae                __unordsf2
 .text.__fixsfsi
                0x0000000000009aea       0x62 d:/mounriver-mounriver_studio2/mounriver_studio2/resources/app/resources/win32/components/wch/toolchain/risc-v embedded gcc/bin/../lib/gcc/riscv-none-embed/8.2.0/rv32imacxw/ilp32\libgcc.a(fixsfsi.o)
                0x0000000000009aea                __fixsfsi
 .text.__fixunssfsi
                0x0000000000009b4c       0x56 d:/mounriver-mounriver_studio2/mounriver_studio2/resources/app/resources/win32/components/wch/toolchain/risc-v embedded gcc/bin/../lib/gcc/riscv-none-embed/8.2.0/rv32imacxw/ilp32\libgcc.a(fixunssfsi.o)
                0x0000000000009b4c                __fixunssfsi
 .text.__floatsisf
                0x0000000000009ba2       0xc6 d:/mounriver-mounriver_studio2/mounriver_studio2/resources/app/resources/win32/components/wch/toolchain/risc-v embedded gcc/bin/../lib/gcc/riscv-none-embed/8.2.0/rv32imacxw/ilp32\libgcc.a(floatsisf.o)
                0x0000000000009ba2                __floatsisf
 .text.__floatunsisf
                0x0000000000009c68       0xce d:/mounriver-mounriver_studio2/mounriver_studio2/resources/app/resources/win32/components/wch/toolchain/risc-v embedded gcc/bin/../lib/gcc/riscv-none-embed/8.2.0/rv32imacxw/ilp32\libgcc.a(floatunsisf.o)
                0x0000000000009c68                __floatunsisf
 .text.__floatdisf
                0x0000000000009d36      0x142 d:/mounriver-mounriver_studio2/mounriver_studio2/resources/app/resources/win32/components/wch/toolchain/risc-v embedded gcc/bin/../lib/gcc/riscv-none-embed/8.2.0/rv32imacxw/ilp32\libgcc.a(floatdisf.o)
                0x0000000000009d36                __floatdisf
 .text.__extendsfdf2
                0x0000000000009e78       0xac d:/mounriver-mounriver_studio2/mounriver_studio2/resources/app/resources/win32/components/wch/toolchain/risc-v embedded gcc/bin/../lib/gcc/riscv-none-embed/8.2.0/rv32imacxw/ilp32\libgcc.a(extendsfdf2.o)
                0x0000000000009e78                __extendsfdf2
 .text.__truncdfsf2
                0x0000000000009f24      0x16a d:/mounriver-mounriver_studio2/mounriver_studio2/resources/app/resources/win32/components/wch/toolchain/risc-v embedded gcc/bin/../lib/gcc/riscv-none-embed/8.2.0/rv32imacxw/ilp32\libgcc.a(truncdfsf2.o)
                0x0000000000009f24                __truncdfsf2
 .text.__clzsi2
                0x000000000000a08e       0x6e d:/mounriver-mounriver_studio2/mounriver_studio2/resources/app/resources/win32/components/wch/toolchain/risc-v embedded gcc/bin/../lib/gcc/riscv-none-embed/8.2.0/rv32imacxw/ilp32\libgcc.a(_clzsi2.o)
                0x000000000000a08e                __clzsi2
 .text.atoi     0x000000000000a0fc        0x8 d:/mounriver-mounriver_studio2/mounriver_studio2/resources/app/resources/win32/components/wch/toolchain/risc-v embedded gcc/bin/../lib/gcc/riscv-none-embed/8.2.0/../../../../riscv-none-embed/lib/rv32imacxw/ilp32\libg_nano.a(lib_a-atoi.o)
                0x000000000000a0fc                atoi
 .text.__errno  0x000000000000a104        0x8 d:/mounriver-mounriver_studio2/mounriver_studio2/resources/app/resources/win32/components/wch/toolchain/risc-v embedded gcc/bin/../lib/gcc/riscv-none-embed/8.2.0/../../../../riscv-none-embed/lib/rv32imacxw/ilp32\libg_nano.a(lib_a-errno.o)
                0x000000000000a104                __errno
 .text.memcpy   0x000000000000a10c       0xb2 d:/mounriver-mounriver_studio2/mounriver_studio2/resources/app/resources/win32/components/wch/toolchain/risc-v embedded gcc/bin/../lib/gcc/riscv-none-embed/8.2.0/../../../../riscv-none-embed/lib/rv32imacxw/ilp32\libg_nano.a(lib_a-memcpy.o)
                0x000000000000a10c                memcpy
 .text.printf   0x000000000000a1be       0x42 d:/mounriver-mounriver_studio2/mounriver_studio2/resources/app/resources/win32/components/wch/toolchain/risc-v embedded gcc/bin/../lib/gcc/riscv-none-embed/8.2.0/../../../../riscv-none-embed/lib/rv32imacxw/ilp32\libg_nano.a(lib_a-printf.o)
                0x000000000000a1be                iprintf
                0x000000000000a1be                printf
 .text.putchar  0x000000000000a200       0x2c d:/mounriver-mounriver_studio2/mounriver_studio2/resources/app/resources/win32/components/wch/toolchain/risc-v embedded gcc/bin/../lib/gcc/riscv-none-embed/8.2.0/../../../../riscv-none-embed/lib/rv32imacxw/ilp32\libg_nano.a(lib_a-putchar.o)
                0x000000000000a200                putchar
 .text._puts_r  0x000000000000a22c       0xde d:/mounriver-mounriver_studio2/mounriver_studio2/resources/app/resources/win32/components/wch/toolchain/risc-v embedded gcc/bin/../lib/gcc/riscv-none-embed/8.2.0/../../../../riscv-none-embed/lib/rv32imacxw/ilp32\libg_nano.a(lib_a-puts.o)
                0x000000000000a22c                _puts_r
 .text.puts     0x000000000000a30a        0xc d:/mounriver-mounriver_studio2/mounriver_studio2/resources/app/resources/win32/components/wch/toolchain/risc-v embedded gcc/bin/../lib/gcc/riscv-none-embed/8.2.0/../../../../riscv-none-embed/lib/rv32imacxw/ilp32\libg_nano.a(lib_a-puts.o)
                0x000000000000a30a                puts
 .text.sscanf   0x000000000000a316       0x52 d:/mounriver-mounriver_studio2/mounriver_studio2/resources/app/resources/win32/components/wch/toolchain/risc-v embedded gcc/bin/../lib/gcc/riscv-none-embed/8.2.0/../../../../riscv-none-embed/lib/rv32imacxw/ilp32\libg_nano.a(lib_a-sscanf.o)
                0x000000000000a316                siscanf
                0x000000000000a316                sscanf
 .text.__sread  0x000000000000a368       0x2e d:/mounriver-mounriver_studio2/mounriver_studio2/resources/app/resources/win32/components/wch/toolchain/risc-v embedded gcc/bin/../lib/gcc/riscv-none-embed/8.2.0/../../../../riscv-none-embed/lib/rv32imacxw/ilp32\libg_nano.a(lib_a-stdio.o)
                0x000000000000a368                __sread
 .text.__seofread
                0x000000000000a396        0x4 d:/mounriver-mounriver_studio2/mounriver_studio2/resources/app/resources/win32/components/wch/toolchain/risc-v embedded gcc/bin/../lib/gcc/riscv-none-embed/8.2.0/../../../../riscv-none-embed/lib/rv32imacxw/ilp32\libg_nano.a(lib_a-stdio.o)
                0x000000000000a396                __seofread
 .text.__swrite
                0x000000000000a39a       0x4c d:/mounriver-mounriver_studio2/mounriver_studio2/resources/app/resources/win32/components/wch/toolchain/risc-v embedded gcc/bin/../lib/gcc/riscv-none-embed/8.2.0/../../../../riscv-none-embed/lib/rv32imacxw/ilp32\libg_nano.a(lib_a-stdio.o)
                0x000000000000a39a                __swrite
 .text.__sseek  0x000000000000a3e6       0x32 d:/mounriver-mounriver_studio2/mounriver_studio2/resources/app/resources/win32/components/wch/toolchain/risc-v embedded gcc/bin/../lib/gcc/riscv-none-embed/8.2.0/../../../../riscv-none-embed/lib/rv32imacxw/ilp32\libg_nano.a(lib_a-stdio.o)
                0x000000000000a3e6                __sseek
 .text.__sclose
                0x000000000000a418        0x8 d:/mounriver-mounriver_studio2/mounriver_studio2/resources/app/resources/win32/components/wch/toolchain/risc-v embedded gcc/bin/../lib/gcc/riscv-none-embed/8.2.0/../../../../riscv-none-embed/lib/rv32imacxw/ilp32\libg_nano.a(lib_a-stdio.o)
                0x000000000000a418                __sclose
 .text.strchr   0x000000000000a420       0x18 d:/mounriver-mounriver_studio2/mounriver_studio2/resources/app/resources/win32/components/wch/toolchain/risc-v embedded gcc/bin/../lib/gcc/riscv-none-embed/8.2.0/../../../../riscv-none-embed/lib/rv32imacxw/ilp32\libg_nano.a(lib_a-strchr.o)
                0x000000000000a420                strchr
 .text.strlen   0x000000000000a438       0x12 d:/mounriver-mounriver_studio2/mounriver_studio2/resources/app/resources/win32/components/wch/toolchain/risc-v embedded gcc/bin/../lib/gcc/riscv-none-embed/8.2.0/../../../../riscv-none-embed/lib/rv32imacxw/ilp32\libg_nano.a(lib_a-strlen.o)
                0x000000000000a438                strlen
 .text.strstr   0x000000000000a44a       0x34 d:/mounriver-mounriver_studio2/mounriver_studio2/resources/app/resources/win32/components/wch/toolchain/risc-v embedded gcc/bin/../lib/gcc/riscv-none-embed/8.2.0/../../../../riscv-none-embed/lib/rv32imacxw/ilp32\libg_nano.a(lib_a-strstr.o)
                0x000000000000a44a                strstr
 .text.sulp     0x000000000000a47e       0x4e d:/mounriver-mounriver_studio2/mounriver_studio2/resources/app/resources/win32/components/wch/toolchain/risc-v embedded gcc/bin/../lib/gcc/riscv-none-embed/8.2.0/../../../../riscv-none-embed/lib/rv32imacxw/ilp32\libg_nano.a(lib_a-strtod.o)
 .text._strtod_l
                0x000000000000a4cc      0xc6c d:/mounriver-mounriver_studio2/mounriver_studio2/resources/app/resources/win32/components/wch/toolchain/risc-v embedded gcc/bin/../lib/gcc/riscv-none-embed/8.2.0/../../../../riscv-none-embed/lib/rv32imacxw/ilp32\libg_nano.a(lib_a-strtod.o)
                0x000000000000a4cc                _strtod_l
 .text.strtod   0x000000000000b138       0x1c d:/mounriver-mounriver_studio2/mounriver_studio2/resources/app/resources/win32/components/wch/toolchain/risc-v embedded gcc/bin/../lib/gcc/riscv-none-embed/8.2.0/../../../../riscv-none-embed/lib/rv32imacxw/ilp32\libg_nano.a(lib_a-strtod.o)
                0x000000000000b138                strtod
 .text._strtol_l.isra.0
                0x000000000000b154      0x13a d:/mounriver-mounriver_studio2/mounriver_studio2/resources/app/resources/win32/components/wch/toolchain/risc-v embedded gcc/bin/../lib/gcc/riscv-none-embed/8.2.0/../../../../riscv-none-embed/lib/rv32imacxw/ilp32\libg_nano.a(lib_a-strtol.o)
 .text._strtol_r
                0x000000000000b28e       0x16 d:/mounriver-mounriver_studio2/mounriver_studio2/resources/app/resources/win32/components/wch/toolchain/risc-v embedded gcc/bin/../lib/gcc/riscv-none-embed/8.2.0/../../../../riscv-none-embed/lib/rv32imacxw/ilp32\libg_nano.a(lib_a-strtol.o)
                0x000000000000b28e                _strtol_r
 .text.strtol   0x000000000000b2a4       0x1e d:/mounriver-mounriver_studio2/mounriver_studio2/resources/app/resources/win32/components/wch/toolchain/risc-v embedded gcc/bin/../lib/gcc/riscv-none-embed/8.2.0/../../../../riscv-none-embed/lib/rv32imacxw/ilp32\libg_nano.a(lib_a-strtol.o)
                0x000000000000b2a4                strtol
 .text.__swbuf_r
                0x000000000000b2c2       0xbc d:/mounriver-mounriver_studio2/mounriver_studio2/resources/app/resources/win32/components/wch/toolchain/risc-v embedded gcc/bin/../lib/gcc/riscv-none-embed/8.2.0/../../../../riscv-none-embed/lib/rv32imacxw/ilp32\libg_nano.a(lib_a-wbuf.o)
                0x000000000000b2c2                __swbuf_r
 .text._write_r
                0x000000000000b37e       0x36 d:/mounriver-mounriver_studio2/mounriver_studio2/resources/app/resources/win32/components/wch/toolchain/risc-v embedded gcc/bin/../lib/gcc/riscv-none-embed/8.2.0/../../../../riscv-none-embed/lib/rv32imacxw/ilp32\libg_nano.a(lib_a-writer.o)
                0x000000000000b37e                _write_r
 .text.__swsetup_r
                0x000000000000b3b4      0x100 d:/mounriver-mounriver_studio2/mounriver_studio2/resources/app/resources/win32/components/wch/toolchain/risc-v embedded gcc/bin/../lib/gcc/riscv-none-embed/8.2.0/../../../../riscv-none-embed/lib/rv32imacxw/ilp32\libg_nano.a(lib_a-wsetup.o)
                0x000000000000b3b4                __swsetup_r
 .text._close_r
                0x000000000000b4b4       0x32 d:/mounriver-mounriver_studio2/mounriver_studio2/resources/app/resources/win32/components/wch/toolchain/risc-v embedded gcc/bin/../lib/gcc/riscv-none-embed/8.2.0/../../../../riscv-none-embed/lib/rv32imacxw/ilp32\libg_nano.a(lib_a-closer.o)
                0x000000000000b4b4                _close_r
 .text.__sflush_r
                0x000000000000b4e6      0x132 d:/mounriver-mounriver_studio2/mounriver_studio2/resources/app/resources/win32/components/wch/toolchain/risc-v embedded gcc/bin/../lib/gcc/riscv-none-embed/8.2.0/../../../../riscv-none-embed/lib/rv32imacxw/ilp32\libg_nano.a(lib_a-fflush.o)
                0x000000000000b4e6                __sflush_r
 .text._fflush_r
                0x000000000000b618       0x66 d:/mounriver-mounriver_studio2/mounriver_studio2/resources/app/resources/win32/components/wch/toolchain/risc-v embedded gcc/bin/../lib/gcc/riscv-none-embed/8.2.0/../../../../riscv-none-embed/lib/rv32imacxw/ilp32\libg_nano.a(lib_a-fflush.o)
                0x000000000000b618                _fflush_r
 .text.std      0x000000000000b67e       0x66 d:/mounriver-mounriver_studio2/mounriver_studio2/resources/app/resources/win32/components/wch/toolchain/risc-v embedded gcc/bin/../lib/gcc/riscv-none-embed/8.2.0/../../../../riscv-none-embed/lib/rv32imacxw/ilp32\libg_nano.a(lib_a-findfp.o)
 .text._cleanup_r
                0x000000000000b6e4        0xa d:/mounriver-mounriver_studio2/mounriver_studio2/resources/app/resources/win32/components/wch/toolchain/risc-v embedded gcc/bin/../lib/gcc/riscv-none-embed/8.2.0/../../../../riscv-none-embed/lib/rv32imacxw/ilp32\libg_nano.a(lib_a-findfp.o)
                0x000000000000b6e4                _cleanup_r
 .text.__sfmoreglue
                0x000000000000b6ee       0x48 d:/mounriver-mounriver_studio2/mounriver_studio2/resources/app/resources/win32/components/wch/toolchain/risc-v embedded gcc/bin/../lib/gcc/riscv-none-embed/8.2.0/../../../../riscv-none-embed/lib/rv32imacxw/ilp32\libg_nano.a(lib_a-findfp.o)
                0x000000000000b6ee                __sfmoreglue
 .text.__sinit  0x000000000000b736       0x6c d:/mounriver-mounriver_studio2/mounriver_studio2/resources/app/resources/win32/components/wch/toolchain/risc-v embedded gcc/bin/../lib/gcc/riscv-none-embed/8.2.0/../../../../riscv-none-embed/lib/rv32imacxw/ilp32\libg_nano.a(lib_a-findfp.o)
                0x000000000000b736                __sinit
 .text.__sfp    0x000000000000b7a2       0xa0 d:/mounriver-mounriver_studio2/mounriver_studio2/resources/app/resources/win32/components/wch/toolchain/risc-v embedded gcc/bin/../lib/gcc/riscv-none-embed/8.2.0/../../../../riscv-none-embed/lib/rv32imacxw/ilp32\libg_nano.a(lib_a-findfp.o)
                0x000000000000b7a2                __sfp
 .text._fwalk_reent
                0x000000000000b842       0x6a d:/mounriver-mounriver_studio2/mounriver_studio2/resources/app/resources/win32/components/wch/toolchain/risc-v embedded gcc/bin/../lib/gcc/riscv-none-embed/8.2.0/../../../../riscv-none-embed/lib/rv32imacxw/ilp32\libg_nano.a(lib_a-fwalk.o)
                0x000000000000b842                _fwalk_reent
 .text.rshift   0x000000000000b8ac       0x76 d:/mounriver-mounriver_studio2/mounriver_studio2/resources/app/resources/win32/components/wch/toolchain/risc-v embedded gcc/bin/../lib/gcc/riscv-none-embed/8.2.0/../../../../riscv-none-embed/lib/rv32imacxw/ilp32\libg_nano.a(lib_a-gdtoa-gethex.o)
 .text.__hexdig_fun
                0x000000000000b922       0x40 d:/mounriver-mounriver_studio2/mounriver_studio2/resources/app/resources/win32/components/wch/toolchain/risc-v embedded gcc/bin/../lib/gcc/riscv-none-embed/8.2.0/../../../../riscv-none-embed/lib/rv32imacxw/ilp32\libg_nano.a(lib_a-gdtoa-gethex.o)
                0x000000000000b922                __hexdig_fun
 .text.__gethex
                0x000000000000b962      0x4cc d:/mounriver-mounriver_studio2/mounriver_studio2/resources/app/resources/win32/components/wch/toolchain/risc-v embedded gcc/bin/../lib/gcc/riscv-none-embed/8.2.0/../../../../riscv-none-embed/lib/rv32imacxw/ilp32\libg_nano.a(lib_a-gdtoa-gethex.o)
                0x000000000000b962                __gethex
 .text.L_shift  0x000000000000be2e       0x2c d:/mounriver-mounriver_studio2/mounriver_studio2/resources/app/resources/win32/components/wch/toolchain/risc-v embedded gcc/bin/../lib/gcc/riscv-none-embed/8.2.0/../../../../riscv-none-embed/lib/rv32imacxw/ilp32\libg_nano.a(lib_a-gdtoa-hexnan.o)
 .text.__match  0x000000000000be5a       0x2e d:/mounriver-mounriver_studio2/mounriver_studio2/resources/app/resources/win32/components/wch/toolchain/risc-v embedded gcc/bin/../lib/gcc/riscv-none-embed/8.2.0/../../../../riscv-none-embed/lib/rv32imacxw/ilp32\libg_nano.a(lib_a-gdtoa-hexnan.o)
                0x000000000000be5a                __match
 .text.__hexnan
                0x000000000000be88      0x15e d:/mounriver-mounriver_studio2/mounriver_studio2/resources/app/resources/win32/components/wch/toolchain/risc-v embedded gcc/bin/../lib/gcc/riscv-none-embed/8.2.0/../../../../riscv-none-embed/lib/rv32imacxw/ilp32\libg_nano.a(lib_a-gdtoa-hexnan.o)
                0x000000000000be88                __hexnan
 .text.__locale_ctype_ptr_l
                0x000000000000bfe6        0x6 d:/mounriver-mounriver_studio2/mounriver_studio2/resources/app/resources/win32/components/wch/toolchain/risc-v embedded gcc/bin/../lib/gcc/riscv-none-embed/8.2.0/../../../../riscv-none-embed/lib/rv32imacxw/ilp32\libg_nano.a(lib_a-locale.o)
                0x000000000000bfe6                __locale_ctype_ptr_l
 .text.__locale_ctype_ptr
                0x000000000000bfec       0x18 d:/mounriver-mounriver_studio2/mounriver_studio2/resources/app/resources/win32/components/wch/toolchain/risc-v embedded gcc/bin/../lib/gcc/riscv-none-embed/8.2.0/../../../../riscv-none-embed/lib/rv32imacxw/ilp32\libg_nano.a(lib_a-locale.o)
                0x000000000000bfec                __locale_ctype_ptr
 .text.__localeconv_l
                0x000000000000c004        0x6 d:/mounriver-mounriver_studio2/mounriver_studio2/resources/app/resources/win32/components/wch/toolchain/risc-v embedded gcc/bin/../lib/gcc/riscv-none-embed/8.2.0/../../../../riscv-none-embed/lib/rv32imacxw/ilp32\libg_nano.a(lib_a-localeconv.o)
                0x000000000000c004                __localeconv_l
 .text._lseek_r
                0x000000000000c00a       0x36 d:/mounriver-mounriver_studio2/mounriver_studio2/resources/app/resources/win32/components/wch/toolchain/risc-v embedded gcc/bin/../lib/gcc/riscv-none-embed/8.2.0/../../../../riscv-none-embed/lib/rv32imacxw/ilp32\libg_nano.a(lib_a-lseekr.o)
                0x000000000000c00a                _lseek_r
 .text.__swhatbuf_r
                0x000000000000c040       0x58 d:/mounriver-mounriver_studio2/mounriver_studio2/resources/app/resources/win32/components/wch/toolchain/risc-v embedded gcc/bin/../lib/gcc/riscv-none-embed/8.2.0/../../../../riscv-none-embed/lib/rv32imacxw/ilp32\libg_nano.a(lib_a-makebuf.o)
                0x000000000000c040                __swhatbuf_r
 .text.__smakebuf_r
                0x000000000000c098       0x94 d:/mounriver-mounriver_studio2/mounriver_studio2/resources/app/resources/win32/components/wch/toolchain/risc-v embedded gcc/bin/../lib/gcc/riscv-none-embed/8.2.0/../../../../riscv-none-embed/lib/rv32imacxw/ilp32\libg_nano.a(lib_a-makebuf.o)
                0x000000000000c098                __smakebuf_r
 .text.__ascii_mbtowc
                0x000000000000c12c       0x32 d:/mounriver-mounriver_studio2/mounriver_studio2/resources/app/resources/win32/components/wch/toolchain/risc-v embedded gcc/bin/../lib/gcc/riscv-none-embed/8.2.0/../../../../riscv-none-embed/lib/rv32imacxw/ilp32\libg_nano.a(lib_a-mbtowc_r.o)
                0x000000000000c12c                __ascii_mbtowc
 .text._Balloc  0x000000000000c15e       0x8c d:/mounriver-mounriver_studio2/mounriver_studio2/resources/app/resources/win32/components/wch/toolchain/risc-v embedded gcc/bin/../lib/gcc/riscv-none-embed/8.2.0/../../../../riscv-none-embed/lib/rv32imacxw/ilp32\libg_nano.a(lib_a-mprec.o)
                0x000000000000c15e                _Balloc
 .text._Bfree   0x000000000000c1ea       0x44 d:/mounriver-mounriver_studio2/mounriver_studio2/resources/app/resources/win32/components/wch/toolchain/risc-v embedded gcc/bin/../lib/gcc/riscv-none-embed/8.2.0/../../../../riscv-none-embed/lib/rv32imacxw/ilp32\libg_nano.a(lib_a-mprec.o)
                0x000000000000c1ea                _Bfree
 .text.__multadd
                0x000000000000c22e       0x98 d:/mounriver-mounriver_studio2/mounriver_studio2/resources/app/resources/win32/components/wch/toolchain/risc-v embedded gcc/bin/../lib/gcc/riscv-none-embed/8.2.0/../../../../riscv-none-embed/lib/rv32imacxw/ilp32\libg_nano.a(lib_a-mprec.o)
                0x000000000000c22e                __multadd
 .text.__s2b    0x000000000000c2c6       0xa4 d:/mounriver-mounriver_studio2/mounriver_studio2/resources/app/resources/win32/components/wch/toolchain/risc-v embedded gcc/bin/../lib/gcc/riscv-none-embed/8.2.0/../../../../riscv-none-embed/lib/rv32imacxw/ilp32\libg_nano.a(lib_a-mprec.o)
                0x000000000000c2c6                __s2b
 .text.__hi0bits
                0x000000000000c36a       0x46 d:/mounriver-mounriver_studio2/mounriver_studio2/resources/app/resources/win32/components/wch/toolchain/risc-v embedded gcc/bin/../lib/gcc/riscv-none-embed/8.2.0/../../../../riscv-none-embed/lib/rv32imacxw/ilp32\libg_nano.a(lib_a-mprec.o)
                0x000000000000c36a                __hi0bits
 .text.__lo0bits
                0x000000000000c3b0       0x6a d:/mounriver-mounriver_studio2/mounriver_studio2/resources/app/resources/win32/components/wch/toolchain/risc-v embedded gcc/bin/../lib/gcc/riscv-none-embed/8.2.0/../../../../riscv-none-embed/lib/rv32imacxw/ilp32\libg_nano.a(lib_a-mprec.o)
                0x000000000000c3b0                __lo0bits
 .text.__i2b    0x000000000000c41a       0x1c d:/mounriver-mounriver_studio2/mounriver_studio2/resources/app/resources/win32/components/wch/toolchain/risc-v embedded gcc/bin/../lib/gcc/riscv-none-embed/8.2.0/../../../../riscv-none-embed/lib/rv32imacxw/ilp32\libg_nano.a(lib_a-mprec.o)
                0x000000000000c41a                __i2b
 .text.__multiply
                0x000000000000c436      0x144 d:/mounriver-mounriver_studio2/mounriver_studio2/resources/app/resources/win32/components/wch/toolchain/risc-v embedded gcc/bin/../lib/gcc/riscv-none-embed/8.2.0/../../../../riscv-none-embed/lib/rv32imacxw/ilp32\libg_nano.a(lib_a-mprec.o)
                0x000000000000c436                __multiply
 .text.__pow5mult
                0x000000000000c57a       0xbe d:/mounriver-mounriver_studio2/mounriver_studio2/resources/app/resources/win32/components/wch/toolchain/risc-v embedded gcc/bin/../lib/gcc/riscv-none-embed/8.2.0/../../../../riscv-none-embed/lib/rv32imacxw/ilp32\libg_nano.a(lib_a-mprec.o)
                0x000000000000c57a                __pow5mult
 .text.__lshift
                0x000000000000c638       0xce d:/mounriver-mounriver_studio2/mounriver_studio2/resources/app/resources/win32/components/wch/toolchain/risc-v embedded gcc/bin/../lib/gcc/riscv-none-embed/8.2.0/../../../../riscv-none-embed/lib/rv32imacxw/ilp32\libg_nano.a(lib_a-mprec.o)
                0x000000000000c638                __lshift
 .text.__mcmp   0x000000000000c706       0x32 d:/mounriver-mounriver_studio2/mounriver_studio2/resources/app/resources/win32/components/wch/toolchain/risc-v embedded gcc/bin/../lib/gcc/riscv-none-embed/8.2.0/../../../../riscv-none-embed/lib/rv32imacxw/ilp32\libg_nano.a(lib_a-mprec.o)
                0x000000000000c706                __mcmp
 .text.__mdiff  0x000000000000c738       0xf2 d:/mounriver-mounriver_studio2/mounriver_studio2/resources/app/resources/win32/components/wch/toolchain/risc-v embedded gcc/bin/../lib/gcc/riscv-none-embed/8.2.0/../../../../riscv-none-embed/lib/rv32imacxw/ilp32\libg_nano.a(lib_a-mprec.o)
                0x000000000000c738                __mdiff
 .text.__ulp    0x000000000000c82a       0x46 d:/mounriver-mounriver_studio2/mounriver_studio2/resources/app/resources/win32/components/wch/toolchain/risc-v embedded gcc/bin/../lib/gcc/riscv-none-embed/8.2.0/../../../../riscv-none-embed/lib/rv32imacxw/ilp32\libg_nano.a(lib_a-mprec.o)
                0x000000000000c82a                __ulp
 .text.__b2d    0x000000000000c870       0xb4 d:/mounriver-mounriver_studio2/mounriver_studio2/resources/app/resources/win32/components/wch/toolchain/risc-v embedded gcc/bin/../lib/gcc/riscv-none-embed/8.2.0/../../../../riscv-none-embed/lib/rv32imacxw/ilp32\libg_nano.a(lib_a-mprec.o)
                0x000000000000c870                __b2d
 .text.__d2b    0x000000000000c924       0xd4 d:/mounriver-mounriver_studio2/mounriver_studio2/resources/app/resources/win32/components/wch/toolchain/risc-v embedded gcc/bin/../lib/gcc/riscv-none-embed/8.2.0/../../../../riscv-none-embed/lib/rv32imacxw/ilp32\libg_nano.a(lib_a-mprec.o)
                0x000000000000c924                __d2b
 .text.__ratio  0x000000000000c9f8       0x74 d:/mounriver-mounriver_studio2/mounriver_studio2/resources/app/resources/win32/components/wch/toolchain/risc-v embedded gcc/bin/../lib/gcc/riscv-none-embed/8.2.0/../../../../riscv-none-embed/lib/rv32imacxw/ilp32\libg_nano.a(lib_a-mprec.o)
                0x000000000000c9f8                __ratio
 .text.__copybits
                0x000000000000ca6c       0x36 d:/mounriver-mounriver_studio2/mounriver_studio2/resources/app/resources/win32/components/wch/toolchain/risc-v embedded gcc/bin/../lib/gcc/riscv-none-embed/8.2.0/../../../../riscv-none-embed/lib/rv32imacxw/ilp32\libg_nano.a(lib_a-mprec.o)
                0x000000000000ca6c                __copybits
 .text.__any_on
                0x000000000000caa2       0x46 d:/mounriver-mounriver_studio2/mounriver_studio2/resources/app/resources/win32/components/wch/toolchain/risc-v embedded gcc/bin/../lib/gcc/riscv-none-embed/8.2.0/../../../../riscv-none-embed/lib/rv32imacxw/ilp32\libg_nano.a(lib_a-mprec.o)
                0x000000000000caa2                __any_on
 .text._calloc_r
                0x000000000000cae8       0x26 d:/mounriver-mounriver_studio2/mounriver_studio2/resources/app/resources/win32/components/wch/toolchain/risc-v embedded gcc/bin/../lib/gcc/riscv-none-embed/8.2.0/../../../../riscv-none-embed/lib/rv32imacxw/ilp32\libg_nano.a(lib_a-nano-callocr.o)
                0x000000000000cae8                _calloc_r
 .text._free_r  0x000000000000cb0e       0xa8 d:/mounriver-mounriver_studio2/mounriver_studio2/resources/app/resources/win32/components/wch/toolchain/risc-v embedded gcc/bin/../lib/gcc/riscv-none-embed/8.2.0/../../../../riscv-none-embed/lib/rv32imacxw/ilp32\libg_nano.a(lib_a-nano-freer.o)
                0x000000000000cb0e                _free_r
 .text._malloc_r
                0x000000000000cbb6       0xda d:/mounriver-mounriver_studio2/mounriver_studio2/resources/app/resources/win32/components/wch/toolchain/risc-v embedded gcc/bin/../lib/gcc/riscv-none-embed/8.2.0/../../../../riscv-none-embed/lib/rv32imacxw/ilp32\libg_nano.a(lib_a-nano-mallocr.o)
                0x000000000000cbb6                _malloc_r
 .text._sungetc_r
                0x000000000000cc90       0x96 d:/mounriver-mounriver_studio2/mounriver_studio2/resources/app/resources/win32/components/wch/toolchain/risc-v embedded gcc/bin/../lib/gcc/riscv-none-embed/8.2.0/../../../../riscv-none-embed/lib/rv32imacxw/ilp32\libg_nano.a(lib_a-nano-svfscanf.o)
                0x000000000000cc90                _sungetc_r
 .text.__ssrefill_r
                0x000000000000cd26       0x44 d:/mounriver-mounriver_studio2/mounriver_studio2/resources/app/resources/win32/components/wch/toolchain/risc-v embedded gcc/bin/../lib/gcc/riscv-none-embed/8.2.0/../../../../riscv-none-embed/lib/rv32imacxw/ilp32\libg_nano.a(lib_a-nano-svfscanf.o)
                0x000000000000cd26                __ssrefill_r
 .text.__ssvfscanf_r
                0x000000000000cd6a      0x3a8 d:/mounriver-mounriver_studio2/mounriver_studio2/resources/app/resources/win32/components/wch/toolchain/risc-v embedded gcc/bin/../lib/gcc/riscv-none-embed/8.2.0/../../../../riscv-none-embed/lib/rv32imacxw/ilp32\libg_nano.a(lib_a-nano-svfscanf.o)
                0x000000000000cd6a                __ssvfiscanf_r
                0x000000000000cd6a                __ssvfscanf_r
 .text.__sfputc_r
                0x000000000000d112       0x28 d:/mounriver-mounriver_studio2/mounriver_studio2/resources/app/resources/win32/components/wch/toolchain/risc-v embedded gcc/bin/../lib/gcc/riscv-none-embed/8.2.0/../../../../riscv-none-embed/lib/rv32imacxw/ilp32\libg_nano.a(lib_a-nano-vfprintf.o)
 .text.__sfputs_r
                0x000000000000d13a       0x42 d:/mounriver-mounriver_studio2/mounriver_studio2/resources/app/resources/win32/components/wch/toolchain/risc-v embedded gcc/bin/../lib/gcc/riscv-none-embed/8.2.0/../../../../riscv-none-embed/lib/rv32imacxw/ilp32\libg_nano.a(lib_a-nano-vfprintf.o)
                0x000000000000d13a                __sfputs_r
 .text._vfprintf_r
                0x000000000000d17c      0x28e d:/mounriver-mounriver_studio2/mounriver_studio2/resources/app/resources/win32/components/wch/toolchain/risc-v embedded gcc/bin/../lib/gcc/riscv-none-embed/8.2.0/../../../../riscv-none-embed/lib/rv32imacxw/ilp32\libg_nano.a(lib_a-nano-vfprintf.o)
                0x000000000000d17c                _vfprintf_r
                0x000000000000d17c                _vfiprintf_r
 .text._printf_common
                0x000000000000d40a      0x10c d:/mounriver-mounriver_studio2/mounriver_studio2/resources/app/resources/win32/components/wch/toolchain/risc-v embedded gcc/bin/../lib/gcc/riscv-none-embed/8.2.0/../../../../riscv-none-embed/lib/rv32imacxw/ilp32\libg_nano.a(lib_a-nano-vfprintf_i.o)
                0x000000000000d40a                _printf_common
 .text._printf_i
                0x000000000000d516      0x2a4 d:/mounriver-mounriver_studio2/mounriver_studio2/resources/app/resources/win32/components/wch/toolchain/risc-v embedded gcc/bin/../lib/gcc/riscv-none-embed/8.2.0/../../../../riscv-none-embed/lib/rv32imacxw/ilp32\libg_nano.a(lib_a-nano-vfprintf_i.o)
                0x000000000000d516                _printf_i
 .text._scanf_chars
                0x000000000000d7ba       0xe2 d:/mounriver-mounriver_studio2/mounriver_studio2/resources/app/resources/win32/components/wch/toolchain/risc-v embedded gcc/bin/../lib/gcc/riscv-none-embed/8.2.0/../../../../riscv-none-embed/lib/rv32imacxw/ilp32\libg_nano.a(lib_a-nano-vfscanf_i.o)
                0x000000000000d7ba                _scanf_chars
 .text._scanf_i
                0x000000000000d89c      0x256 d:/mounriver-mounriver_studio2/mounriver_studio2/resources/app/resources/win32/components/wch/toolchain/risc-v embedded gcc/bin/../lib/gcc/riscv-none-embed/8.2.0/../../../../riscv-none-embed/lib/rv32imacxw/ilp32\libg_nano.a(lib_a-nano-vfscanf_i.o)
                0x000000000000d89c                _scanf_i
 .text._putc_r  0x000000000000daf2       0x84 d:/mounriver-mounriver_studio2/mounriver_studio2/resources/app/resources/win32/components/wch/toolchain/risc-v embedded gcc/bin/../lib/gcc/riscv-none-embed/8.2.0/../../../../riscv-none-embed/lib/rv32imacxw/ilp32\libg_nano.a(lib_a-putc.o)
                0x000000000000daf2                _putc_r
 .text._read_r  0x000000000000db76       0x34 d:/mounriver-mounriver_studio2/mounriver_studio2/resources/app/resources/win32/components/wch/toolchain/risc-v embedded gcc/bin/../lib/gcc/riscv-none-embed/8.2.0/../../../../riscv-none-embed/lib/rv32imacxw/ilp32\libg_nano.a(lib_a-readr.o)
                0x000000000000db76                _read_r
 .text._sbrk_r  0x000000000000dbaa       0x32 d:/mounriver-mounriver_studio2/mounriver_studio2/resources/app/resources/win32/components/wch/toolchain/risc-v embedded gcc/bin/../lib/gcc/riscv-none-embed/8.2.0/../../../../riscv-none-embed/lib/rv32imacxw/ilp32\libg_nano.a(lib_a-sbrkr.o)
                0x000000000000dbaa                _sbrk_r
 .text.__sccl   0x000000000000dbdc       0x82 d:/mounriver-mounriver_studio2/mounriver_studio2/resources/app/resources/win32/components/wch/toolchain/risc-v embedded gcc/bin/../lib/gcc/riscv-none-embed/8.2.0/../../../../riscv-none-embed/lib/rv32imacxw/ilp32\libg_nano.a(lib_a-sccl.o)
                0x000000000000dbdc                __sccl
 .text.strncmp  0x000000000000dc5e       0x28 d:/mounriver-mounriver_studio2/mounriver_studio2/resources/app/resources/win32/components/wch/toolchain/risc-v embedded gcc/bin/../lib/gcc/riscv-none-embed/8.2.0/../../../../riscv-none-embed/lib/rv32imacxw/ilp32\libg_nano.a(lib_a-strncmp.o)
                0x000000000000dc5e                strncmp
 .text._strtoul_l.isra.0
                0x000000000000dc86      0x130 d:/mounriver-mounriver_studio2/mounriver_studio2/resources/app/resources/win32/components/wch/toolchain/risc-v embedded gcc/bin/../lib/gcc/riscv-none-embed/8.2.0/../../../../riscv-none-embed/lib/rv32imacxw/ilp32\libg_nano.a(lib_a-strtoul.o)
 .text._strtoul_r
                0x000000000000ddb6       0x16 d:/mounriver-mounriver_studio2/mounriver_studio2/resources/app/resources/win32/components/wch/toolchain/risc-v embedded gcc/bin/../lib/gcc/riscv-none-embed/8.2.0/../../../../riscv-none-embed/lib/rv32imacxw/ilp32\libg_nano.a(lib_a-strtoul.o)
                0x000000000000ddb6                _strtoul_r
 .text.__submore
                0x000000000000ddcc       0x84 d:/mounriver-mounriver_studio2/mounriver_studio2/resources/app/resources/win32/components/wch/toolchain/risc-v embedded gcc/bin/../lib/gcc/riscv-none-embed/8.2.0/../../../../riscv-none-embed/lib/rv32imacxw/ilp32\libg_nano.a(lib_a-ungetc.o)
                0x000000000000ddcc                __submore
 .text.__ascii_wctomb
                0x000000000000de50       0x1e d:/mounriver-mounriver_studio2/mounriver_studio2/resources/app/resources/win32/components/wch/toolchain/risc-v embedded gcc/bin/../lib/gcc/riscv-none-embed/8.2.0/../../../../riscv-none-embed/lib/rv32imacxw/ilp32\libg_nano.a(lib_a-wctomb_r.o)
                0x000000000000de50                __ascii_wctomb
 .text._fstat_r
                0x000000000000de6e       0x32 d:/mounriver-mounriver_studio2/mounriver_studio2/resources/app/resources/win32/components/wch/toolchain/risc-v embedded gcc/bin/../lib/gcc/riscv-none-embed/8.2.0/../../../../riscv-none-embed/lib/rv32imacxw/ilp32\libg_nano.a(lib_a-fstatr.o)
                0x000000000000de6e                _fstat_r
 .text._isatty_r
                0x000000000000dea0       0x30 d:/mounriver-mounriver_studio2/mounriver_studio2/resources/app/resources/win32/components/wch/toolchain/risc-v embedded gcc/bin/../lib/gcc/riscv-none-embed/8.2.0/../../../../riscv-none-embed/lib/rv32imacxw/ilp32\libg_nano.a(lib_a-isattyr.o)
                0x000000000000dea0                _isatty_r
 .text.malloc   0x000000000000ded0        0xc d:/mounriver-mounriver_studio2/mounriver_studio2/resources/app/resources/win32/components/wch/toolchain/risc-v embedded gcc/bin/../lib/gcc/riscv-none-embed/8.2.0/../../../../riscv-none-embed/lib/rv32imacxw/ilp32\libg_nano.a(lib_a-malloc.o)
                0x000000000000ded0                malloc
 .text.memchr   0x000000000000dedc       0x18 d:/mounriver-mounriver_studio2/mounriver_studio2/resources/app/resources/win32/components/wch/toolchain/risc-v embedded gcc/bin/../lib/gcc/riscv-none-embed/8.2.0/../../../../riscv-none-embed/lib/rv32imacxw/ilp32\libg_nano.a(lib_a-memchr.o)
                0x000000000000dedc                memchr
 .text.__malloc_lock
                0x000000000000def4        0x2 d:/mounriver-mounriver_studio2/mounriver_studio2/resources/app/resources/win32/components/wch/toolchain/risc-v embedded gcc/bin/../lib/gcc/riscv-none-embed/8.2.0/../../../../riscv-none-embed/lib/rv32imacxw/ilp32\libg_nano.a(lib_a-mlock.o)
                0x000000000000def4                __malloc_lock
 .text.__malloc_unlock
                0x000000000000def6        0x2 d:/mounriver-mounriver_studio2/mounriver_studio2/resources/app/resources/win32/components/wch/toolchain/risc-v embedded gcc/bin/../lib/gcc/riscv-none-embed/8.2.0/../../../../riscv-none-embed/lib/rv32imacxw/ilp32\libg_nano.a(lib_a-mlock.o)
                0x000000000000def6                __malloc_unlock
 .text._realloc_r
                0x000000000000def8       0x58 d:/mounriver-mounriver_studio2/mounriver_studio2/resources/app/resources/win32/components/wch/toolchain/risc-v embedded gcc/bin/../lib/gcc/riscv-none-embed/8.2.0/../../../../riscv-none-embed/lib/rv32imacxw/ilp32\libg_nano.a(lib_a-nano-reallocr.o)
                0x000000000000def8                _realloc_r
 .text._malloc_usable_size_r
                0x000000000000df50       0x14 d:/mounriver-mounriver_studio2/mounriver_studio2/resources/app/resources/win32/components/wch/toolchain/risc-v embedded gcc/bin/../lib/gcc/riscv-none-embed/8.2.0/../../../../riscv-none-embed/lib/rv32imacxw/ilp32\libg_nano.a(lib_a-nano-msizer.o)
                0x000000000000df50                _malloc_usable_size_r
 .text.__eqdf2  0x000000000000df64       0x6a d:/mounriver-mounriver_studio2/mounriver_studio2/resources/app/resources/win32/components/wch/toolchain/risc-v embedded gcc/bin/../lib/gcc/riscv-none-embed/8.2.0/rv32imacxw/ilp32\libgcc.a(eqdf2.o)
                0x000000000000df64                __nedf2
                0x000000000000df64                __eqdf2
 .text.__gedf2  0x000000000000dfce       0xae d:/mounriver-mounriver_studio2/mounriver_studio2/resources/app/resources/win32/components/wch/toolchain/risc-v embedded gcc/bin/../lib/gcc/riscv-none-embed/8.2.0/rv32imacxw/ilp32\libgcc.a(gedf2.o)
                0x000000000000dfce                __gedf2
                0x000000000000dfce                __gtdf2
 .text.__fixunsdfsi
                0x000000000000e07c       0x5c d:/mounriver-mounriver_studio2/mounriver_studio2/resources/app/resources/win32/components/wch/toolchain/risc-v embedded gcc/bin/../lib/gcc/riscv-none-embed/8.2.0/rv32imacxw/ilp32\libgcc.a(fixunsdfsi.o)
                0x000000000000e07c                __fixunsdfsi
 .text.__floatunsidf
                0x000000000000e0d8       0x68 d:/mounriver-mounriver_studio2/mounriver_studio2/resources/app/resources/win32/components/wch/toolchain/risc-v embedded gcc/bin/../lib/gcc/riscv-none-embed/8.2.0/rv32imacxw/ilp32\libgcc.a(floatunsidf.o)
                0x000000000000e0d8                __floatunsidf
 .text._close   0x000000000000e140       0x10 d:/mounriver-mounriver_studio2/mounriver_studio2/resources/app/resources/win32/components/wch/toolchain/risc-v embedded gcc/bin/../lib/gcc/riscv-none-embed/8.2.0/../../../../riscv-none-embed/lib/rv32imacxw/ilp32\libnosys.a(close.o)
                0x000000000000e140                _close
 .text._fstat   0x000000000000e150       0x10 d:/mounriver-mounriver_studio2/mounriver_studio2/resources/app/resources/win32/components/wch/toolchain/risc-v embedded gcc/bin/../lib/gcc/riscv-none-embed/8.2.0/../../../../riscv-none-embed/lib/rv32imacxw/ilp32\libnosys.a(fstat.o)
                0x000000000000e150                _fstat
 .text._isatty  0x000000000000e160       0x10 d:/mounriver-mounriver_studio2/mounriver_studio2/resources/app/resources/win32/components/wch/toolchain/risc-v embedded gcc/bin/../lib/gcc/riscv-none-embed/8.2.0/../../../../riscv-none-embed/lib/rv32imacxw/ilp32\libnosys.a(isatty.o)
                0x000000000000e160                _isatty
 .text._lseek   0x000000000000e170       0x10 d:/mounriver-mounriver_studio2/mounriver_studio2/resources/app/resources/win32/components/wch/toolchain/risc-v embedded gcc/bin/../lib/gcc/riscv-none-embed/8.2.0/../../../../riscv-none-embed/lib/rv32imacxw/ilp32\libnosys.a(lseek.o)
                0x000000000000e170                _lseek
 .text._read    0x000000000000e180       0x10 d:/mounriver-mounriver_studio2/mounriver_studio2/resources/app/resources/win32/components/wch/toolchain/risc-v embedded gcc/bin/../lib/gcc/riscv-none-embed/8.2.0/../../../../riscv-none-embed/lib/rv32imacxw/ilp32\libnosys.a(read.o)
                0x000000000000e180                _read
 *(.rodata)
 *fill*         0x000000000000e190        0x0 
 .rodata        0x000000000000e190      0x109 ./User/FuzzyPID.o
 *fill*         0x000000000000e299        0x3 
 .rodata        0x000000000000e29c       0x34 ./User/GPS.o
 *(.rodata*)
 .rodata.Control_Update.cst4
                0x000000000000e2d0       0x34 ./User/Control.o
 .rodata.Control_Update.str1.4
                0x000000000000e304       0xa5 ./User/Control.o
 *fill*         0x000000000000e3a9        0x3 
 .rodata.Fiber_Debug_Print.str1.4
                0x000000000000e3ac       0x3b ./User/Fiber.o
 *fill*         0x000000000000e3e7        0x1 
 .rodata.Fiber_Init.str1.4
                0x000000000000e3e8       0x1a ./User/Fiber.o
 *fill*         0x000000000000e402        0x2 
 .rodata.FuzzyPID_Init.cst4
                0x000000000000e404        0x4 ./User/FuzzyPID.o
                                          0x8 (size before relaxing)
 .rodata.FuzzyPID_Update.cst4
                0x000000000000e408       0x14 ./User/FuzzyPID.o
                                         0x18 (size before relaxing)
 .rodata._defuzzify.constprop.1.cst4
                0x000000000000e41c        0x8 ./User/FuzzyPID.o
 .rodata._membership.cst4
                0x000000000000e41c        0x4 ./User/FuzzyPID.o
 .rodata.GPS_GetCoord
                0x000000000000e41c       0x14 ./User/GPS.o
 .rodata.GPS_GetCoord.cst8
                0x000000000000e430       0x10 ./User/GPS.o
 .rodata.GPS_GetCoord.str1.4
                0x000000000000e440       0x14 ./User/GPS.o
 .rodata.GPS_GetTime.str1.4
                0x000000000000e454        0xf ./User/GPS.o
 *fill*         0x000000000000e463        0x1 
 .rodata.GPS_Init.str1.4
                0x000000000000e464       0x18 ./User/GPS.o
 .rodata.IIC1_Scan.str1.4
                0x000000000000e47c       0x71 ./User/I2C.o
 *fill*         0x000000000000e4ed        0x3 
 .rodata.IIC2_Scan.str1.4
                0x000000000000e4f0       0x71 ./User/I2C.o
 *fill*         0x000000000000e561        0x3 
 .rodata.JY61P_Init.str1.4
                0x000000000000e564       0x1a ./User/JY61P.o
 .rodata.JY61P_Print.cst4
                0x000000000000e57e        0x8 ./User/JY61P.o
 *fill*         0x000000000000e57e        0x2 
 .rodata.JY61P_Print.cst8
                0x000000000000e580       0x10 ./User/JY61P.o
 .rodata.JY61P_Print.str1.4
                0x000000000000e590       0xd6 ./User/JY61P.o
 *fill*         0x000000000000e666        0x2 
 .rodata.UART8_IRQHandler.cst4
                0x000000000000e668        0xc ./User/JY61P.o
                                         0x10 (size before relaxing)
 .rodata.LinuxConnect_Init.str1.4
                0x000000000000e674       0x22 ./User/LinuxConnect.o
 *fill*         0x000000000000e696        0x2 
 .rodata.Calculate_Heading_Angle.cst4
                0x000000000000e698        0xc ./User/MMC5603.o
                                         0x10 (size before relaxing)
 *fill*         0x000000000000e6a4        0x4 
 .rodata.Calculate_Heading_Angle.cst8
                0x000000000000e6a8        0x8 ./User/MMC5603.o
 .rodata.MMC5603_Init.str1.4
                0x000000000000e6b0       0xc8 ./User/MMC5603.o
 .rodata.MMC5603_Print.cst4
                0x000000000000e778        0x4 ./User/MMC5603.o
 .rodata.MMC5603_Print.str1.4
                0x000000000000e778       0x6c ./User/MMC5603.o
 .rodata.MMC5603_ReadData.cst4
                0x000000000000e7e4        0x4 ./User/MMC5603.o
                                          0x8 (size before relaxing)
 .rodata.MS5837_CalculateDepth.cst4
                0x000000000000e7e8        0x8 ./User/MS5837.o
 .rodata.MS5837_CalculatePressure.cst4
                0x000000000000e7f0        0x4 ./User/MS5837.o
 .rodata.MS5837_CalculateTemperature.cst4
                0x000000000000e7f0        0x4 ./User/MS5837.o
 .rodata.MS5837_Init.str1.4
                0x000000000000e7f0       0x63 ./User/MS5837.o
 *fill*         0x000000000000e853        0x1 
 .rodata.MS5837_Print.str1.4
                0x000000000000e854       0x87 ./User/MS5837.o
                                         0x97 (size before relaxing)
 .rodata.MS5837_Read.cst4
                0x000000000000e8db        0x4 ./User/MS5837.o
 *fill*         0x000000000000e8db        0x1 
 .rodata.MS5837_ReadCalibrationData.str1.4
                0x000000000000e8dc       0x36 ./User/MS5837.o
 *fill*         0x000000000000e912        0x2 
 .rodata.MS5837_Reset.str1.4
                0x000000000000e914       0x96 ./User/MS5837.o
 *fill*         0x000000000000e9aa        0x2 
 .rodata.MS5837_StartPressureConversion.str1.4
                0x000000000000e9ac       0x2b ./User/MS5837.o
 *fill*         0x000000000000e9d7        0x1 
 .rodata.MS5837_StartTemperatureConversion.str1.4
                0x000000000000e9d8       0x2a ./User/MS5837.o
 *fill*         0x000000000000ea02        0x2 
 .rodata.PWM_SetDuty_us
                0x000000000000ea04       0x18 ./User/PWM.o
 .rodata.PWM_Init.str1.4
                0x000000000000ea1c       0x18 ./User/PWM.o
 .rodata.PWM_SetDuty_us.str1.4
                0x000000000000ea34       0x35 ./User/PWM.o
 *fill*         0x000000000000ea69        0x3 
 .rodata.SPI2_Init.str1.4
                0x000000000000ea6c       0x1e ./User/SPI_Flash.o
 *fill*         0x000000000000ea8a        0x2 
 .rodata.W25Q512_ReadJEDEC_ID.str1.4
                0x000000000000ea8c       0x5a ./User/SPI_Flash.o
 *fill*         0x000000000000eae6        0x2 
 .rodata.CalcBearing.cst4
                0x000000000000eae8        0x4 ./User/SysFlow.o
                                          0x8 (size before relaxing)
 .rodata.CalcDistance.cst4
                0x000000000000eaec        0x8 ./User/SysFlow.o
                                          0xc (size before relaxing)
 .rodata.IsDepthReady.cst4
                0x000000000000eaf4       0x10 ./User/SysFlow.o
                                         0x14 (size before relaxing)
 .rodata.IsDivingReady.cst4
                0x000000000000eb04        0x8 ./User/SysFlow.o
 .rodata.Nav_Task_Update.cst4
                0x000000000000eb0c       0x14 ./User/SysFlow.o
                                         0x24 (size before relaxing)
 .rodata.main   0x000000000000eb20       0x1c ./User/main.o
 .rodata.Essentials.str1.4
                0x000000000000eb3c       0x1b ./User/main.o
 *fill*         0x000000000000eb57        0x1 
 .rodata.ROV_ControlSystem_Init.cst4
                0x000000000000eb58       0x10 ./User/main.o
                                         0x24 (size before relaxing)
 .rodata.ROV_ControlSystem_Init.str1.4
                0x000000000000eb68       0x28 ./User/main.o
 .rodata.ROV_Control_Cycle.cst8
                0x000000000000eb90        0x8 ./User/main.o
 .rodata.ROV_Control_Cycle.str1.4
                0x000000000000eb90       0x1f ./User/main.o
 *fill*         0x000000000000ebaf        0x1 
 .rodata.Thrust_Mixing.cst4
                0x000000000000ebb0        0x8 ./User/main.o
                                          0xc (size before relaxing)
 .rodata.main.cst4
                0x000000000000ebb8        0x8 ./User/main.o
                                         0x10 (size before relaxing)
 .rodata.main.cst8
                0x000000000000ebc0        0x8 ./User/main.o
 .rodata.main.str1.4
                0x000000000000ebc8      0x215 ./User/main.o
                                        0x225 (size before relaxing)
 *fill*         0x000000000000eddd        0x3 
 .rodata.sqrt.str1.4
                0x000000000000ede0        0x5 d:/mounriver-mounriver_studio2/mounriver_studio2/resources/app/resources/win32/components/wch/toolchain/risc-v embedded gcc/bin/../lib/gcc/riscv-none-embed/8.2.0/../../../../riscv-none-embed/lib/rv32imacxw/ilp32\libm.a(lib_a-w_sqrt.o)
 *fill*         0x000000000000ede5        0x3 
 .rodata.sqrtf.str1.4