Archive member included to satisfy reference by file (symbol)

d:/mounriver-mounriver_studio2/mounriver_studio2/resources/app/resources/win32/components/wch/toolchain/risc-v embedded gcc/bin/../lib/gcc/riscv-none-embed/8.2.0/../../../../riscv-none-embed/lib/rv32imacxw/ilp32\libm.a(lib_a-s_round.o)
                              ./User/OLED.o (round)
d:/mounriver-mounriver_studio2/mounriver_studio2/resources/app/resources/win32/components/wch/toolchain/risc-v embedded gcc/bin/../lib/gcc/riscv-none-embed/8.2.0/../../../../riscv-none-embed/lib/rv32imacxw/ilp32\libm.a(lib_a-w_atan2.o)
                              ./User/OLED.o (atan2)
d:/mounriver-mounriver_studio2/mounriver_studio2/resources/app/resources/win32/components/wch/toolchain/risc-v embedded gcc/bin/../lib/gcc/riscv-none-embed/8.2.0/../../../../riscv-none-embed/lib/rv32imacxw/ilp32\libm.a(lib_a-e_atan2.o)
                              d:/mounriver-mounriver_studio2/mounriver_studio2/resources/app/resources/win32/components/wch/toolchain/risc-v embedded gcc/bin/../lib/gcc/riscv-none-embed/8.2.0/../../../../riscv-none-embed/lib/rv32imacxw/ilp32\libm.a(lib_a-w_atan2.o) (__ieee754_atan2)
d:/mounriver-mounriver_studio2/mounriver_studio2/resources/app/resources/win32/components/wch/toolchain/risc-v embedded gcc/bin/../lib/gcc/riscv-none-embed/8.2.0/../../../../riscv-none-embed/lib/rv32imacxw/ilp32\libm.a(lib_a-s_atan.o)
                              d:/mounriver-mounriver_studio2/mounriver_studio2/resources/app/resources/win32/components/wch/toolchain/risc-v embedded gcc/bin/../lib/gcc/riscv-none-embed/8.2.0/../../../../riscv-none-embed/lib/rv32imacxw/ilp32\libm.a(lib_a-e_atan2.o) (atan)
d:/mounriver-mounriver_studio2/mounriver_studio2/resources/app/resources/win32/components/wch/toolchain/risc-v embedded gcc/bin/../lib/gcc/riscv-none-embed/8.2.0/../../../../riscv-none-embed/lib/rv32imacxw/ilp32\libm.a(lib_a-s_fabs.o)
                              d:/mounriver-mounriver_studio2/mounriver_studio2/resources/app/resources/win32/components/wch/toolchain/risc-v embedded gcc/bin/../lib/gcc/riscv-none-embed/8.2.0/../../../../riscv-none-embed/lib/rv32imacxw/ilp32\libm.a(lib_a-e_atan2.o) (fabs)
d:/mounriver-mounriver_studio2/mounriver_studio2/resources/app/resources/win32/components/wch/toolchain/risc-v embedded gcc/bin/../lib/gcc/riscv-none-embed/8.2.0/rv32imacxw/ilp32\libgcc.a(adddf3.o)
                              ./User/OLED.o (__adddf3)
d:/mounriver-mounriver_studio2/mounriver_studio2/resources/app/resources/win32/components/wch/toolchain/risc-v embedded gcc/bin/../lib/gcc/riscv-none-embed/8.2.0/rv32imacxw/ilp32\libgcc.a(divdf3.o)
                              ./User/OLED.o (__divdf3)
d:/mounriver-mounriver_studio2/mounriver_studio2/resources/app/resources/win32/components/wch/toolchain/risc-v embedded gcc/bin/../lib/gcc/riscv-none-embed/8.2.0/rv32imacxw/ilp32\libgcc.a(gedf2.o)
                              ./User/OLED.o (__gedf2)
d:/mounriver-mounriver_studio2/mounriver_studio2/resources/app/resources/win32/components/wch/toolchain/risc-v embedded gcc/bin/../lib/gcc/riscv-none-embed/8.2.0/rv32imacxw/ilp32\libgcc.a(ledf2.o)
                              ./User/OLED.o (__ltdf2)
d:/mounriver-mounriver_studio2/mounriver_studio2/resources/app/resources/win32/components/wch/toolchain/risc-v embedded gcc/bin/../lib/gcc/riscv-none-embed/8.2.0/rv32imacxw/ilp32\libgcc.a(muldf3.o)
                              ./User/OLED.o (__muldf3)
d:/mounriver-mounriver_studio2/mounriver_studio2/resources/app/resources/win32/components/wch/toolchain/risc-v embedded gcc/bin/../lib/gcc/riscv-none-embed/8.2.0/rv32imacxw/ilp32\libgcc.a(subdf3.o)
                              ./User/OLED.o (__subdf3)
d:/mounriver-mounriver_studio2/mounriver_studio2/resources/app/resources/win32/components/wch/toolchain/risc-v embedded gcc/bin/../lib/gcc/riscv-none-embed/8.2.0/rv32imacxw/ilp32\libgcc.a(fixdfsi.o)
                              ./User/OLED.o (__fixdfsi)
d:/mounriver-mounriver_studio2/mounriver_studio2/resources/app/resources/win32/components/wch/toolchain/risc-v embedded gcc/bin/../lib/gcc/riscv-none-embed/8.2.0/rv32imacxw/ilp32\libgcc.a(fixunsdfsi.o)
                              ./User/OLED.o (__fixunsdfsi)
d:/mounriver-mounriver_studio2/mounriver_studio2/resources/app/resources/win32/components/wch/toolchain/risc-v embedded gcc/bin/../lib/gcc/riscv-none-embed/8.2.0/rv32imacxw/ilp32\libgcc.a(floatsidf.o)
                              ./User/OLED.o (__floatsidf)
d:/mounriver-mounriver_studio2/mounriver_studio2/resources/app/resources/win32/components/wch/toolchain/risc-v embedded gcc/bin/../lib/gcc/riscv-none-embed/8.2.0/rv32imacxw/ilp32\libgcc.a(floatunsidf.o)
                              ./User/OLED.o (__floatunsidf)
d:/mounriver-mounriver_studio2/mounriver_studio2/resources/app/resources/win32/components/wch/toolchain/risc-v embedded gcc/bin/../lib/gcc/riscv-none-embed/8.2.0/rv32imacxw/ilp32\libgcc.a(addsf3.o)
                              ./User/OLED.o (__addsf3)
[...]
Memory Configuration

Name             Origin             Length             Attributes
FLASH            0x0000000000000000 0x0000000000020000 xr
RAM              0x0000000020000000 0x0000000000008000 xrw
*default*        0x0000000000000000 0xffffffffffffffff

Linker script and memory map

LOAD ./User/USBTouch/Touch.o
LOAD ./User/USBTouch/app_km.o
LOAD ./User/USBTouch/ch32v30x_usbfs_host.o
LOAD ./User/USBTouch/usb_host_hid.o
LOAD ./User/USBTouch/usb_host_hub.o
LOAD ./User/USBTouch/usb_touch_relay.o
LOAD ./User/Clock.o
LOAD ./User/Fiber.o
LOAD ./User/OLED.o
LOAD ./User/OLED_Data.o
LOAD ./User/SIM.o
LOAD ./User/ch32v30x_it.o
LOAD ./User/main.o
LOAD ./User/stick.o
LOAD ./User/system_ch32v30x.o
LOAD ./Startup/startup_ch32v30x_D8.o
LOAD ./Peripheral/src/ch32v30x_adc.o
LOAD ./Peripheral/src/ch32v30x_bkp.o
LOAD ./Peripheral/src/ch32v30x_can.o
LOAD ./Peripheral/src/ch32v30x_crc.o
LOAD ./Peripheral/src/ch32v30x_dac.o
LOAD ./Peripheral/src/ch32v30x_dbgmcu.o
LOAD ./Peripheral/src/ch32v30x_dma.o
LOAD ./Peripheral/src/ch32v30x_dvp.o
LOAD ./Peripheral/src/ch32v30x_eth.o
LOAD ./Peripheral/src/ch32v30x_exti.o
LOAD ./Peripheral/src/ch32v30x_flash.o
LOAD ./Peripheral/src/ch32v30x_fsmc.o
LOAD ./Peripheral/src/ch32v30x_gpio.o
LOAD ./Peripheral/src/ch32v30x_i2c.o
LOAD ./Peripheral/src/ch32v30x_iwdg.o
LOAD ./Peripheral/src/ch32v30x_misc.o
LOAD ./Peripheral/src/ch32v30x_opa.o
LOAD ./Peripheral/src/ch32v30x_pwr.o
LOAD ./Peripheral/src/ch32v30x_rcc.o
LOAD ./Peripheral/src/ch32v30x_rng.o
LOAD ./Peripheral/src/ch32v30x_rtc.o
LOAD ./Peripheral/src/ch32v30x_sdio.o
LOAD ./Peripheral/src/ch32v30x_spi.o
LOAD ./Peripheral/src/ch32v30x_tim.o
LOAD ./Peripheral/src/ch32v30x_usart.o
LOAD ./Peripheral/src/ch32v30x_wwdg.o
LOAD ./Debug/debug.o
LOAD ./Core/core_riscv.o
LOAD d:/mounriver-mounriver_studio2/mounriver_studio2/resources/app/resources/win32/components/wch/toolchain/risc-v embedded gcc/bin/../lib/gcc/riscv-none-embed/8.2.0/../../../../riscv-none-embed/lib/rv32imacxw/ilp32\libm.a
LOAD d:/mounriver-mounriver_studio2/mounriver_studio2/resources/app/resources/win32/components/wch/toolchain/risc-v embedded gcc/bin/../lib/gcc/riscv-none-embed/8.2.0/rv32imacxw/ilp32\libgcc.a
LOAD d:/mounriver-mounriver_studio2/mounriver_studio2/resources/app/resources/win32/components/wch/toolchain/risc-v embedded gcc/bin/../lib/gcc/riscv-none-embed/8.2.0/../../../../riscv-none-embed/lib/rv32imacxw/ilp32\libg_nano.a
LOAD d:/mounriver-mounriver_studio2/mounriver_studio2/resources/app/resources/win32/components/wch/toolchain/risc-v embedded gcc/bin/../lib/gcc/riscv-none-embed/8.2.0/../../../../riscv-none-embed/lib/rv32imacxw/ilp32\libc_nano.a
LOAD d:/mounriver-mounriver_studio2/mounriver_studio2/resources/app/resources/win32/components/wch/toolchain/risc-v embedded gcc/bin/../lib/gcc/riscv-none-embed/8.2.0/rv32imacxw/ilp32\libgcc.a
START GROUP
LOAD d:/mounriver-mounriver_studio2/mounriver_studio2/resources/app/resources/win32/components/wch/toolchain/risc-v embedded gcc/bin/../lib/gcc/riscv-none-embed/8.2.0/rv32imacxw/ilp32\libgcc.a
LOAD d:/mounriver-mounriver_studio2/mounriver_studio2/resources/app/resources/win32/components/wch/toolchain/risc-v embedded gcc/bin/../lib/gcc/riscv-none-embed/8.2.0/../../../../riscv-none-embed/lib/rv32imacxw/ilp32\libc_nano.a
LOAD d:/mounriver-mounriver_studio2/mounriver_studio2/resources/app/resources/win32/components/wch/toolchain/risc-v embedded gcc/bin/../lib/gcc/riscv-none-embed/8.2.0/../../../../riscv-none-embed/lib/rv32imacxw/ilp32\libnosys.a
END GROUP
START GROUP
LOAD d:/mounriver-mounriver_studio2/mounriver_studio2/resources/app/resources/win32/components/wch/toolchain/risc-v embedded gcc/bin/../lib/gcc/riscv-none-embed/8.2.0/rv32imacxw/ilp32\libgcc.a
LOAD d:/mounriver-mounriver_studio2/mounriver_studio2/resources/app/resources/win32/components/wch/toolchain/risc-v embedded gcc/bin/../lib/gcc/riscv-none-embed/8.2.0/../../../../riscv-none-embed/lib/rv32imacxw/ilp32\libc_nano.a
LOAD d:/mounriver-mounriver_studio2/mounriver_studio2/resources/app/resources/win32/components/wch/toolchain/risc-v embedded gcc/bin/../lib/gcc/riscv-none-embed/8.2.0/../../../../riscv-none-embed/lib/rv32imacxw/ilp32\libnosys.a
END GROUP
                0x0000000000000800                __stack_size = 0x800
                [!provide]                        PROVIDE (_stack_size = __stack_size)

.init           0x0000000000000000        0x4
                0x0000000000000000                _sinit = .
                0x0000000000000000                . = ALIGN (0x4)
 *(SORT_NONE(.init))
 .init          0x0000000000000000        0x4 ./Startup/startup_ch32v30x_D8.o
                0x0000000000000000                _start
                0x0000000000000004                . = ALIGN (0x4)
                0x0000000000000004                _einit = .

.vector         0x0000000000000004      0x1bc
 *(.vector)
 .vector        0x0000000000000004      0x1a0 ./Startup/startup_ch32v30x_D8.o
                0x00000000000001c0                . = ALIGN (0x40)
 *fill*         0x00000000000001a4       0x1c 

.text           0x00000000000001c0     0x6ac0
                0x00000000000001c0                . = ALIGN (0x4)
 *(.text)
 .text          0x00000000000001c0       0x60 d:/mounriver-mounriver_studio2/mounriver_studio2/resources/app/resources/win32/components/wch/toolchain/risc-v embedded gcc/bin/../lib/gcc/riscv-none-embed/8.2.0/rv32imacxw/ilp32\libgcc.a(save-restore.o)
                0x00000000000001c0                __riscv_save_12
                0x00000000000001c8                __riscv_save_9
                0x00000000000001c8                __riscv_save_11
                0x00000000000001c8                __riscv_save_10
                0x00000000000001c8                __riscv_save_8
                0x00000000000001d6                __riscv_save_4
                0x00000000000001d6                __riscv_save_6
                0x00000000000001d6                __riscv_save_5
                0x00000000000001d6                __riscv_save_7
                0x00000000000001f0                __riscv_save_3
                0x00000000000001f0                __riscv_save_2
                0x00000000000001f0                __riscv_save_1
                0x00000000000001f0                __riscv_save_0
                0x00000000000001fc                __riscv_restore_12
                0x0000000000000200                __riscv_restore_11
                0x0000000000000200                __riscv_restore_9
                0x0000000000000200                __riscv_restore_10
                0x0000000000000200                __riscv_restore_8
                0x000000000000020a                __riscv_restore_5
                0x000000000000020a                __riscv_restore_7
                0x000000000000020a                __riscv_restore_6
                0x000000000000020a                __riscv_restore_4
                0x0000000000000214                __riscv_restore_3
                0x0000000000000214                __riscv_restore_0
                0x0000000000000214                __riscv_restore_2
                0x0000000000000214                __riscv_restore_1
 .text          0x0000000000000220       0xa8 d:/mounriver-mounriver_studio2/mounriver_studio2/resources/app/resources/win32/components/wch/toolchain/risc-v embedded gcc/bin/../lib/gcc/riscv-none-embed/8.2.0/../../../../riscv-none-embed/lib/rv32imacxw/ilp32\libg_nano.a(lib_a-memset.o)
                0x0000000000000220                memset
 .text          0x00000000000002c8      0x11a d:/mounriver-mounriver_studio2/mounriver_studio2/resources/app/resources/win32/components/wch/toolchain/risc-v embedded gcc/bin/../lib/gcc/riscv-none-embed/8.2.0/../../../../riscv-none-embed/lib/rv32imacxw/ilp32\libg_nano.a(lib_a-strcmp.o)
                0x00000000000002c8                strcmp
 *(.text.*)
 .text.TIM4_IRQHandler
                0x00000000000003e2       0x80 ./User/USBTouch/Touch.o
                0x00000000000003e2                TIM4_IRQHandler
 .text.TIM4_Init
                0x0000000000000462       0x70 ./User/USBTouch/Touch.o
                0x0000000000000462                TIM4_Init
 .text.Touch_Init
                0x00000000000004d2       0x4c ./User/USBTouch/Touch.o
                0x00000000000004d2                Touch_Init
 .text.Touch_Deal
                0x000000000000051e        0xa ./User/USBTouch/Touch.o
                0x000000000000051e                Touch_Deal
 .text.TIM3_IRQHandler
                0x0000000000000528      0x10a ./User/USBTouch/app_km.o
                0x0000000000000528                TIM3_IRQHandler
 .text.USBH_ResetRootHubPort
                0x0000000000000632       0x10 ./User/USBTouch/app_km.o
                0x0000000000000632                USBH_ResetRootHubPort
 .text.USBH_EnableRootHubPort
                0x0000000000000642       0x16 ./User/USBTouch/app_km.o
                0x0000000000000642                USBH_EnableRootHubPort
 .text.USBH_GetDeviceDescr
                0x0000000000000658       0x1a ./User/USBTouch/app_km.o
                0x0000000000000658                USBH_GetDeviceDescr
 .text.USBH_SetUsbAddress
                0x0000000000000672       0x1e ./User/USBTouch/app_km.o
                0x0000000000000672                USBH_SetUsbAddress
 .text.USBH_GetConfigDescr
                0x0000000000000690       0x20 ./User/USBTouch/app_km.o
                0x0000000000000690                USBH_GetConfigDescr
 .text.USBH_AnalyseType
                0x00000000000006b0       0x42 ./User/USBTouch/app_km.o
                0x00000000000006b0                USBH_AnalyseType
 .text.USBH_SetUsbConfig
                0x00000000000006f2       0x16 ./User/USBTouch/app_km.o
                0x00000000000006f2                USBH_SetUsbConfig
 .text.USBH_GetStrDescr
                0x0000000000000708       0x1c ./User/USBTouch/app_km.o
                0x0000000000000708                USBH_GetStrDescr
 .text.USBH_SendHidData
                0x0000000000000724       0x44 ./User/USBTouch/app_km.o
                0x0000000000000724                USBH_SendHidData
 .text.USBH_EnumRootDevice
                0x0000000000000768      0x1da ./User/USBTouch/app_km.o
                0x0000000000000768                USBH_EnumRootDevice
 .text.KM_AnalyzeConfigDesc
                0x0000000000000942      0x216 ./User/USBTouch/app_km.o
                0x0000000000000942                KM_AnalyzeConfigDesc
 .text.KM_AnalyzeHidReportDesc
                0x0000000000000b58      0x192 ./User/USBTouch/app_km.o
                0x0000000000000b58                KM_AnalyzeHidReportDesc
 .text.KM_DealHidReportDesc
                0x0000000000000cea       0xe0 ./User/USBTouch/app_km.o
                0x0000000000000cea                KM_DealHidReportDesc
 .text.HUB_AnalyzeConfigDesc
                0x0000000000000dca       0xaa ./User/USBTouch/app_km.o
                0x0000000000000dca                HUB_AnalyzeConfigDesc
 .text.USBH_EnumHubDevice
                0x0000000000000e74      0x2d0 ./User/USBTouch/app_km.o
                0x0000000000000e74                USBH_EnumHubDevice
 .text.HUB_Port_PreEnum1
                0x0000000000001144       0xc0 ./User/USBTouch/app_km.o
                0x0000000000001144                HUB_Port_PreEnum1
 .text.HUB_Port_PreEnum2
                0x0000000000001204      0x100 ./User/USBTouch/app_km.o
                0x0000000000001204                HUB_Port_PreEnum2
 .text.HUB_CheckPortSpeed
                0x0000000000001304       0x34 ./User/USBTouch/app_km.o
                0x0000000000001304                HUB_CheckPortSpeed
 .text.USBH_EnumHubPortDevice
                0x0000000000001338      0x1ca ./User/USBTouch/app_km.o
                0x0000000000001338                USBH_EnumHubPortDevice
 .text.KB_AnalyzeKeyValue
                0x0000000000001502       0x9e ./User/USBTouch/app_km.o
                0x0000000000001502                KB_AnalyzeKeyValue
 .text.KB_SetReport
                0x00000000000015a0       0x8e ./User/USBTouch/app_km.o
                0x00000000000015a0                KB_SetReport
 .text.USBH_EnumHidDevice
                0x000000000000162e      0x21e ./User/USBTouch/app_km.o
                0x000000000000162e                USBH_EnumHidDevice
 .text.USBH_MainDeal
                0x000000000000184c      0x67c ./User/USBTouch/app_km.o
                0x000000000000184c                USBH_MainDeal
 .text.USBFSH_SetSelfSpeed.part.0
                0x0000000000001ec8       0x26 ./User/USBTouch/ch32v30x_usbfs_host.o
 .text.USBFS_RCC_Init
                0x0000000000001eee       0x42 ./User/USBTouch/ch32v30x_usbfs_host.o
                0x0000000000001eee                USBFS_RCC_Init
 .text.USBFS_Host_Init
                0x0000000000001f30       0x56 ./User/USBTouch/ch32v30x_usbfs_host.o
                0x0000000000001f30                USBFS_Host_Init
 .text.USBFSH_CheckRootHubPortStatus
                0x0000000000001f86       0x2e ./User/USBTouch/ch32v30x_usbfs_host.o
                0x0000000000001f86                USBFSH_CheckRootHubPortStatus
 .text.USBFSH_CheckRootHubPortSpeed
                0x0000000000001fb4       0x10 ./User/USBTouch/ch32v30x_usbfs_host.o
                0x0000000000001fb4                USBFSH_CheckRootHubPortSpeed
 .text.USBFSH_SetSelfAddr
                0x0000000000001fc4       0x14 ./User/USBTouch/ch32v30x_usbfs_host.o
                0x0000000000001fc4                USBFSH_SetSelfAddr
 .text.USBFSH_SetSelfSpeed
                0x0000000000001fd8       0x2e ./User/USBTouch/ch32v30x_usbfs_host.o
                0x0000000000001fd8                USBFSH_SetSelfSpeed
 .text.USBFSH_ResetRootHubPort
                0x0000000000002006       0x50 ./User/USBTouch/ch32v30x_usbfs_host.o
                0x0000000000002006                USBFSH_ResetRootHubPort
 .text.USBFSH_EnableRootHubPort
                0x0000000000002056       0x3c ./User/USBTouch/ch32v30x_usbfs_host.o
                0x0000000000002056                USBFSH_EnableRootHubPort
 .text.USBFSH_Transact
                0x0000000000002092       0xec ./User/USBTouch/ch32v30x_usbfs_host.o
                0x0000000000002092                USBFSH_Transact
 .text.USBFSH_CtrlTransfer
                0x000000000000217e      0x196 ./User/USBTouch/ch32v30x_usbfs_host.o
                0x000000000000217e                USBFSH_CtrlTransfer
 .text.USBFSH_GetDeviceDescr
                0x0000000000002314       0x3e ./User/USBTouch/ch32v30x_usbfs_host.o
                0x0000000000002314                USBFSH_GetDeviceDescr
 .text.USBFSH_GetConfigDescr
                0x0000000000002352       0x6a ./User/USBTouch/ch32v30x_usbfs_host.o
                0x0000000000002352                USBFSH_GetConfigDescr
 .text.USBFSH_GetStrDescr
                0x00000000000023bc       0x5a ./User/USBTouch/ch32v30x_usbfs_host.o
                0x00000000000023bc                USBFSH_GetStrDescr
 .text.USBFSH_SetUsbAddress
                0x0000000000002416       0x36 ./User/USBTouch/ch32v30x_usbfs_host.o
                0x0000000000002416                USBFSH_SetUsbAddress
 .text.USBFSH_SetUsbConfig
                0x000000000000244c       0x22 ./User/USBTouch/ch32v30x_usbfs_host.o
                0x000000000000244c                USBFSH_SetUsbConfig
 .text.USBFSH_ClearEndpStall
                0x000000000000246e       0x22 ./User/USBTouch/ch32v30x_usbfs_host.o
                0x000000000000246e                USBFSH_ClearEndpStall
 .text.USBFSH_GetEndpData
                0x0000000000002490       0x44 ./User/USBTouch/ch32v30x_usbfs_host.o
                0x0000000000002490                USBFSH_GetEndpData
 .text.USBFSH_SendEndpData
                0x00000000000024d4       0x3c ./User/USBTouch/ch32v30x_usbfs_host.o
                0x00000000000024d4                USBFSH_SendEndpData
 .text.HID_GetHidDesr
                0x0000000000002510       0x38 ./User/USBTouch/usb_host_hid.o
                0x0000000000002510                HID_GetHidDesr
 .text.HID_SetReport
                0x0000000000002548       0x34 ./User/USBTouch/usb_host_hid.o
                0x0000000000002548                HID_SetReport
 .text.HID_SetIdle
                0x000000000000257c       0x38 ./User/USBTouch/usb_host_hid.o
                0x000000000000257c                HID_SetIdle
 .text.HUB_GetPortStatus
                0x00000000000025b4       0x36 ./User/USBTouch/usb_host_hub.o
                0x00000000000025b4                HUB_GetPortStatus
 .text.HUB_ClearPortFeature
                0x00000000000025ea       0x30 ./User/USBTouch/usb_host_hub.o
                0x00000000000025ea                HUB_ClearPortFeature
 .text.HUB_SetPortFeature
                0x000000000000261a       0x30 ./User/USBTouch/usb_host_hub.o
                0x000000000000261a                HUB_SetPortFeature
 .text.HUB_GetClassDevDescr
                0x000000000000264a       0x48 ./User/USBTouch/usb_host_hub.o
                0x000000000000264a                HUB_GetClassDevDescr
 .text.Send_Touch_Packet
                0x0000000000002692       0xec ./User/USBTouch/usb_touch_relay.o
                0x0000000000002692                Send_Touch_Packet
 .text.Parse_Touch_Report
                0x000000000000277e      0x1d8 ./User/USBTouch/usb_touch_relay.o
                0x000000000000277e                Parse_Touch_Report
 .text.Clock_Init
                0x0000000000002956       0x5c ./User/Clock.o
                0x0000000000002956                Clock_Init
 .text.TIM1_UP_IRQHandler
                0x00000000000029b2       0x88 ./User/Clock.o
                0x00000000000029b2                TIM1_UP_IRQHandler
 .text.Fiber_Init
                0x0000000000002a3a       0xa2 ./User/Fiber.o
                0x0000000000002a3a                Fiber_Init
 .text.Fiber_Send_RemoteControl
                0x0000000000002adc       0x62 ./User/Fiber.o
                0x0000000000002adc                Fiber_Send_RemoteControl
 .text.USART3_IRQHandler
                0x0000000000002b3e       0xe6 ./User/Fiber.o
                0x0000000000002b3e                USART3_IRQHandler
 .text.OLED_W_SCL
                0x0000000000002c24       0x20 ./User/OLED.o
                0x0000000000002c24                OLED_W_SCL
 .text.OLED_W_SDA
                0x0000000000002c44       0x20 ./User/OLED.o
                0x0000000000002c44                OLED_W_SDA
 .text.OLED_GPIO_Init
                0x0000000000002c64       0x3c ./User/OLED.o
                0x0000000000002c64                OLED_GPIO_Init
 .text.OLED_I2C_Start
                0x0000000000002ca0       0x20 ./User/OLED.o
                0x0000000000002ca0                OLED_I2C_Start
 .text.OLED_I2C_Stop
                0x0000000000002cc0       0x1a ./User/OLED.o
                0x0000000000002cc0                OLED_I2C_Stop
 .text.OLED_I2C_SendByte
                0x0000000000002cda       0x40 ./User/OLED.o
                0x0000000000002cda                OLED_I2C_SendByte
 .text.OLED_WriteCommand
                0x0000000000002d1a       0x26 ./User/OLED.o
                0x0000000000002d1a                OLED_WriteCommand
 .text.OLED_WriteData
                0x0000000000002d40       0x34 ./User/OLED.o
                0x0000000000002d40                OLED_WriteData
 .text.OLED_SetCursor
                0x0000000000002d74       0x26 ./User/OLED.o
                0x0000000000002d74                OLED_SetCursor
 .text.OLED_Update
                0x0000000000002d9a       0x30 ./User/OLED.o
                0x0000000000002d9a                OLED_Update
 .text.OLED_Clear
                0x0000000000002dca       0x26 ./User/OLED.o
                0x0000000000002dca                OLED_Clear
 .text.OLED_Init
                0x0000000000002df0       0xc6 ./User/OLED.o
                0x0000000000002df0                OLED_Init
 .text.OLED_ClearArea
                0x0000000000002eb6       0x6a ./User/OLED.o
                0x0000000000002eb6                OLED_ClearArea
 .text.OLED_ShowImage
                0x0000000000002f20       0xdc ./User/OLED.o
                0x0000000000002f20                OLED_ShowImage
 .text.OLED_ShowChar
                0x0000000000002ffc       0x3c ./User/OLED.o
                0x0000000000002ffc                OLED_ShowChar
 .text.OLED_ShowNum
                0x0000000000003038       0x5c ./User/OLED.o
                0x0000000000003038                OLED_ShowNum
 .text.OLED_ShowSignedNum
                0x0000000000003094       0x74 ./User/OLED.o
                0x0000000000003094                OLED_ShowSignedNum
 .text.OLED_ShowString
                0x0000000000003108      0x158 ./User/OLED.o
                0x0000000000003108                OLED_ShowString
 .text.SIM_Init
                0x0000000000003260       0xb8 ./User/SIM.o
                0x0000000000003260                SIM_Init
 .text.SIM_SendCmd
                0x0000000000003318      0x100 ./User/SIM.o
                0x0000000000003318                SIM_SendCmd
 .text.USART2_IRQHandler
                0x0000000000003418      0x118 ./User/SIM.o
                0x0000000000003418                USART2_IRQHandler
 .text.SIM_GetLine
                0x0000000000003530       0xfe ./User/SIM.o
                0x0000000000003530                SIM_GetLine
 .text.NMI_Handler
                0x000000000000362e        0x2 ./User/ch32v30x_it.o
                0x000000000000362e                NMI_Handler
 .text.HardFault_Handler
                0x0000000000003630       0x10 ./User/ch32v30x_it.o
                0x0000000000003630                HardFault_Handler
 .text.startup.main
                0x0000000000003640      0x33a ./User/main.o
                0x0000000000003640                main
 .text.Stick_Init
                0x000000000000397a      0x17e ./User/stick.o
                0x000000000000397a                Stick_Init
 .text.Stick_Start
                0x0000000000003af8       0x1e ./User/stick.o
                0x0000000000003af8                Stick_Start
 .text.TIM2_IRQHandler
                0x0000000000003b16      0x130 ./User/stick.o
                0x0000000000003b16                TIM2_IRQHandler
 .text.ADC_Map  0x0000000000003c46       0x48 ./User/stick.o
                0x0000000000003c46                ADC_Map
 .text.SystemInit
                0x0000000000003c8e       0xea ./User/system_ch32v30x.o
                0x0000000000003c8e                SystemInit
 .text.SystemCoreClockUpdate
                0x0000000000003d78       0x8e ./User/system_ch32v30x.o
                0x0000000000003d78                SystemCoreClockUpdate
 .text.vector_handler
                0x0000000000003e06        0x2 ./Startup/startup_ch32v30x_D8.o
                0x0000000000003e06                EXTI2_IRQHandler
                0x0000000000003e06                TIM8_TRG_COM_IRQHandler
                0x0000000000003e06                TIM8_CC_IRQHandler
                0x0000000000003e06                UART8_IRQHandler
                0x0000000000003e06                TIM1_CC_IRQHandler
                0x0000000000003e06                TIM6_IRQHandler
                0x0000000000003e06                SysTick_Handler
                0x0000000000003e06                PVD_IRQHandler
                0x0000000000003e06                SDIO_IRQHandler
                0x0000000000003e06                TIM9_BRK_IRQHandler
                0x0000000000003e06                DMA2_Channel8_IRQHandler
                0x0000000000003e06                EXTI3_IRQHandler
                0x0000000000003e06                DMA2_Channel9_IRQHandler
                0x0000000000003e06                TIM10_CC_IRQHandler
                0x0000000000003e06                USBFS_IRQHandler
                0x0000000000003e06                EXTI0_IRQHandler
                0x0000000000003e06                I2C2_EV_IRQHandler
                0x0000000000003e06                TIM10_TRG_COM_IRQHandler
                0x0000000000003e06                ADC1_2_IRQHandler
                0x0000000000003e06                Break_Point_Handler
                0x0000000000003e06                SPI1_IRQHandler
                0x0000000000003e06                TAMPER_IRQHandler
                0x0000000000003e06                TIM8_UP_IRQHandler
                0x0000000000003e06                Ecall_M_Mode_Handler
                0x0000000000003e06                DMA2_Channel2_IRQHandler
                0x0000000000003e06                DMA1_Channel4_IRQHandler
                0x0000000000003e06                TIM9_UP_IRQHandler
                0x0000000000003e06                RTC_IRQHandler
                0x0000000000003e06                DMA1_Channel7_IRQHandler
                0x0000000000003e06                CAN1_RX1_IRQHandler
                0x0000000000003e06                UART5_IRQHandler
                0x0000000000003e06                DMA2_Channel1_IRQHandler
                0x0000000000003e06                I2C1_EV_IRQHandler
                0x0000000000003e06                DMA1_Channel6_IRQHandler
                0x0000000000003e06                UART4_IRQHandler
                0x0000000000003e06                DMA2_Channel4_IRQHandler
                0x0000000000003e06                RCC_IRQHandler
                0x0000000000003e06                TIM1_TRG_COM_IRQHandler
                0x0000000000003e06                DMA1_Channel1_IRQHandler
                0x0000000000003e06                DMA2_Channel7_IRQHandler
                0x0000000000003e06                EXTI15_10_IRQHandler
                0x0000000000003e06                TIM7_IRQHandler
                0x0000000000003e06                TIM5_IRQHandler
                0x0000000000003e06                EXTI9_5_IRQHandler
                0x0000000000003e06                SPI2_IRQHandler
                0x0000000000003e06                TIM10_BRK_IRQHandler
                0x0000000000003e06                TIM9_CC_IRQHandler
                0x0000000000003e06                DMA2_Channel5_IRQHandler
                0x0000000000003e06                DMA1_Channel5_IRQHandler
                0x0000000000003e06                EXTI4_IRQHandler
                0x0000000000003e06                USB_LP_CAN1_RX0_IRQHandler
                0x0000000000003e06                RNG_IRQHandler
                0x0000000000003e06                USB_HP_CAN1_TX_IRQHandler
                0x0000000000003e06                DMA1_Channel3_IRQHandler
                0x0000000000003e06                WWDG_IRQHandler
                0x0000000000003e06                DMA2_Channel11_IRQHandler
                0x0000000000003e06                Ecall_U_Mode_Handler
                0x0000000000003e06                DMA2_Channel6_IRQHandler
                0x0000000000003e06                SW_Handler
                0x0000000000003e06                TIM1_BRK_IRQHandler
                0x0000000000003e06                DMA2_Channel10_IRQHandler
                0x0000000000003e06                EXTI1_IRQHandler
                0x0000000000003e06                RTCAlarm_IRQHandler
                0x0000000000003e06                TIM10_UP_IRQHandler
                0x0000000000003e06                TIM9_TRG_COM_IRQHandler
                0x0000000000003e06                UART7_IRQHandler
                0x0000000000003e06                UART6_IRQHandler
                0x0000000000003e06                I2C2_ER_IRQHandler
                0x0000000000003e06                DMA1_Channel2_IRQHandler
                0x0000000000003e06                TIM8_BRK_IRQHandler
                0x0000000000003e06                CAN1_SCE_IRQHandler
                0x0000000000003e06                FLASH_IRQHandler
                0x0000000000003e06                USART1_IRQHandler
                0x0000000000003e06                SPI3_IRQHandler
                0x0000000000003e06                I2C1_ER_IRQHandler
                0x0000000000003e06                DMA2_Channel3_IRQHandler
 .text.handle_reset
                0x0000000000003e08       0x8a ./Startup/startup_ch32v30x_D8.o
                0x0000000000003e08                handle_reset
 .text.ADC_DeInit
                0x0000000000003e92       0x40 ./Peripheral/src/ch32v30x_adc.o
                0x0000000000003e92                ADC_DeInit
 .text.ADC_Init
                0x0000000000003ed2       0x56 ./Peripheral/src/ch32v30x_adc.o
                0x0000000000003ed2                ADC_Init
 .text.ADC_Cmd  0x0000000000003f28       0x10 ./Peripheral/src/ch32v30x_adc.o
                0x0000000000003f28                ADC_Cmd
 .text.ADC_DMACmd
                0x0000000000003f38       0x12 ./Peripheral/src/ch32v30x_adc.o
                0x0000000000003f38                ADC_DMACmd
 .text.ADC_ResetCalibration
                0x0000000000003f4a        0xa ./Peripheral/src/ch32v30x_adc.o
                0x0000000000003f4a                ADC_ResetCalibration
 .text.ADC_GetResetCalibrationStatus
                0x0000000000003f54        0x8 ./Peripheral/src/ch32v30x_adc.o
                0x0000000000003f54                ADC_GetResetCalibrationStatus
 .text.ADC_StartCalibration
                0x0000000000003f5c        0xa ./Peripheral/src/ch32v30x_adc.o
                0x0000000000003f5c                ADC_StartCalibration
 .text.ADC_SoftwareStartConvCmd
                0x0000000000003f66       0x18 ./Peripheral/src/ch32v30x_adc.o
                0x0000000000003f66                ADC_SoftwareStartConvCmd
 .text.ADC_RegularChannelConfig
                0x0000000000003f7e       0xb8 ./Peripheral/src/ch32v30x_adc.o
                0x0000000000003f7e                ADC_RegularChannelConfig
 .text.ADC_ExternalTrigInjectedConvConfig
                0x0000000000004036        0xe ./Peripheral/src/ch32v30x_adc.o
                0x0000000000004036                ADC_ExternalTrigInjectedConvConfig
 .text.ADC_BufferCmd
                0x0000000000004044       0x18 ./Peripheral/src/ch32v30x_adc.o
                0x0000000000004044                ADC_BufferCmd
 .text.DBGMCU_GetCHIPID
                0x000000000000405c        0xa ./Peripheral/src/ch32v30x_dbgmcu.o
                0x000000000000405c                DBGMCU_GetCHIPID
 .text.DMA_DeInit
                0x0000000000004066      0x16c ./Peripheral/src/ch32v30x_dma.o
                0x0000000000004066                DMA_DeInit
 .text.DMA_Init
                0x00000000000041d2       0x38 ./Peripheral/src/ch32v30x_dma.o
                0x00000000000041d2                DMA_Init
 .text.DMA_Cmd  0x000000000000420a       0x14 ./Peripheral/src/ch32v30x_dma.o
                0x000000000000420a                DMA_Cmd
 .text.GPIO_Init
                0x000000000000421e       0xc0 ./Peripheral/src/ch32v30x_gpio.o
                0x000000000000421e                GPIO_Init
 .text.GPIO_ReadInputDataBit
                0x00000000000042de        0xa ./Peripheral/src/ch32v30x_gpio.o
                0x00000000000042de                GPIO_ReadInputDataBit
 .text.GPIO_WriteBit
                0x00000000000042e8        0xa ./Peripheral/src/ch32v30x_gpio.o
                0x00000000000042e8                GPIO_WriteBit
 .text.NVIC_PriorityGroupConfig
                0x00000000000042f2        0x6 ./Peripheral/src/ch32v30x_misc.o
                0x00000000000042f2                NVIC_PriorityGroupConfig
 .text.NVIC_Init
                0x00000000000042f8       0x5c ./Peripheral/src/ch32v30x_misc.o
                0x00000000000042f8                NVIC_Init
 .text.RCC_ADCCLKConfig
                0x0000000000004354       0x12 ./Peripheral/src/ch32v30x_rcc.o
                0x0000000000004354                RCC_ADCCLKConfig
 .text.RCC_GetClocksFreq
                0x0000000000004366      0x106 ./Peripheral/src/ch32v30x_rcc.o
                0x0000000000004366                RCC_GetClocksFreq
 .text.RCC_AHBPeriphClockCmd
                0x000000000000446c       0x1e ./Peripheral/src/ch32v30x_rcc.o
                0x000000000000446c                RCC_AHBPeriphClockCmd
 .text.RCC_APB2PeriphClockCmd
                0x000000000000448a       0x1e ./Peripheral/src/ch32v30x_rcc.o
                0x000000000000448a                RCC_APB2PeriphClockCmd
 .text.RCC_APB1PeriphClockCmd
                0x00000000000044a8       0x1e ./Peripheral/src/ch32v30x_rcc.o
                0x00000000000044a8                RCC_APB1PeriphClockCmd
 .text.RCC_APB2PeriphResetCmd
                0x00000000000044c6       0x1e ./Peripheral/src/ch32v30x_rcc.o
                0x00000000000044c6                RCC_APB2PeriphResetCmd
 .text.RCC_USBFSCLKConfig
                0x00000000000044e4       0x1a ./Peripheral/src/ch32v30x_rcc.o
                0x00000000000044e4                RCC_USBFSCLKConfig
 .text.TIM_TimeBaseInit
                0x00000000000044fe       0xaa ./Peripheral/src/ch32v30x_tim.o
                0x00000000000044fe                TIM_TimeBaseInit
 .text.TIM_Cmd  0x00000000000045a8       0x18 ./Peripheral/src/ch32v30x_tim.o
                0x00000000000045a8                TIM_Cmd
 .text.TIM_ITConfig
                0x00000000000045c0       0x12 ./Peripheral/src/ch32v30x_tim.o
                0x00000000000045c0                TIM_ITConfig
 .text.TIM_GetITStatus
                0x00000000000045d2       0x18 ./Peripheral/src/ch32v30x_tim.o
                0x00000000000045d2                TIM_GetITStatus
 .text.TIM_ClearITPendingBit
                0x00000000000045ea        0xc ./Peripheral/src/ch32v30x_tim.o
                0x00000000000045ea                TIM_ClearITPendingBit
 .text.USART_Init
                0x00000000000045f6       0x90 ./Peripheral/src/ch32v30x_usart.o
                0x00000000000045f6                USART_Init
 .text.USART_Cmd
                0x0000000000004686       0x16 ./Peripheral/src/ch32v30x_usart.o
                0x0000000000004686                USART_Cmd
 .text.USART_ITConfig
                0x000000000000469c       0x36 ./Peripheral/src/ch32v30x_usart.o
                0x000000000000469c                USART_ITConfig
 .text.USART_SendData
                0x00000000000046d2        0x8 ./Peripheral/src/ch32v30x_usart.o
                0x00000000000046d2                USART_SendData
 .text.USART_ReceiveData
                0x00000000000046da        0x8 ./Peripheral/src/ch32v30x_usart.o
                0x00000000000046da                USART_ReceiveData
 .text.USART_GetFlagStatus
                0x00000000000046e2        0xa ./Peripheral/src/ch32v30x_usart.o
                0x00000000000046e2                USART_GetFlagStatus
 .text.USART_GetITStatus
                0x00000000000046ec       0x3c ./Peripheral/src/ch32v30x_usart.o
                0x00000000000046ec                USART_GetITStatus
 .text.USART_ClearITPendingBit
                0x0000000000004728       0x14 ./Peripheral/src/ch32v30x_usart.o
                0x0000000000004728                USART_ClearITPendingBit
 .text.Delay_Init
                0x000000000000473c       0x26 ./Debug/debug.o
                0x000000000000473c                Delay_Init
 .text.Delay_Us
                0x0000000000004762       0x36 ./Debug/debug.o
                0x0000000000004762                Delay_Us
 .text.Delay_Ms
                0x0000000000004798       0x36 ./Debug/debug.o
                0x0000000000004798                Delay_Ms
 .text.USART_Printf_Init
                0x00000000000047ce       0x5a ./Debug/debug.o
                0x00000000000047ce                USART_Printf_Init
 .text._write   0x0000000000004828       0x3e ./Debug/debug.o
                0x0000000000004828                _write
 .text._sbrk    0x0000000000004866       0x26 ./Debug/debug.o
                0x0000000000004866                _sbrk
 .text.memchr   0x000000000000488c       0x18 d:/mounriver-mounriver_studio2/mounriver_studio2/resources/app/resources/win32/components/wch/toolchain/risc-v embedded gcc/bin/../lib/gcc/riscv-none-embed/8.2.0/../../../../riscv-none-embed/lib/rv32imacxw/ilp32\libg_nano.a(lib_a-memchr.o)
                0x000000000000488c                memchr
 .text.memcpy   0x00000000000048a4       0xb2 d:/mounriver-mounriver_studio2/mounriver_studio2/resources/app/resources/win32/components/wch/toolchain/risc-v embedded gcc/bin/../lib/gcc/riscv-none-embed/8.2.0/../../../../riscv-none-embed/lib/rv32imacxw/ilp32\libg_nano.a(lib_a-memcpy.o)
                0x00000000000048a4                memcpy
 .text.printf   0x0000000000004956       0x40 d:/mounriver-mounriver_studio2/mounriver_studio2/resources/app/resources/win32/components/wch/toolchain/risc-v embedded gcc/bin/../lib/gcc/riscv-none-embed/8.2.0/../../../../riscv-none-embed/lib/rv32imacxw/ilp32\libg_nano.a(lib_a-printf.o)
                0x0000000000004956                iprintf
                0x0000000000004956                printf
 .text._puts_r  0x0000000000004996       0xd4 d:/mounriver-mounriver_studio2/mounriver_studio2/resources/app/resources/win32/components/wch/toolchain/risc-v embedded gcc/bin/../lib/gcc/riscv-none-embed/8.2.0/../../../../riscv-none-embed/lib/rv32imacxw/ilp32\libg_nano.a(lib_a-puts.o)
                0x0000000000004996                _puts_r
 .text.puts     0x0000000000004a6a        0xc d:/mounriver-mounriver_studio2/mounriver_studio2/resources/app/resources/win32/components/wch/toolchain/risc-v embedded gcc/bin/../lib/gcc/riscv-none-embed/8.2.0/../../../../riscv-none-embed/lib/rv32imacxw/ilp32\libg_nano.a(lib_a-puts.o)
                0x0000000000004a6a                puts
 .text.strstr   0x0000000000004a76       0x34 d:/mounriver-mounriver_studio2/mounriver_studio2/resources/app/resources/win32/components/wch/toolchain/risc-v embedded gcc/bin/../lib/gcc/riscv-none-embed/8.2.0/../../../../riscv-none-embed/lib/rv32imacxw/ilp32\libg_nano.a(lib_a-strstr.o)
                0x0000000000004a76                strstr
 .text.__swbuf_r
                0x0000000000004aaa       0xbc d:/mounriver-mounriver_studio2/mounriver_studio2/resources/app/resources/win32/components/wch/toolchain/risc-v embedded gcc/bin/../lib/gcc/riscv-none-embed/8.2.0/../../../../riscv-none-embed/lib/rv32imacxw/ilp32\libg_nano.a(lib_a-wbuf.o)
                0x0000000000004aaa                __swbuf_r
 .text.__swsetup_r
                0x0000000000004b66       0xfc d:/mounriver-mounriver_studio2/mounriver_studio2/resources/app/resources/win32/components/wch/toolchain/risc-v embedded gcc/bin/../lib/gcc/riscv-none-embed/8.2.0/../../../../riscv-none-embed/lib/rv32imacxw/ilp32\libg_nano.a(lib_a-wsetup.o)
                0x0000000000004b66                __swsetup_r
 .text.__sflush_r
                0x0000000000004c62      0x130 d:/mounriver-mounriver_studio2/mounriver_studio2/resources/app/resources/win32/components/wch/toolchain/risc-v embedded gcc/bin/../lib/gcc/riscv-none-embed/8.2.0/../../../../riscv-none-embed/lib/rv32imacxw/ilp32\libg_nano.a(lib_a-fflush.o)
                0x0000000000004c62                __sflush_r
 .text._fflush_r
                0x0000000000004d92       0x66 d:/mounriver-mounriver_studio2/mounriver_studio2/resources/app/resources/win32/components/wch/toolchain/risc-v embedded gcc/bin/../lib/gcc/riscv-none-embed/8.2.0/../../../../riscv-none-embed/lib/rv32imacxw/ilp32\libg_nano.a(lib_a-fflush.o)
                0x0000000000004d92                _fflush_r
 .text.std      0x0000000000004df8       0x66 d:/mounriver-mounriver_studio2/mounriver_studio2/resources/app/resources/win32/components/wch/toolchain/risc-v embedded gcc/bin/../lib/gcc/riscv-none-embed/8.2.0/../../../../riscv-none-embed/lib/rv32imacxw/ilp32\libg_nano.a(lib_a-findfp.o)
 .text._cleanup_r
                0x0000000000004e5e        0xa d:/mounriver-mounriver_studio2/mounriver_studio2/resources/app/resources/win32/components/wch/toolchain/risc-v embedded gcc/bin/../lib/gcc/riscv-none-embed/8.2.0/../../../../riscv-none-embed/lib/rv32imacxw/ilp32\libg_nano.a(lib_a-findfp.o)
                0x0000000000004e5e                _cleanup_r
 .text.__sfmoreglue
                0x0000000000004e68       0x46 d:/mounriver-mounriver_studio2/mounriver_studio2/resources/app/resources/win32/components/wch/toolchain/risc-v embedded gcc/bin/../lib/gcc/riscv-none-embed/8.2.0/../../../../riscv-none-embed/lib/rv32imacxw/ilp32\libg_nano.a(lib_a-findfp.o)
                0x0000000000004e68                __sfmoreglue
 .text.__sinit  0x0000000000004eae       0x6c d:/mounriver-mounriver_studio2/mounriver_studio2/resources/app/resources/win32/components/wch/toolchain/risc-v embedded gcc/bin/../lib/gcc/riscv-none-embed/8.2.0/../../../../riscv-none-embed/lib/rv32imacxw/ilp32\libg_nano.a(lib_a-findfp.o)
                0x0000000000004eae                __sinit
 .text.__sfp    0x0000000000004f1a       0xa0 d:/mounriver-mounriver_studio2/mounriver_studio2/resources/app/resources/win32/components/wch/toolchain/risc-v embedded gcc/bin/../lib/gcc/riscv-none-embed/8.2.0/../../../../riscv-none-embed/lib/rv32imacxw/ilp32\libg_nano.a(lib_a-findfp.o)
                0x0000000000004f1a                __sfp
 .text._fwalk_reent
                0x0000000000004fba       0x6a d:/mounriver-mounriver_studio2/mounriver_studio2/resources/app/resources/win32/components/wch/toolchain/risc-v embedded gcc/bin/../lib/gcc/riscv-none-embed/8.2.0/../../../../riscv-none-embed/lib/rv32imacxw/ilp32\libg_nano.a(lib_a-fwalk.o)
                0x0000000000004fba                _fwalk_reent
 .text.__swhatbuf_r
                0x0000000000005024       0x58 d:/mounriver-mounriver_studio2/mounriver_studio2/resources/app/resources/win32/components/wch/toolchain/risc-v embedded gcc/bin/../lib/gcc/riscv-none-embed/8.2.0/../../../../riscv-none-embed/lib/rv32imacxw/ilp32\libg_nano.a(lib_a-makebuf.o)
                0x0000000000005024                __swhatbuf_r
 .text.__smakebuf_r
                0x000000000000507c       0x92 d:/mounriver-mounriver_studio2/mounriver_studio2/resources/app/resources/win32/components/wch/toolchain/risc-v embedded gcc/bin/../lib/gcc/riscv-none-embed/8.2.0/../../../../riscv-none-embed/lib/rv32imacxw/ilp32\libg_nano.a(lib_a-makebuf.o)
                0x000000000000507c                __smakebuf_r
 .text._free_r  0x000000000000510e       0xa8 d:/mounriver-mounriver_studio2/mounriver_studio2/resources/app/resources/win32/components/wch/toolchain/risc-v embedded gcc/bin/../lib/gcc/riscv-none-embed/8.2.0/../../../../riscv-none-embed/lib/rv32imacxw/ilp32\libg_nano.a(lib_a-nano-freer.o)
                0x000000000000510e                _free_r
 .text._malloc_r
                0x00000000000051b6       0xd4 d:/mounriver-mounriver_studio2/mounriver_studio2/resources/app/resources/win32/components/wch/toolchain/risc-v embedded gcc/bin/../lib/gcc/riscv-none-embed/8.2.0/../../../../riscv-none-embed/lib/rv32imacxw/ilp32\libg_nano.a(lib_a-nano-mallocr.o)
                0x00000000000051b6                _malloc_r
 .text.__sfputc_r
                0x000000000000528a       0x28 d:/mounriver-mounriver_studio2/mounriver_studio2/resources/app/resources/win32/components/wch/toolchain/risc-v embedded gcc/bin/../lib/gcc/riscv-none-embed/8.2.0/../../../../riscv-none-embed/lib/rv32imacxw/ilp32\libg_nano.a(lib_a-nano-vfprintf.o)
 .text.__sfputs_r
                0x00000000000052b2       0x42 d:/mounriver-mounriver_studio2/mounriver_studio2/resources/app/resources/win32/components/wch/toolchain/risc-v embedded gcc/bin/../lib/gcc/riscv-none-embed/8.2.0/../../../../riscv-none-embed/lib/rv32imacxw/ilp32\libg_nano.a(lib_a-nano-vfprintf.o)
                0x00000000000052b2                __sfputs_r
 .text._vfprintf_r
                0x00000000000052f4      0x28e d:/mounriver-mounriver_studio2/mounriver_studio2/resources/app/resources/win32/components/wch/toolchain/risc-v embedded gcc/bin/../lib/gcc/riscv-none-embed/8.2.0/../../../../riscv-none-embed/lib/rv32imacxw/ilp32\libg_nano.a(lib_a-nano-vfprintf.o)
                0x00000000000052f4                _vfprintf_r
                0x00000000000052f4                _vfiprintf_r
 .text._printf_common
                0x0000000000005582      0x10c d:/mounriver-mounriver_studio2/mounriver_studio2/resources/app/resources/win32/components/wch/toolchain/risc-v embedded gcc/bin/../lib/gcc/riscv-none-embed/8.2.0/../../../../riscv-none-embed/lib/rv32imacxw/ilp32\libg_nano.a(lib_a-nano-vfprintf_i.o)
                0x0000000000005582                _printf_common
 .text._printf_i
                0x000000000000568e      0x2a4 d:/mounriver-mounriver_studio2/mounriver_studio2/resources/app/resources/win32/components/wch/toolchain/risc-v embedded gcc/bin/../lib/gcc/riscv-none-embed/8.2.0/../../../../riscv-none-embed/lib/rv32imacxw/ilp32\libg_nano.a(lib_a-nano-vfprintf_i.o)
                0x000000000000568e                _printf_i
 .text._sbrk_r  0x0000000000005932       0x2a d:/mounriver-mounriver_studio2/mounriver_studio2/resources/app/resources/win32/components/wch/toolchain/risc-v embedded gcc/bin/../lib/gcc/riscv-none-embed/8.2.0/../../../../riscv-none-embed/lib/rv32imacxw/ilp32\libg_nano.a(lib_a-sbrkr.o)
                0x0000000000005932                _sbrk_r
 .text.__sread  0x000000000000595c       0x2c d:/mounriver-mounriver_studio2/mounriver_studio2/resources/app/resources/win32/components/wch/toolchain/risc-v embedded gcc/bin/../lib/gcc/riscv-none-embed/8.2.0/../../../../riscv-none-embed/lib/rv32imacxw/ilp32\libg_nano.a(lib_a-stdio.o)
                0x000000000000595c                __sread
 .text.__swrite
                0x0000000000005988       0x48 d:/mounriver-mounriver_studio2/mounriver_studio2/resources/app/resources/win32/components/wch/toolchain/risc-v embedded gcc/bin/../lib/gcc/riscv-none-embed/8.2.0/../../../../riscv-none-embed/lib/rv32imacxw/ilp32\libg_nano.a(lib_a-stdio.o)
                0x0000000000005988                __swrite
 .text.__sseek  0x00000000000059d0       0x30 d:/mounriver-mounriver_studio2/mounriver_studio2/resources/app/resources/win32/components/wch/toolchain/risc-v embedded gcc/bin/../lib/gcc/riscv-none-embed/8.2.0/../../../../riscv-none-embed/lib/rv32imacxw/ilp32\libg_nano.a(lib_a-stdio.o)
                0x00000000000059d0                __sseek
 .text.__sclose
                0x0000000000005a00        0x6 d:/mounriver-mounriver_studio2/mounriver_studio2/resources/app/resources/win32/components/wch/toolchain/risc-v embedded gcc/bin/../lib/gcc/riscv-none-embed/8.2.0/../../../../riscv-none-embed/lib/rv32imacxw/ilp32\libg_nano.a(lib_a-stdio.o)
                0x0000000000005a00                __sclose
 .text._write_r
                0x0000000000005a06       0x2e d:/mounriver-mounriver_studio2/mounriver_studio2/resources/app/resources/win32/components/wch/toolchain/risc-v embedded gcc/bin/../lib/gcc/riscv-none-embed/8.2.0/../../../../riscv-none-embed/lib/rv32imacxw/ilp32\libg_nano.a(lib_a-writer.o)
                0x0000000000005a06                _write_r
 .text._close_r
                0x0000000000005a34       0x28 d:/mounriver-mounriver_studio2/mounriver_studio2/resources/app/resources/win32/components/wch/toolchain/risc-v embedded gcc/bin/../lib/gcc/riscv-none-embed/8.2.0/../../../../riscv-none-embed/lib/rv32imacxw/ilp32\libg_nano.a(lib_a-closer.o)
                0x0000000000005a34                _close_r
 .text._fstat_r
                0x0000000000005a5c       0x2a d:/mounriver-mounriver_studio2/mounriver_studio2/resources/app/resources/win32/components/wch/toolchain/risc-v embedded gcc/bin/../lib/gcc/riscv-none-embed/8.2.0/../../../../riscv-none-embed/lib/rv32imacxw/ilp32\libg_nano.a(lib_a-fstatr.o)
                0x0000000000005a5c                _fstat_r
 .text._isatty_r
                0x0000000000005a86       0x28 d:/mounriver-mounriver_studio2/mounriver_studio2/resources/app/resources/win32/components/wch/toolchain/risc-v embedded gcc/bin/../lib/gcc/riscv-none-embed/8.2.0/../../../../riscv-none-embed/lib/rv32imacxw/ilp32\libg_nano.a(lib_a-isattyr.o)
                0x0000000000005a86                _isatty_r
 .text._lseek_r
                0x0000000000005aae       0x2c d:/mounriver-mounriver_studio2/mounriver_studio2/resources/app/resources/win32/components/wch/toolchain/risc-v embedded gcc/bin/../lib/gcc/riscv-none-embed/8.2.0/../../../../riscv-none-embed/lib/rv32imacxw/ilp32\libg_nano.a(lib_a-lseekr.o)
                0x0000000000005aae                _lseek_r
 .text.__malloc_lock
                0x0000000000005ada        0x2 d:/mounriver-mounriver_studio2/mounriver_studio2/resources/app/resources/win32/components/wch/toolchain/risc-v embedded gcc/bin/../lib/gcc/riscv-none-embed/8.2.0/../../../../riscv-none-embed/lib/rv32imacxw/ilp32\libg_nano.a(lib_a-mlock.o)
                0x0000000000005ada                __malloc_lock
 .text.__malloc_unlock
                0x0000000000005adc        0x2 d:/mounriver-mounriver_studio2/mounriver_studio2/resources/app/resources/win32/components/wch/toolchain/risc-v embedded gcc/bin/../lib/gcc/riscv-none-embed/8.2.0/../../../../riscv-none-embed/lib/rv32imacxw/ilp32\libg_nano.a(lib_a-mlock.o)
                0x0000000000005adc                __malloc_unlock
 .text._read_r  0x0000000000005ade       0x2c d:/mounriver-mounriver_studio2/mounriver_studio2/resources/app/resources/win32/components/wch/toolchain/risc-v embedded gcc/bin/../lib/gcc/riscv-none-embed/8.2.0/../../../../riscv-none-embed/lib/rv32imacxw/ilp32\libg_nano.a(lib_a-readr.o)
                0x0000000000005ade                _read_r
 .text._close   0x0000000000005b0a        0xc d:/mounriver-mounriver_studio2/mounriver_studio2/resources/app/resources/win32/components/wch/toolchain/risc-v embedded gcc/bin/../lib/gcc/riscv-none-embed/8.2.0/../../../../riscv-none-embed/lib/rv32imacxw/ilp32\libnosys.a(close.o)
                0x0000000000005b0a                _close
 .text._fstat   0x0000000000005b16        0xc d:/mounriver-mounriver_studio2/mounriver_studio2/resources/app/resources/win32/components/wch/toolchain/risc-v embedded gcc/bin/../lib/gcc/riscv-none-embed/8.2.0/../../../../riscv-none-embed/lib/rv32imacxw/ilp32\libnosys.a(fstat.o)
                0x0000000000005b16                _fstat
 .text._isatty  0x0000000000005b22        0xc d:/mounriver-mounriver_studio2/mounriver_studio2/resources/app/resources/win32/components/wch/toolchain/risc-v embedded gcc/bin/../lib/gcc/riscv-none-embed/8.2.0/../../../../riscv-none-embed/lib/rv32imacxw/ilp32\libnosys.a(isatty.o)
                0x0000000000005b22                _isatty
 .text._lseek   0x0000000000005b2e        0xc d:/mounriver-mounriver_studio2/mounriver_studio2/resources/app/resources/win32/components/wch/toolchain/risc-v embedded gcc/bin/../lib/gcc/riscv-none-embed/8.2.0/../../../../riscv-none-embed/lib/rv32imacxw/ilp32\libnosys.a(lseek.o)
                0x0000000000005b2e                _lseek
 .text._read    0x0000000000005b3a        0xc d:/mounriver-mounriver_studio2/mounriver_studio2/resources/app/resources/win32/components/wch/toolchain/risc-v embedded gcc/bin/../lib/gcc/riscv-none-embed/8.2.0/../../../../riscv-none-embed/lib/rv32imacxw/ilp32\libnosys.a(read.o)
                0x0000000000005b3a                _read
 *(.rodata)
 *(.rodata*)
 *fill*         0x0000000000005b46        0x2 
 .rodata.Touch_Init.str1.4
                0x0000000000005b48       0x2e ./User/USBTouch/Touch.o
 *fill*         0x0000000000005b76        0x2 
 .rodata.HUB_Port_PreEnum1.str1.4
                0x0000000000005b78       0x4d ./User/USBTouch/app_km.o
 *fill*         0x0000000000005bc5        0x3 
 .rodata.HUB_Port_PreEnum2.str1.4
                0x0000000000005bc8       0x4c ./User/USBTouch/app_km.o
 .rodata.KM_DealHidReportDesc.str1.4
                0x0000000000005c14       0x1a ./User/USBTouch/app_km.o
 *fill*         0x0000000000005c2e        0x2 
 .rodata.USBH_EnumHidDevice.str1.4
                0x0000000000005c30        0xb ./User/USBTouch/app_km.o
 *fill*         0x0000000000005c3b        0x1 
 .rodata.USBH_EnumHubDevice.str1.4
                0x0000000000005c3c       0xa4 ./User/USBTouch/app_km.o
 .rodata.USBH_EnumHubPortDevice.str1.4
                0x0000000000005ce0       0x48 ./User/USBTouch/app_km.o
 .rodata.USBH_EnumRootDevice.str1.4
                0x0000000000005d28       0x6a ./User/USBTouch/app_km.o
                                         0x6e (size before relaxing)
 *fill*         0x0000000000005d92        0x2 
 .rodata.USBH_MainDeal.str1.4
                0x0000000000005d94      0x19f ./User/USBTouch/app_km.o
 *fill*         0x0000000000005f33        0x1 
 .rodata.Parse_Touch_Report.str1.4
                0x0000000000005f34      0x164 ./User/USBTouch/usb_touch_relay.o
                                        0x168 (size before relaxing)
 .rodata.Send_Touch_Packet.str1.4
                0x0000000000006098       0x8a ./User/USBTouch/usb_touch_relay.o
 *fill*         0x0000000000006122        0x2 
 .rodata.OLED_CF16x16
                0x0000000000006124      0x172 ./User/OLED_Data.o
                0x0000000000006124                OLED_CF16x16
 *fill*         0x0000000000006296        0x2 
 .rodata.OLED_F6x8
                0x0000000000006298      0x23a ./User/OLED_Data.o
                0x0000000000006298                OLED_F6x8
 *fill*         0x00000000000064d2        0x2 
 .rodata.OLED_F8x16
                0x00000000000064d4      0x5f0 ./User/OLED_Data.o
                0x00000000000064d4                OLED_F8x16
 .rodata.main.str1.4
                0x0000000000006ac4      0x11d ./User/main.o
 *fill*         0x0000000000006be1        0x3 
 .rodata.__sf_fake_stderr
                0x0000000000006be4       0x20 d:/mounriver-mounriver_studio2/mounriver_studio2/resources/app/resources/win32/components/wch/toolchain/risc-v embedded gcc/bin/../lib/gcc/riscv-none-embed/8.2.0/../../../../riscv-none-embed/lib/rv32imacxw/ilp32\libg_nano.a(lib_a-findfp.o)
                0x0000000000006be4                __sf_fake_stderr
 .rodata.__sf_fake_stdin
                0x0000000000006c04       0x20 d:/mounriver-mounriver_studio2/mounriver_studio2/resources/app/resources/win32/components/wch/toolchain/risc-v embedded gcc/bin/../lib/gcc/riscv-none-embed/8.2.0/../../../../riscv-none-embed/lib/rv32imacxw/ilp32\libg_nano.a(lib_a-findfp.o)
                0x0000000000006c04                __sf_fake_stdin
 .rodata.__sf_fake_stdout
                0x0000000000006c24       0x20 d:/mounriver-mounriver_studio2/mounriver_studio2/resources/app/resources/win32/components/wch/toolchain/risc-v embedded gcc/bin/../lib/gcc/riscv-none-embed/8.2.0/../../../../riscv-none-embed/lib/rv32imacxw/ilp32\libg_nano.a(lib_a-findfp.o)
                0x0000000000006c24                __sf_fake_stdout
 .rodata._vfprintf_r.str1.4
                0x0000000000006c44       0x13 d:/mounriver-mounriver_studio2/mounriver_studio2/resources/app/resources/win32/components/wch/toolchain/risc-v embedded gcc/bin/../lib/gcc/riscv-none-embed/8.2.0/../../../../riscv-none-embed/lib/rv32imacxw/ilp32\libg_nano.a(lib_a-nano-vfprintf.o)
 *fill*         0x0000000000006c57        0x1 
 .rodata._printf_i.str1.4
                0x0000000000006c58       0x28 d:/mounriver-mounriver_studio2/mounriver_studio2/resources/app/resources/win32/components/wch/toolchain/risc-v embedded gcc/bin/../lib/gcc/riscv-none-embed/8.2.0/../../../../riscv-none-embed/lib/rv32imacxw/ilp32\libg_nano.a(lib_a-nano-vfprintf_i.o)
                                         0x25 (size before relaxing)
 *(.gnu.linkonce.t.*)
                0x0000000000006c80                . = ALIGN (0x4)

.rela.dyn       0x0000000000006c80        0x0
 .rela.init     0x0000000000006c80        0x0 ./User/USBTouch/Touch.o
 .rela.vector   0x0000000000006c80        0x0 ./User/USBTouch/Touch.o
 .rela.text.handle_reset
                0x0000000000006c80        0x0 ./User/USBTouch/Touch.o
 .rela.text._sbrk
                0x0000000000006c80        0x0 ./User/USBTouch/Touch.o
 .rela.sdata.curbrk.5229
                0x0000000000006c80        0x0 ./User/USBTouch/Touch.o
 .rela.text._vfprintf_r
                0x0000000000006c80        0x0 ./User/USBTouch/Touch.o
 .rela.text._sbrk_r
                0x0000000000006c80        0x0 ./User/USBTouch/Touch.o
 .rela.text._write_r
                0x0000000000006c80        0x0 ./User/USBTouch/Touch.o
 .rela.text._close_r
                0x0000000000006c80        0x0 ./User/USBTouch/Touch.o
 .rela.text._fstat_r
                0x0000000000006c80        0x0 ./User/USBTouch/Touch.o
 .rela.text._isatty_r
                0x0000000000006c80        0x0 ./User/USBTouch/Touch.o
 .rela.text._lseek_r
                0x0000000000006c80        0x0 ./User/USBTouch/Touch.o
 .rela.text._read_r
                0x0000000000006c80        0x0 ./User/USBTouch/Touch.o
 .rela.text._close
                0x0000000000006c80        0x0 ./User/USBTouch/Touch.o
 .rela.text._fstat
                0x0000000000006c80        0x0 ./User/USBTouch/Touch.o
 .rela.text._isatty
                0x0000000000006c80        0x0 ./User/USBTouch/Touch.o
 .rela.text._lseek
                0x0000000000006c80        0x0 ./User/USBTouch/Touch.o
 .rela.text._read
                0x0000000000006c80        0x0 ./User/USBTouch/Touch.o

.fini           0x0000000000006c80        0x0
 *(SORT_NONE(.fini))
                0x0000000000006c80                . = ALIGN (0x4)
                [!provide]                        PROVIDE (_etext = .)
                [!provide]                        PROVIDE (_eitcm = .)

.preinit_array  0x0000000000006c80        0x0
                [!provide]                        PROVIDE (__preinit_array_start = .)
 *(.preinit_array)
                [!provide]                        PROVIDE (__preinit_array_end = .)

.init_array     0x0000000000006c80        0x0
                [!provide]                        PROVIDE (__init_array_start = .)
 *(SORT_BY_INIT_PRIORITY(.init_array.*) SORT_BY_INIT_PRIORITY(.ctors.*))
 *(.init_array EXCLUDE_FILE(*crtend?.o *crtend.o *crtbegin?.o *crtbegin.o) .ctors)
                [!provide]                        PROVIDE (__init_array_end = .)

.fini_array     0x0000000000006c80        0x0
                [!provide]                        PROVIDE (__fini_array_start = .)
 *(SORT_BY_INIT_PRIORITY(.fini_array.*) SORT_BY_INIT_PRIORITY(.dtors.*))
 *(.fini_array EXCLUDE_FILE(*crtend?.o *crtend.o *crtbegin?.o *crtbegin.o) .dtors)
                [!provide]                        PROVIDE (__fini_array_end = .)

.ctors
 *crtbegin.o(.ctors)
 *crtbegin?.o(.ctors)
 *(EXCLUDE_FILE(*crtend?.o *crtend.o) .ctors)
 *(SORT_BY_NAME(.ctors.*))
 *(.ctors)

.dtors
 *crtbegin.o(.dtors)
 *crtbegin?.o(.dtors)
 *(EXCLUDE_FILE(*crtend?.o *crtend.o) .dtors)
 *(SORT_BY_NAME(.dtors.*))
 *(.dtors)

.dalign         0x0000000020000000        0x0 load address 0x0000000000006c80
                0x0000000020000000                . = ALIGN (0x4)
                0x0000000020000000                PROVIDE (_data_vma = .)

.dlalign        0x0000000000006c80        0x0
                0x0000000000006c80                . = ALIGN (0x4)
                0x0000000000006c80                PROVIDE (_data_lma = .)

.data           0x0000000020000000      0x108 load address 0x0000000000006c80
 *(.gnu.linkonce.r.*)
 *(.data .data.*)
 .data.AHBPrescTable
                0x0000000020000000       0x10 ./User/system_ch32v30x.o
                0x0000000020000000                AHBPrescTable
 .data.APBAHBPrescTable
                0x0000000020000010       0x10 ./Peripheral/src/ch32v30x_rcc.o
 .data.impure_data
                0x0000000020000020       0x60 d:/mounriver-mounriver_studio2/mounriver_studio2/resources/app/resources/win32/components/wch/toolchain/risc-v embedded gcc/bin/../lib/gcc/riscv-none-embed/8.2.0/../../../../riscv-none-embed/lib/rv32imacxw/ilp32\libg_nano.a(lib_a-impure.o)
 *(.gnu.linkonce.d.*)
                0x0000000020000080                . = ALIGN (0x8)
                0x0000000020000880                PROVIDE (__global_pointer$ = (. + 0x800))
 *(.sdata .sdata.*)
 .sdata.last_tip
                0x0000000020000080        0x1 ./User/USBTouch/usb_touch_relay.o
 *fill*         0x0000000020000081        0x1 
 .sdata.last_x  0x0000000020000082        0x2 ./User/USBTouch/usb_touch_relay.o
 .sdata.last_y  0x0000000020000084        0x2 ./User/USBTouch/usb_touch_relay.o
 .sdata.btn1_last
                0x0000000020000086        0x1 ./User/stick.o
 .sdata.btn2_last
                0x0000000020000087        0x1 ./User/stick.o
 .sdata.SystemCoreClock
                0x0000000020000088        0x4 ./User/system_ch32v30x.o
                0x0000000020000088                SystemCoreClock
 .sdata.ADCPrescTable
                0x000000002000008c        0x4 ./Peripheral/src/ch32v30x_rcc.o
 .sdata.curbrk.5229
                0x0000000020000090        0x4 ./Debug/debug.o
 .sdata._impure_ptr
                0x0000000020000094        0x4 d:/mounriver-mounriver_studio2/mounriver_studio2/resources/app/resources/win32/components/wch/toolchain/risc-v embedded gcc/bin/../lib/gcc/riscv-none-embed/8.2.0/../../../../riscv-none-embed/lib/rv32imacxw/ilp32\libg_nano.a(lib_a-impure.o)
                0x0000000020000094                _impure_ptr
 *(.sdata2.*)
 .sdata2.SetupClearEndpStall
                0x0000000020000098        0x8 ./User/USBTouch/ch32v30x_usbfs_host.o
 .sdata2.SetupGetCfgDesc
                0x00000000200000a0        0x8 ./User/USBTouch/ch32v30x_usbfs_host.o
 .sdata2.SetupGetDevDesc
                0x00000000200000a8        0x8 ./User/USBTouch/ch32v30x_usbfs_host.o
 .sdata2.SetupGetStrDesc
                0x00000000200000b0        0x8 ./User/USBTouch/ch32v30x_usbfs_host.o
 .sdata2.SetupSetAddr
                0x00000000200000b8        0x8 ./User/USBTouch/ch32v30x_usbfs_host.o
 .sdata2.SetupSetConfig
                0x00000000200000c0        0x8 ./User/USBTouch/ch32v30x_usbfs_host.o
 .sdata2.SetupGetHidDes
                0x00000000200000c8        0x8 ./User/USBTouch/usb_host_hid.o
 .sdata2.SetupSetReport
                0x00000000200000d0        0x8 ./User/USBTouch/usb_host_hid.o
 .sdata2.SetupSetidle
                0x00000000200000d8        0x8 ./User/USBTouch/usb_host_hid.o
 .sdata2.ClearPortFeature
                0x00000000200000e0        0x8 ./User/USBTouch/usb_host_hub.o
 .sdata2.GetHubDescr
                0x00000000200000e8        0x8 ./User/USBTouch/usb_host_hub.o
 .sdata2.GetPortStatus
                0x00000000200000f0        0x8 ./User/USBTouch/usb_host_hub.o
 .sdata2.SetPortFeature
                0x00000000200000f8        0x8 ./User/USBTouch/usb_host_hub.o
 .sdata2._global_impure_ptr
                0x0000000020000100        0x4 d:/mounriver-mounriver_studio2/mounriver_studio2/resources/app/resources/win32/components/wch/toolchain/risc-v embedded gcc/bin/../lib/gcc/riscv-none-embed/8.2.0/../../../../riscv-none-embed/lib/rv32imacxw/ilp32\libg_nano.a(lib_a-impure.o)
                0x0000000020000100                _global_impure_ptr
 *(.gnu.linkonce.s.*)
                0x0000000020000108                . = ALIGN (0x8)
 *fill*         0x0000000020000104        0x4 
 *(.srodata.cst16)
 *(.srodata.cst8)
 *(.srodata.cst4)
 *(.srodata.cst2)
 *(.srodata .srodata.*)
                0x0000000020000108                . = ALIGN (0x4)
                0x0000000020000108                PROVIDE (_edata = .)

.bss            0x0000000020000108      0xf24 load address 0x0000000000006d88
                0x0000000020000108                . = ALIGN (0x4)
                0x0000000020000108                PROVIDE (_sbss = .)
 *(.sbss*)
 .sbss.g_hid_packet_count
                0x0000000020000108        0x4 ./User/USBTouch/usb_touch_relay.o
 .sbss.g_touch_event_count
                0x000000002000010c        0x4 ./User/USBTouch/usb_touch_relay.o
 .sbss.tx_count.5798
                0x0000000020000110        0x4 ./User/USBTouch/usb_touch_relay.o
 .sbss.tick_ms  0x0000000020000114        0x4 ./User/Clock.o
                0x0000000020000114                tick_ms
 .sbss.rc_packet
                0x0000000020000118        0x6 ./User/Fiber.o
                0x0000000020000118                rc_packet
 *fill*         0x000000002000011e        0x2 
 .sbss.rx_buf   0x0000000020000120        0x6 ./User/Fiber.o
 .sbss.rx_cnt   0x0000000020000126        0x1 ./User/Fiber.o
 *fill*         0x0000000020000127        0x1 
 .sbss.tx_buf   0x0000000020000128        0x6 ./User/Fiber.o
 .sbss.tx_busy  0x000000002000012e        0x1 ./User/Fiber.o
 .sbss.tx_cnt   0x000000002000012f        0x1 ./User/Fiber.o
 .sbss.sim_rx_head
                0x0000000020000130        0x2 ./User/SIM.o
                0x0000000020000130                sim_rx_head
 .sbss.sim_rx_tail
                0x0000000020000132        0x2 ./User/SIM.o
                0x0000000020000132                sim_rx_tail
 .sbss.sim_tx_head
                0x0000000020000134        0x2 ./User/SIM.o
 .sbss.sim_tx_tail
                0x0000000020000136        0x2 ./User/SIM.o
 .sbss.line_len
                0x0000000020000138        0x2 ./User/main.o
                0x0000000020000138                line_len
 .sbss.sim_lock_1
                0x000000002000013a        0x1 ./User/main.o
                0x000000002000013a                sim_lock_1
 *fill*         0x000000002000013b        0x1 
 .sbss.touch_deal_time
                0x000000002000013c        0x4 ./User/main.o
                0x000000002000013c                touch_deal_time
 .sbss.ADC_DMA_Buffer
                0x0000000020000140        0x8 ./User/stick.o
 .sbss.Stick1   0x0000000020000148        0x8 ./User/stick.o
                0x0000000020000148                Stick1
 .sbss.Stick2   0x0000000020000150        0x8 ./User/stick.o
                0x0000000020000150                Stick2
 .sbss.NVIC_Priority_Group
                0x0000000020000158        0x4 ./Peripheral/src/ch32v30x_misc.o
                0x0000000020000158                NVIC_Priority_Group
 .sbss.p_ms     0x000000002000015c        0x2 ./Debug/debug.o
 .sbss.p_us     0x000000002000015e        0x1 ./Debug/debug.o
 *fill*         0x000000002000015f        0x1 
 .sbss.__malloc_free_list
                0x0000000020000160        0x4 d:/mounriver-mounriver_studio2/mounriver_studio2/resources/app/resources/win32/components/wch/toolchain/risc-v embedded gcc/bin/../lib/gcc/riscv-none-embed/8.2.0/../../../../riscv-none-embed/lib/rv32imacxw/ilp32\libg_nano.a(lib_a-nano-mallocr.o)
                0x0000000020000160                __malloc_free_list
 .sbss.__malloc_sbrk_start
                0x0000000020000164        0x4 d:/mounriver-mounriver_studio2/mounriver_studio2/resources/app/resources/win32/components/wch/toolchain/risc-v embedded gcc/bin/../lib/gcc/riscv-none-embed/8.2.0/../../../../riscv-none-embed/lib/rv32imacxw/ilp32\libg_nano.a(lib_a-nano-mallocr.o)
                0x0000000020000164                __malloc_sbrk_start
 *(.gnu.linkonce.sb.*)
 *(.bss*)
 .bss.Com_Buf   0x0000000020000168      0x400 ./User/USBTouch/app_km.o
                0x0000000020000168                Com_Buf
 .bss.DevDesc_Buf
                0x0000000020000568       0x12 ./User/USBTouch/app_km.o
                0x0000000020000568                DevDesc_Buf
 *fill*         0x000000002000057a        0x2 
 .bss.HostCtl   0x000000002000057c      0x10a ./User/USBTouch/app_km.o
                0x000000002000057c                HostCtl
 *fill*         0x0000000020000686        0x2 
 .bss.RootHubDev
                0x0000000020000688       0x1f ./User/USBTouch/app_km.o
                0x0000000020000688                RootHubDev
 *fill*         0x00000000200006a7        0x1 
 .bss.USBFS_RX_Buf
                0x00000000200006a8       0x40 ./User/USBTouch/ch32v30x_usbfs_host.o
                0x00000000200006a8                USBFS_RX_Buf
 .bss.USBFS_TX_Buf
                0x00000000200006e8       0x40 ./User/USBTouch/ch32v30x_usbfs_host.o
                0x00000000200006e8                USBFS_TX_Buf
 .bss.OLED_DisplayBuf
                0x0000000020000728      0x400 ./User/OLED.o
                0x0000000020000728                OLED_DisplayBuf
 .bss.sim_rx_buf
                0x0000000020000b28      0x200 ./User/SIM.o
                0x0000000020000b28                sim_rx_buf
 .bss.sim_tx_buf
                0x0000000020000d28      0x200 ./User/SIM.o
 .bss.line_buf  0x0000000020000f28      0x100 ./User/main.o
                0x0000000020000f28                line_buf
 *(.gnu.linkonce.b.*)
 *(COMMON*)
 COMMON         0x0000000020001028        0x4 d:/mounriver-mounriver_studio2/mounriver_studio2/resources/app/resources/win32/components/wch/toolchain/risc-v embedded gcc/bin/../lib/gcc/riscv-none-embed/8.2.0/../../../../riscv-none-embed/lib/rv32imacxw/ilp32\libg_nano.a(lib_a-reent.o)
                0x0000000020001028                errno
                0x000000002000102c                . = ALIGN (0x4)
                0x000000002000102c                PROVIDE (_ebss = .)
                0x000000002000102c                PROVIDE (_end = _ebss)
                [!provide]                        PROVIDE (end = .)

.stack          0x0000000020007800      0x800
                0x0000000020007800                PROVIDE (_heap_end = .)
                0x0000000020007800                . = ALIGN (0x4)
                [!provide]                        PROVIDE (_susrstack = .)
                0x0000000020008000                . = (. + __stack_size)
 *fill*         0x0000000020007800      0x800 
                0x0000000020008000                PROVIDE (_eusrstack = .)
OUTPUT(CH32V303CBT6.elf elf32-littleriscv)

.debug_info     0x0000000000000000    0x20f3f
 .debug_info    0x0000000000000000     0x184d ./User/USBTouch/Touch.o
 .debug_info    0x000000000000184d     0x42c9 ./User/USBTouch/app_km.o
 .debug_info    0x0000000000005b16     0x1b63 ./User/USBTouch/ch32v30x_usbfs_host.o
 .debug_info    0x0000000000007679      0xff0 ./User/USBTouch/usb_host_hid.o
 .debug_info    0x0000000000008669     0x106c ./User/USBTouch/usb_host_hub.o
 .debug_info    0x00000000000096d5     0x1798 ./User/USBTouch/usb_touch_relay.o
 .debug_info    0x000000000000ae6d     0x11ad ./User/Clock.o
 .debug_info    0x000000000000c01a     0x135f ./User/Fiber.o
 .debug_info    0x000000000000d379     0x304d ./User/OLED.o
 .debug_info    0x00000000000103c6      0x193 ./User/OLED_Data.o
 .debug_info    0x0000000000010559     0x13d7 ./User/SIM.o
 .debug_info    0x0000000000011930      0xbc0 ./User/ch32v30x_it.o
 .debug_info    0x00000000000124f0     0x11b0 ./User/main.o
 .debug_info    0x00000000000136a0     0x1ade ./User/stick.o
 .debug_info    0x000000000001517e      0xba5 ./User/system_ch32v30x.o
 .debug_info    0x0000000000015d23       0x22 ./Startup/startup_ch32v30x_D8.o
 .debug_info    0x0000000000015d45     0x1703 ./Peripheral/src/ch32v30x_adc.o
 .debug_info    0x0000000000017448      0xa94 ./Peripheral/src/ch32v30x_dbgmcu.o
 .debug_info    0x0000000000017edc      0xd16 ./Peripheral/src/ch32v30x_dma.o
 .debug_info    0x0000000000018bf2     0x1162 ./Peripheral/src/ch32v30x_gpio.o
 .debug_info    0x0000000000019d54      0xf1f ./Peripheral/src/ch32v30x_misc.o
 .debug_info    0x000000000001ac73     0x1579 ./Peripheral/src/ch32v30x_rcc.o
 .debug_info    0x000000000001c1ec     0x2a3c ./Peripheral/src/ch32v30x_tim.o
 .debug_info    0x000000000001ec28     0x13cd ./Peripheral/src/ch32v30x_usart.o
 .debug_info    0x000000000001fff5      0xf4a ./Debug/debug.o

.debug_abbrev   0x0000000000000000     0x4c88
 .debug_abbrev  0x0000000000000000      0x37d ./User/USBTouch/Touch.o
 .debug_abbrev  0x000000000000037d      0x552 ./User/USBTouch/app_km.o
 .debug_abbrev  0x00000000000008cf      0x48f ./User/USBTouch/ch32v30x_usbfs_host.o
 .debug_abbrev  0x0000000000000d5e      0x262 ./User/USBTouch/usb_host_hid.o
 .debug_abbrev  0x0000000000000fc0      0x280 ./User/USBTouch/usb_host_hub.o
 .debug_abbrev  0x0000000000001240      0x3e4 ./User/USBTouch/usb_touch_relay.o
 .debug_abbrev  0x0000000000001624      0x2bc ./User/Clock.o
 .debug_abbrev  0x00000000000018e0      0x329 ./User/Fiber.o
 .debug_abbrev  0x0000000000001c09      0x4e6 ./User/OLED.o
 .debug_abbrev  0x00000000000020ef       0xa4 ./User/OLED_Data.o
 .debug_abbrev  0x0000000000002193      0x352 ./User/SIM.o
 .debug_abbrev  0x00000000000024e5      0x22c ./User/ch32v30x_it.o
 .debug_abbrev  0x0000000000002711      0x25e ./User/main.o
 .debug_abbrev  0x000000000000296f      0x370 ./User/stick.o
 .debug_abbrev  0x0000000000002cdf      0x2c0 ./User/system_ch32v30x.o
 .debug_abbrev  0x0000000000002f9f       0x12 ./Startup/startup_ch32v30x_D8.o
 .debug_abbrev  0x0000000000002fb1      0x3a9 ./Peripheral/src/ch32v30x_adc.o
 .debug_abbrev  0x000000000000335a      0x2f7 ./Peripheral/src/ch32v30x_dbgmcu.o
 .debug_abbrev  0x0000000000003651      0x2fd ./Peripheral/src/ch32v30x_dma.o
 .debug_abbrev  0x000000000000394e      0x31a ./Peripheral/src/ch32v30x_gpio.o
 .debug_abbrev  0x0000000000003c68      0x2da ./Peripheral/src/ch32v30x_misc.o
 .debug_abbrev  0x0000000000003f42      0x351 ./Peripheral/src/ch32v30x_rcc.o
 .debug_abbrev  0x0000000000004293      0x3ee ./Peripheral/src/ch32v30x_tim.o
 .debug_abbrev  0x0000000000004681      0x312 ./Peripheral/src/ch32v30x_usart.o
 .debug_abbrev  0x0000000000004993      0x2f5 ./Debug/debug.o

.debug_loc      0x0000000000000000     0x98e5
 .debug_loc     0x0000000000000000       0xa7 ./User/USBTouch/Touch.o
 .debug_loc     0x00000000000000a7     0x1f04 ./User/USBTouch/app_km.o
 .debug_loc     0x0000000000001fab      0x778 ./User/USBTouch/ch32v30x_usbfs_host.o
 .debug_loc     0x0000000000002723      0x37c ./User/USBTouch/usb_host_hid.o
 .debug_loc     0x0000000000002a9f      0x3dd ./User/USBTouch/usb_host_hub.o
 .debug_loc     0x0000000000002e7c      0x2d9 ./User/USBTouch/usb_touch_relay.o
 .debug_loc     0x0000000000003155       0x97 ./User/Fiber.o
 .debug_loc     0x00000000000031ec     0x224d ./User/OLED.o
 .debug_loc     0x0000000000005439      0x264 ./User/SIM.o
 .debug_loc     0x000000000000569d      0x1e8 ./User/stick.o
 .debug_loc     0x0000000000005885       0xac ./User/system_ch32v30x.o
 .debug_loc     0x0000000000005931      0xab6 ./Peripheral/src/ch32v30x_adc.o
 .debug_loc     0x00000000000063e7       0x6e ./Peripheral/src/ch32v30x_dbgmcu.o
 .debug_loc     0x0000000000006455      0x19a ./Peripheral/src/ch32v30x_dma.o
 .debug_loc     0x00000000000065ef      0x6ab ./Peripheral/src/ch32v30x_gpio.o
 .debug_loc     0x0000000000006c9a       0x61 ./Peripheral/src/ch32v30x_misc.o
 .debug_loc     0x0000000000006cfb      0xa54 ./Peripheral/src/ch32v30x_rcc.o
 .debug_loc     0x000000000000774f     0x18a6 ./Peripheral/src/ch32v30x_tim.o
 .debug_loc     0x0000000000008ff5      0x779 ./Peripheral/src/ch32v30x_usart.o
 .debug_loc     0x000000000000976e      0x177 ./Debug/debug.o

.debug_aranges  0x0000000000000000      0xdd0
 .debug_aranges
                0x0000000000000000       0x38 ./User/USBTouch/Touch.o
 .debug_aranges
                0x0000000000000038       0xf8 ./User/USBTouch/app_km.o
 .debug_aranges
                0x0000000000000130       0xb8 ./User/USBTouch/ch32v30x_usbfs_host.o
 .debug_aranges
                0x00000000000001e8       0x30 ./User/USBTouch/usb_host_hid.o
 .debug_aranges
                0x0000000000000218       0x38 ./User/USBTouch/usb_host_hub.o
 .debug_aranges
                0x0000000000000250       0x38 ./User/USBTouch/usb_touch_relay.o
 .debug_aranges
                0x0000000000000288       0x28 ./User/Clock.o
 .debug_aranges
                0x00000000000002b0       0x30 ./User/Fiber.o
 .debug_aranges
                0x00000000000002e0      0x138 ./User/OLED.o
 .debug_aranges
                0x0000000000000418       0x18 ./User/OLED_Data.o
 .debug_aranges
                0x0000000000000430       0x38 ./User/SIM.o
 .debug_aranges
                0x0000000000000468       0x28 ./User/ch32v30x_it.o
 .debug_aranges
                0x0000000000000490       0x20 ./User/main.o
 .debug_aranges
                0x00000000000004b0       0x40 ./User/stick.o
 .debug_aranges
                0x00000000000004f0       0x28 ./User/system_ch32v30x.o
 .debug_aranges
                0x0000000000000518       0x30 ./Startup/startup_ch32v30x_D8.o
 .debug_aranges
                0x0000000000000548      0x150 ./Peripheral/src/ch32v30x_adc.o
 .debug_aranges
                0x0000000000000698       0x48 ./Peripheral/src/ch32v30x_dbgmcu.o
 .debug_aranges
                0x00000000000006e0       0x60 ./Peripheral/src/ch32v30x_dma.o
 .debug_aranges
                0x0000000000000740       0xb0 ./Peripheral/src/ch32v30x_gpio.o
 .debug_aranges
                0x00000000000007f0       0x28 ./Peripheral/src/ch32v30x_misc.o
 .debug_aranges
                0x0000000000000818      0x1a8 ./Peripheral/src/ch32v30x_rcc.o
 .debug_aranges
                0x00000000000009c0      0x2d0 ./Peripheral/src/ch32v30x_tim.o
 .debug_aranges
                0x0000000000000c90       0xf0 ./Peripheral/src/ch32v30x_usart.o
 .debug_aranges
                0x0000000000000d80       0x50 ./Debug/debug.o

.debug_ranges   0x0000000000000000      0xf98
 .debug_ranges  0x0000000000000000       0x28 ./User/USBTouch/Touch.o
 .debug_ranges  0x0000000000000028      0x1a0 ./User/USBTouch/app_km.o
 .debug_ranges  0x00000000000001c8       0xc0 ./User/USBTouch/ch32v30x_usbfs_host.o
 .debug_ranges  0x0000000000000288       0x20 ./User/USBTouch/usb_host_hid.o
 .debug_ranges  0x00000000000002a8       0x28 ./User/USBTouch/usb_host_hub.o
 .debug_ranges  0x00000000000002d0       0xb0 ./User/USBTouch/usb_touch_relay.o
 .debug_ranges  0x0000000000000380       0x18 ./User/Clock.o
 .debug_ranges  0x0000000000000398       0x20 ./User/Fiber.o
 .debug_ranges  0x00000000000003b8      0x218 ./User/OLED.o
 .debug_ranges  0x00000000000005d0       0x88 ./User/SIM.o
 .debug_ranges  0x0000000000000658       0x18 ./User/ch32v30x_it.o
 .debug_ranges  0x0000000000000670       0x10 ./User/main.o
 .debug_ranges  0x0000000000000680       0x90 ./User/stick.o
 .debug_ranges  0x0000000000000710       0x38 ./User/system_ch32v30x.o
 .debug_ranges  0x0000000000000748       0x28 ./Startup/startup_ch32v30x_D8.o
 .debug_ranges  0x0000000000000770      0x140 ./Peripheral/src/ch32v30x_adc.o
 .debug_ranges  0x00000000000008b0       0x50 ./Peripheral/src/ch32v30x_dbgmcu.o
 .debug_ranges  0x0000000000000900       0x50 ./Peripheral/src/ch32v30x_dma.o
 .debug_ranges  0x0000000000000950       0xa0 ./Peripheral/src/ch32v30x_gpio.o
 .debug_ranges  0x00000000000009f0       0x30 ./Peripheral/src/ch32v30x_misc.o
 .debug_ranges  0x0000000000000a20      0x198 ./Peripheral/src/ch32v30x_rcc.o
 .debug_ranges  0x0000000000000bb8      0x2c0 ./Peripheral/src/ch32v30x_tim.o
 .debug_ranges  0x0000000000000e78       0xe0 ./Peripheral/src/ch32v30x_usart.o
 .debug_ranges  0x0000000000000f58       0x40 ./Debug/debug.o

.debug_line     0x0000000000000000    0x1881a
 .debug_line    0x0000000000000000      0x6f7 ./User/USBTouch/Touch.o
 .debug_line    0x00000000000006f7     0x3ddd ./User/USBTouch/app_km.o
 .debug_line    0x00000000000044d4     0x1664 ./User/USBTouch/ch32v30x_usbfs_host.o
 .debug_line    0x0000000000005b38      0x5db ./User/USBTouch/usb_host_hid.o
 .debug_line    0x0000000000006113      0x698 ./User/USBTouch/usb_host_hub.o
 .debug_line    0x00000000000067ab      0xe50 ./User/USBTouch/usb_touch_relay.o
 .debug_line    0x00000000000075fb      0x60a ./User/Clock.o
 .debug_line    0x0000000000007c05      0x85f ./User/Fiber.o
 .debug_line    0x0000000000008464     0x30d2 ./User/OLED.o
 .debug_line    0x000000000000b536      0x19a ./User/OLED_Data.o
 .debug_line    0x000000000000b6d0      0xd07 ./User/SIM.o
 .debug_line    0x000000000000c3d7      0x3b6 ./User/ch32v30x_it.o
 .debug_line    0x000000000000c78d      0x8d1 ./User/main.o
 .debug_line    0x000000000000d05e      0xc4f ./User/stick.o
 .debug_line    0x000000000000dcad      0x7ee ./User/system_ch32v30x.o
 .debug_line    0x000000000000e49b      0x121 ./Startup/startup_ch32v30x_D8.o
 .debug_line    0x000000000000e5bc     0x19a9 ./Peripheral/src/ch32v30x_adc.o
 .debug_line    0x000000000000ff65      0x491 ./Peripheral/src/ch32v30x_dbgmcu.o
 .debug_line    0x00000000000103f6      0xb0d ./Peripheral/src/ch32v30x_dma.o
 .debug_line    0x0000000000010f03     0x1031 ./Peripheral/src/ch32v30x_gpio.o
 .debug_line    0x0000000000011f34      0x511 ./Peripheral/src/ch32v30x_misc.o
 .debug_line    0x0000000000012445     0x1913 ./Peripheral/src/ch32v30x_rcc.o
 .debug_line    0x0000000000013d58     0x3215 ./Peripheral/src/ch32v30x_tim.o
 .debug_line    0x0000000000016f6d     0x1032 ./Peripheral/src/ch32v30x_usart.o
 .debug_line    0x0000000000017f9f      0x87b ./Debug/debug.o

.debug_str      0x0000000000000000     0x46b7
 .debug_str     0x0000000000000000     0x1085 ./User/USBTouch/Touch.o
                                       0x1192 (size before relaxing)
 .debug_str     0x0000000000001085      0x9c3 ./User/USBTouch/app_km.o
                                       0x1b43 (size before relaxing)
 .debug_str     0x0000000000001a48      0x178 ./User/USBTouch/ch32v30x_usbfs_host.o
                                        0xeae (size before relaxing)
 .debug_str     0x0000000000001bc0       0x32 ./User/USBTouch/usb_host_hid.o
                                        0x999 (size before relaxing)
 .debug_str     0x0000000000001bf2       0x36 ./User/USBTouch/usb_host_hub.o
                                        0x9ba (size before relaxing)
 .debug_str     0x0000000000001c28      0x359 ./User/USBTouch/usb_touch_relay.o
                                        0xd01 (size before relaxing)
 .debug_str     0x0000000000001f81       0xb3 ./User/Clock.o
                                        0xe3b (size before relaxing)
 .debug_str     0x0000000000002034       0xa4 ./User/Fiber.o
                                        0xef3 (size before relaxing)
 .debug_str     0x00000000000020d8      0x458 ./User/OLED.o
                                        0xc1c (size before relaxing)
 .debug_str     0x0000000000002530       0x14 ./User/OLED_Data.o
                                        0x216 (size before relaxing)
 .debug_str     0x0000000000002544       0xf5 ./User/SIM.o
                                        0xf30 (size before relaxing)
 .debug_str     0x0000000000002639       0x45 ./User/ch32v30x_it.o
                                        0x6bb (size before relaxing)
 .debug_str     0x000000000000267e       0xcc ./User/main.o
                                        0x847 (size before relaxing)
 .debug_str     0x000000000000274a      0x3a2 ./User/stick.o
                                       0x133f (size before relaxing)
 .debug_str     0x0000000000002aec      0x101 ./User/system_ch32v30x.o
                                        0x718 (size before relaxing)
 .debug_str     0x0000000000002bed       0x2d ./Startup/startup_ch32v30x_D8.o
                                         0x8f (size before relaxing)
 .debug_str     0x0000000000002c1a      0x400 ./Peripheral/src/ch32v30x_adc.o
                                        0xc57 (size before relaxing)
 .debug_str     0x000000000000301a       0x7e ./Peripheral/src/ch32v30x_dbgmcu.o
                                        0x67c (size before relaxing)
 .debug_str     0x0000000000003098      0x105 ./Peripheral/src/ch32v30x_dma.o
                                        0x829 (size before relaxing)
 .debug_str     0x000000000000319d      0x206 ./Peripheral/src/ch32v30x_gpio.o
                                        0x9e6 (size before relaxing)
 .debug_str     0x00000000000033a3       0x83 ./Peripheral/src/ch32v30x_misc.o
                                        0xc6d (size before relaxing)
 .debug_str     0x0000000000003426      0x571 ./Peripheral/src/ch32v30x_rcc.o
                                        0xd0c (size before relaxing)
 .debug_str     0x0000000000003997      0x9f3 ./Peripheral/src/ch32v30x_tim.o
                                       0x12bc (size before relaxing)
 .debug_str     0x000000000000438a      0x2c2 ./Peripheral/src/ch32v30x_usart.o
                                        0xb30 (size before relaxing)
 .debug_str     0x000000000000464c       0x6b ./Debug/debug.o
                                        0x957 (size before relaxing)

.comment        0x0000000000000000       0x33
 .comment       0x0000000000000000       0x33 ./User/USBTouch/Touch.o
                                         0x34 (size before relaxing)
 .comment       0x0000000000000033       0x34 ./User/USBTouch/app_km.o
 .comment       0x0000000000000033       0x34 ./User/USBTouch/ch32v30x_usbfs_host.o
 .comment       0x0000000000000033       0x34 ./User/USBTouch/usb_host_hid.o
 .comment       0x0000000000000033       0x34 ./User/USBTouch/usb_host_hub.o
 .comment       0x0000000000000033       0x34 ./User/USBTouch/usb_touch_relay.o
 .comment       0x0000000000000033       0x34 ./User/Clock.o
 .comment       0x0000000000000033       0x34 ./User/Fiber.o
 .comment       0x0000000000000033       0x34 ./User/OLED.o
 .comment       0x0000000000000033       0x34 ./User/OLED_Data.o
 .comment       0x0000000000000033       0x34 ./User/SIM.o
 .comment       0x0000000000000033       0x34 ./User/ch32v30x_it.o
 .comment       0x0000000000000033       0x34 ./User/main.o
 .comment       0x0000000000000033       0x34 ./User/stick.o
 .comment       0x0000000000000033       0x34 ./User/system_ch32v30x.o
 .comment       0x0000000000000033       0x34 ./Peripheral/src/ch32v30x_adc.o
 .comment       0x0000000000000033       0x34 ./Peripheral/src/ch32v30x_dbgmcu.o
 .comment       0x0000000000000033       0x34 ./Peripheral/src/ch32v30x_dma.o
 .comment       0x0000000000000033       0x34 ./Peripheral/src/ch32v30x_gpio.o
 .comment       0x0000000000000033       0x34 ./Peripheral/src/ch32v30x_misc.o
 .comment       0x0000000000000033       0x34 ./Peripheral/src/ch32v30x_rcc.o
 .comment       0x0000000000000033       0x34 ./Peripheral/src/ch32v30x_tim.o
 .comment       0x0000000000000033       0x34 ./Peripheral/src/ch32v30x_usart.o
 .comment       0x0000000000000033       0x34 ./Debug/debug.o

.debug_frame    0x0000000000000000     0x2cec
 .debug_frame   0x0000000000000000       0x8c ./User/USBTouch/Touch.o
 .debug_frame   0x000000000000008c      0x4a4 ./User/USBTouch/app_km.o
 .debug_frame   0x0000000000000530      0x294 ./User/USBTouch/ch32v30x_usbfs_host.o
 .debug_frame   0x00000000000007c4       0x64 ./User/USBTouch/usb_host_hid.o
 .debug_frame   0x0000000000000828       0x94 ./User/USBTouch/usb_host_hub.o
 .debug_frame   0x00000000000008bc       0xb8 ./User/USBTouch/usb_touch_relay.o
 .debug_frame   0x0000000000000974       0x58 ./User/Clock.o
 .debug_frame   0x00000000000009cc       0x74 ./User/Fiber.o
 .debug_frame   0x0000000000000a40      0x5a4 ./User/OLED.o
 .debug_frame   0x0000000000000fe4       0xd8 ./User/SIM.o
 .debug_frame   0x00000000000010bc       0x30 ./User/ch32v30x_it.o
 .debug_frame   0x00000000000010ec       0x38 ./User/main.o
 .debug_frame   0x0000000000001124       0xa8 ./User/stick.o
 .debug_frame   0x00000000000011cc       0x3c ./User/system_ch32v30x.o
 .debug_frame   0x0000000000001208      0x2b4 ./Peripheral/src/ch32v30x_adc.o
 .debug_frame   0x00000000000014bc       0x70 ./Peripheral/src/ch32v30x_dbgmcu.o
 .debug_frame   0x000000000000152c       0xd8 ./Peripheral/src/ch32v30x_dma.o
 .debug_frame   0x0000000000001604      0x170 ./Peripheral/src/ch32v30x_gpio.o
 .debug_frame   0x0000000000001774       0x30 ./Peripheral/src/ch32v30x_misc.o
 .debug_frame   0x00000000000017a4      0x344 ./Peripheral/src/ch32v30x_rcc.o
 .debug_frame   0x0000000000001ae8      0x614 ./Peripheral/src/ch32v30x_tim.o
 .debug_frame   0x00000000000020fc      0x1e4 ./Peripheral/src/ch32v30x_usart.o
 .debug_frame   0x00000000000022e0       0xb8 ./Debug/debug.o
 .debug_frame   0x0000000000002398       0x20 d:/mounriver-mounriver_studio2/mounriver_studio2/resources/app/resources/win32/components/wch/toolchain/risc-v embedded gcc/bin/../lib/gcc/riscv-none-embed/8.2.0/../../../../riscv-none-embed/lib/rv32imacxw/ilp32\libg_nano.a(lib_a-memchr.o)
 .debug_frame   0x00000000000023b8       0x20 d:/mounriver-mounriver_studio2/mounriver_studio2/resources/app/resources/win32/components/wch/toolchain/risc-v embedded gcc/bin/../lib/gcc/riscv-none-embed/8.2.0/../../../../riscv-none-embed/lib/rv32imacxw/ilp32\libg_nano.a(lib_a-memcpy.o)
 .debug_frame   0x00000000000023d8       0x54 d:/mounriver-mounriver_studio2/mounriver_studio2/resources/app/resources/win32/components/wch/toolchain/risc-v embedded gcc/bin/../lib/gcc/riscv-none-embed/8.2.0/../../../../riscv-none-embed/lib/rv32imacxw/ilp32\libg_nano.a(lib_a-printf.o)
 .debug_frame   0x000000000000242c       0x54 d:/mounriver-mounriver_studio2/mounriver_studio2/resources/app/resources/win32/components/wch/toolchain/risc-v embedded gcc/bin/../lib/gcc/riscv-none-embed/8.2.0/../../../../riscv-none-embed/lib/rv32imacxw/ilp32\libg_nano.a(lib_a-puts.o)
 .debug_frame   0x0000000000002480       0x20 d:/mounriver-mounriver_studio2/mounriver_studio2/resources/app/resources/win32/components/wch/toolchain/risc-v embedded gcc/bin/../lib/gcc/riscv-none-embed/8.2.0/../../../../riscv-none-embed/lib/rv32imacxw/ilp32\libg_nano.a(lib_a-strstr.o)
 .debug_frame   0x00000000000024a0       0x50 d:/mounriver-mounriver_studio2/mounriver_studio2/resources/app/resources/win32/components/wch/toolchain/risc-v embedded gcc/bin/../lib/gcc/riscv-none-embed/8.2.0/../../../../riscv-none-embed/lib/rv32imacxw/ilp32\libg_nano.a(lib_a-wbuf.o)
 .debug_frame   0x00000000000024f0       0x3c d:/mounriver-mounriver_studio2/mounriver_studio2/resources/app/resources/win32/components/wch/toolchain/risc-v embedded gcc/bin/../lib/gcc/riscv-none-embed/8.2.0/../../../../riscv-none-embed/lib/rv32imacxw/ilp32\libg_nano.a(lib_a-wsetup.o)
 .debug_frame   0x000000000000252c       0x7c d:/mounriver-mounriver_studio2/mounriver_studio2/resources/app/resources/win32/components/wch/toolchain/risc-v embedded gcc/bin/../lib/gcc/riscv-none-embed/8.2.0/../../../../riscv-none-embed/lib/rv32imacxw/ilp32\libg_nano.a(lib_a-fflush.o)
 .debug_frame   0x00000000000025a8      0x148 d:/mounriver-mounriver_studio2/mounriver_studio2/resources/app/resources/win32/components/wch/toolchain/risc-v embedded gcc/bin/../lib/gcc/riscv-none-embed/8.2.0/../../../../riscv-none-embed/lib/rv32imacxw/ilp32\libg_nano.a(lib_a-findfp.o)
 .debug_frame   0x00000000000026f0       0x88 d:/mounriver-mounriver_studio2/mounriver_studio2/resources/app/resources/win32/components/wch/toolchain/risc-v embedded gcc/bin/../lib/gcc/riscv-none-embed/8.2.0/../../../../riscv-none-embed/lib/rv32imacxw/ilp32\libg_nano.a(lib_a-fwalk.o)
 .debug_frame   0x0000000000002778       0x64 d:/mounriver-mounriver_studio2/mounriver_studio2/resources/app/resources/win32/components/wch/toolchain/risc-v embedded gcc/bin/../lib/gcc/riscv-none-embed/8.2.0/../../../../riscv-none-embed/lib/rv32imacxw/ilp32\libg_nano.a(lib_a-makebuf.o)
 .debug_frame   0x00000000000027dc       0x40 d:/mounriver-mounriver_studio2/mounriver_studio2/resources/app/resources/win32/components/wch/toolchain/risc-v embedded gcc/bin/../lib/gcc/riscv-none-embed/8.2.0/../../../../riscv-none-embed/lib/rv32imacxw/ilp32\libg_nano.a(lib_a-nano-freer.o)
 .debug_frame   0x000000000000281c       0x40 d:/mounriver-mounriver_studio2/mounriver_studio2/resources/app/resources/win32/components/wch/toolchain/risc-v embedded gcc/bin/../lib/gcc/riscv-none-embed/8.2.0/../../../../riscv-none-embed/lib/rv32imacxw/ilp32\libg_nano.a(lib_a-nano-mallocr.o)
 .debug_frame   0x000000000000285c       0xd0 d:/mounriver-mounriver_studio2/mounriver_studio2/resources/app/resources/win32/components/wch/toolchain/risc-v embedded gcc/bin/../lib/gcc/riscv-none-embed/8.2.0/../../../../riscv-none-embed/lib/rv32imacxw/ilp32\libg_nano.a(lib_a-nano-vfprintf.o)
 .debug_frame   0x000000000000292c       0x8c d:/mounriver-mounriver_studio2/mounriver_studio2/resources/app/resources/win32/components/wch/toolchain/risc-v embedded gcc/bin/../lib/gcc/riscv-none-embed/8.2.0/../../../../riscv-none-embed/lib/rv32imacxw/ilp32\libg_nano.a(lib_a-nano-vfprintf_i.o)
 .debug_frame   0x00000000000029b8       0x30 d:/mounriver-mounriver_studio2/mounriver_studio2/resources/app/resources/win32/components/wch/toolchain/risc-v embedded gcc/bin/../lib/gcc/riscv-none-embed/8.2.0/../../../../riscv-none-embed/lib/rv32imacxw/ilp32\libg_nano.a(lib_a-sbrkr.o)
 .debug_frame   0x00000000000029e8       0xa4 d:/mounriver-mounriver_studio2/mounriver_studio2/resources/app/resources/win32/components/wch/toolchain/risc-v embedded gcc/bin/../lib/gcc/riscv-none-embed/8.2.0/../../../../riscv-none-embed/lib/rv32imacxw/ilp32\libg_nano.a(lib_a-stdio.o)
 .debug_frame   0x0000000000002a8c       0x30 d:/mounriver-mounriver_studio2/mounriver_studio2/resources/app/resources/win32/components/wch/toolchain/risc-v embedded gcc/bin/../lib/gcc/riscv-none-embed/8.2.0/../../../../riscv-none-embed/lib/rv32imacxw/ilp32\libg_nano.a(lib_a-writer.o)
 .debug_frame   0x0000000000002abc       0x30 d:/mounriver-mounriver_studio2/mounriver_studio2/resources/app/resources/win32/components/wch/toolchain/risc-v embedded gcc/bin/../lib/gcc/riscv-none-embed/8.2.0/../../../../riscv-none-embed/lib/rv32imacxw/ilp32\libg_nano.a(lib_a-closer.o)
 .debug_frame   0x0000000000002aec       0x30 d:/mounriver-mounriver_studio2/mounriver_studio2/resources/app/resources/win32/components/wch/toolchain/risc-v embedded gcc/bin/../lib/gcc/riscv-none-embed/8.2.0/../../../../riscv-none-embed/lib/rv32imacxw/ilp32\libg_nano.a(lib_a-fstatr.o)
 .debug_frame   0x0000000000002b1c       0x30 d:/mounriver-mounriver_studio2/mounriver_studio2/resources/app/resources/win32/components/wch/toolchain/risc-v embedded gcc/bin/../lib/gcc/riscv-none-embed/8.2.0/../../../../riscv-none-embed/lib/rv32imacxw/ilp32\libg_nano.a(lib_a-isattyr.o)
 .debug_frame   0x0000000000002b4c       0x30 d:/mounriver-mounriver_studio2/mounriver_studio2/resources/app/resources/win32/components/wch/toolchain/risc-v embedded gcc/bin/../lib/gcc/riscv-none-embed/8.2.0/../../../../riscv-none-embed/lib/rv32imacxw/ilp32\libg_nano.a(lib_a-lseekr.o)
 .debug_frame   0x0000000000002b7c       0x30 d:/mounriver-mounriver_studio2/mounriver_studio2/resources/app/resources/win32/components/wch/toolchain/risc-v embedded gcc/bin/../lib/gcc/riscv-none-embed/8.2.0/../../../../riscv-none-embed/lib/rv32imacxw/ilp32\libg_nano.a(lib_a-mlock.o)
 .debug_frame   0x0000000000002bac       0x30 d:/mounriver-mounriver_studio2/mounriver_studio2/resources/app/resources/win32/components/wch/toolchain/risc-v embedded gcc/bin/../lib/gcc/riscv-none-embed/8.2.0/../../../../riscv-none-embed/lib/rv32imacxw/ilp32\libg_nano.a(lib_a-readr.o)
 .debug_frame   0x0000000000002bdc       0x70 d:/mounriver-mounriver_studio2/mounriver_studio2/resources/app/resources/win32/components/wch/toolchain/risc-v embedded gcc/bin/../lib/gcc/riscv-none-embed/8.2.0/../../../../riscv-none-embed/lib/rv32imacxw/ilp32\libg_nano.a(lib_a-reent.o)